Archive member included to satisfy reference by file (symbol)

D:/Software/STMicroelectronics/STM32CubeIDE_1.18.1/STM32CubeIDE/plugins/com.st.stm32cube.ide.mcu.externaltools.gnu-tools-for-stm32.13.3.rel1.win32_1.0.0.202411081344/tools/bin/../lib/gcc/arm-none-eabi/13.3.1/../../../../arm-none-eabi/lib/thumb/v7e-m+fp/hard\libc_nano.a(libc_a-exit.o)
                              D:/Software/STMicroelectronics/STM32CubeIDE_1.18.1/STM32CubeIDE/plugins/com.st.stm32cube.ide.mcu.externaltools.gnu-tools-for-stm32.13.3.rel1.win32_1.0.0.202411081344/tools/bin/../lib/gcc/arm-none-eabi/13.3.1/../../../../arm-none-eabi/lib/thumb/v7e-m+fp/hard/crt0.o (exit)
D:/Software/STMicroelectronics/STM32CubeIDE_1.18.1/STM32CubeIDE/plugins/com.st.stm32cube.ide.mcu.externaltools.gnu-tools-for-stm32.13.3.rel1.win32_1.0.0.202411081344/tools/bin/../lib/gcc/arm-none-eabi/13.3.1/../../../../arm-none-eabi/lib/thumb/v7e-m+fp/hard\libc_nano.a(libc_a-findfp.o)
                              D:/Software/STMicroelectronics/STM32CubeIDE_1.18.1/STM32CubeIDE/plugins/com.st.stm32cube.ide.mcu.externaltools.gnu-tools-for-stm32.13.3.rel1.win32_1.0.0.202411081344/tools/bin/../lib/gcc/arm-none-eabi/13.3.1/../../../../arm-none-eabi/lib/thumb/v7e-m+fp/hard\libc_nano.a(libc_a-exit.o) (__stdio_exit_handler)
D:/Software/STMicroelectronics/STM32CubeIDE_1.18.1/STM32CubeIDE/plugins/com.st.stm32cube.ide.mcu.externaltools.gnu-tools-for-stm32.13.3.rel1.win32_1.0.0.202411081344/tools/bin/../lib/gcc/arm-none-eabi/13.3.1/../../../../arm-none-eabi/lib/thumb/v7e-m+fp/hard\libc_nano.a(libc_a-fwalk.o)
                              D:/Software/STMicroelectronics/STM32CubeIDE_1.18.1/STM32CubeIDE/plugins/com.st.stm32cube.ide.mcu.externaltools.gnu-tools-for-stm32.13.3.rel1.win32_1.0.0.202411081344/tools/bin/../lib/gcc/arm-none-eabi/13.3.1/../../../../arm-none-eabi/lib/thumb/v7e-m+fp/hard\libc_nano.a(libc_a-findfp.o) (_fwalk_sglue)
D:/Software/STMicroelectronics/STM32CubeIDE_1.18.1/STM32CubeIDE/plugins/com.st.stm32cube.ide.mcu.externaltools.gnu-tools-for-stm32.13.3.rel1.win32_1.0.0.202411081344/tools/bin/../lib/gcc/arm-none-eabi/13.3.1/../../../../arm-none-eabi/lib/thumb/v7e-m+fp/hard\libc_nano.a(libc_a-snprintf.o)
                              ./Middlewares/Composite/USB/COMPOSITE/COMPOSITE/usbd_composite.o (snprintf)
D:/Software/STMicroelectronics/STM32CubeIDE_1.18.1/STM32CubeIDE/plugins/com.st.stm32cube.ide.mcu.externaltools.gnu-tools-for-stm32.13.3.rel1.win32_1.0.0.202411081344/tools/bin/../lib/gcc/arm-none-eabi/13.3.1/../../../../arm-none-eabi/lib/thumb/v7e-m+fp/hard\libc_nano.a(libc_a-sprintf.o)
                              ./Application/User/Core/freertos.o (sprintf)
D:/Software/STMicroelectronics/STM32CubeIDE_1.18.1/STM32CubeIDE/plugins/com.st.stm32cube.ide.mcu.externaltools.gnu-tools-for-stm32.13.3.rel1.win32_1.0.0.202411081344/tools/bin/../lib/gcc/arm-none-eabi/13.3.1/../../../../arm-none-eabi/lib/thumb/v7e-m+fp/hard\libc_nano.a(libc_a-stdio.o)
                              D:/Software/STMicroelectronics/STM32CubeIDE_1.18.1/STM32CubeIDE/plugins/com.st.stm32cube.ide.mcu.externaltools.gnu-tools-for-stm32.13.3.rel1.win32_1.0.0.202411081344/tools/bin/../lib/gcc/arm-none-eabi/13.3.1/../../../../arm-none-eabi/lib/thumb/v7e-m+fp/hard\libc_nano.a(libc_a-findfp.o) (__sread)
D:/Software/STMicroelectronics/STM32CubeIDE_1.18.1/STM32CubeIDE/plugins/com.st.stm32cube.ide.mcu.externaltools.gnu-tools-for-stm32.13.3.rel1.win32_1.0.0.202411081344/tools/bin/../lib/gcc/arm-none-eabi/13.3.1/../../../../arm-none-eabi/lib/thumb/v7e-m+fp/hard\libc_nano.a(libc_a-memset.o)
                              D:/Software/STMicroelectronics/STM32CubeIDE_1.18.1/STM32CubeIDE/plugins/com.st.stm32cube.ide.mcu.externaltools.gnu-tools-for-stm32.13.3.rel1.win32_1.0.0.202411081344/tools/bin/../lib/gcc/arm-none-eabi/13.3.1/../../../../arm-none-eabi/lib/thumb/v7e-m+fp/hard/crt0.o (memset)
D:/Software/STMicroelectronics/STM32CubeIDE_1.18.1/STM32CubeIDE/plugins/com.st.stm32cube.ide.mcu.externaltools.gnu-tools-for-stm32.13.3.rel1.win32_1.0.0.202411081344/tools/bin/../lib/gcc/arm-none-eabi/13.3.1/../../../../arm-none-eabi/lib/thumb/v7e-m+fp/hard\libc_nano.a(libc_a-closer.o)
                              D:/Software/STMicroelectronics/STM32CubeIDE_1.18.1/STM32CubeIDE/plugins/com.st.stm32cube.ide.mcu.externaltools.gnu-tools-for-stm32.13.3.rel1.win32_1.0.0.202411081344/tools/bin/../lib/gcc/arm-none-eabi/13.3.1/../../../../arm-none-eabi/lib/thumb/v7e-m+fp/hard\libc_nano.a(libc_a-stdio.o) (_close_r)
D:/Software/STMicroelectronics/STM32CubeIDE_1.18.1/STM32CubeIDE/plugins/com.st.stm32cube.ide.mcu.externaltools.gnu-tools-for-stm32.13.3.rel1.win32_1.0.0.202411081344/tools/bin/../lib/gcc/arm-none-eabi/13.3.1/../../../../arm-none-eabi/lib/thumb/v7e-m+fp/hard\libc_nano.a(libc_a-reent.o)
[...]
Memory Configuration

Name             Origin             Length             Attributes
RAM              0x20000000         0x00010000         xrw
FLASH            0x08000000         0x00040000         xr
*default*        0x00000000         0xffffffff

Linker script and memory map

LOAD D:/Software/STMicroelectronics/STM32CubeIDE_1.18.1/STM32CubeIDE/plugins/com.st.stm32cube.ide.mcu.externaltools.gnu-tools-for-stm32.13.3.rel1.win32_1.0.0.202411081344/tools/bin/../lib/gcc/arm-none-eabi/13.3.1/thumb/v7e-m+fp/hard/crti.o
LOAD D:/Software/STMicroelectronics/STM32CubeIDE_1.18.1/STM32CubeIDE/plugins/com.st.stm32cube.ide.mcu.externaltools.gnu-tools-for-stm32.13.3.rel1.win32_1.0.0.202411081344/tools/bin/../lib/gcc/arm-none-eabi/13.3.1/thumb/v7e-m+fp/hard/crtbegin.o
LOAD D:/Software/STMicroelectronics/STM32CubeIDE_1.18.1/STM32CubeIDE/plugins/com.st.stm32cube.ide.mcu.externaltools.gnu-tools-for-stm32.13.3.rel1.win32_1.0.0.202411081344/tools/bin/../lib/gcc/arm-none-eabi/13.3.1/../../../../arm-none-eabi/lib/thumb/v7e-m+fp/hard/crt0.o
LOAD ./Application/User/Core/adc.o
LOAD ./Application/User/Core/crc.o
LOAD ./Application/User/Core/dma.o
LOAD ./Application/User/Core/freertos.o
LOAD ./Application/User/Core/gpio.o
LOAD ./Application/User/Core/i2c.o
LOAD ./Application/User/Core/main.o
LOAD ./Application/User/Core/spi.o
LOAD ./Application/User/Core/stm32f4xx_hal_msp.o
LOAD ./Application/User/Core/stm32f4xx_hal_timebase_tim.o
LOAD ./Application/User/Core/stm32f4xx_it.o
LOAD ./Application/User/Core/syscalls.o
LOAD ./Application/User/Core/sysmem.o
LOAD ./Application/User/Core/usart.o
LOAD ./Application/User/Core/usb_otg.o
LOAD ./Application/User/Startup/startup_stm32f401rctx.o
LOAD ./Drivers/CMSIS/system_stm32f4xx.o
LOAD ./Drivers/STM32F4xx_HAL_Driver/stm32f4xx_hal.o
LOAD ./Drivers/STM32F4xx_HAL_Driver/stm32f4xx_hal_adc.o
LOAD ./Drivers/STM32F4xx_HAL_Driver/stm32f4xx_hal_adc_ex.o
LOAD ./Drivers/STM32F4xx_HAL_Driver/stm32f4xx_hal_cortex.o
LOAD ./Drivers/STM32F4xx_HAL_Driver/stm32f4xx_hal_crc.o
LOAD ./Drivers/STM32F4xx_HAL_Driver/stm32f4xx_hal_dma.o
LOAD ./Drivers/STM32F4xx_HAL_Driver/stm32f4xx_hal_dma_ex.o
LOAD ./Drivers/STM32F4xx_HAL_Driver/stm32f4xx_hal_exti.o
LOAD ./Drivers/STM32F4xx_HAL_Driver/stm32f4xx_hal_flash.o
LOAD ./Drivers/STM32F4xx_HAL_Driver/stm32f4xx_hal_flash_ex.o
LOAD ./Drivers/STM32F4xx_HAL_Driver/stm32f4xx_hal_flash_ramfunc.o
LOAD ./Drivers/STM32F4xx_HAL_Driver/stm32f4xx_hal_gpio.o
LOAD ./Drivers/STM32F4xx_HAL_Driver/stm32f4xx_hal_i2c.o
LOAD ./Drivers/STM32F4xx_HAL_Driver/stm32f4xx_hal_i2c_ex.o
LOAD ./Drivers/STM32F4xx_HAL_Driver/stm32f4xx_hal_pcd.o
LOAD ./Drivers/STM32F4xx_HAL_Driver/stm32f4xx_hal_pcd_ex.o
LOAD ./Drivers/STM32F4xx_HAL_Driver/stm32f4xx_hal_pwr.o
LOAD ./Drivers/STM32F4xx_HAL_Driver/stm32f4xx_hal_pwr_ex.o
LOAD ./Drivers/STM32F4xx_HAL_Driver/stm32f4xx_hal_rcc.o
LOAD ./Drivers/STM32F4xx_HAL_Driver/stm32f4xx_hal_rcc_ex.o
LOAD ./Drivers/STM32F4xx_HAL_Driver/stm32f4xx_hal_spi.o
LOAD ./Drivers/STM32F4xx_HAL_Driver/stm32f4xx_hal_tim.o
LOAD ./Drivers/STM32F4xx_HAL_Driver/stm32f4xx_hal_tim_ex.o
LOAD ./Drivers/STM32F4xx_HAL_Driver/stm32f4xx_hal_uart.o
LOAD ./Drivers/STM32F4xx_HAL_Driver/stm32f4xx_ll_adc.o
LOAD ./Drivers/STM32F4xx_HAL_Driver/stm32f4xx_ll_usb.o
LOAD ./HARDWARE/LCD/lcd.o
LOAD ./HARDWARE/LCD/lcd_init.o
LOAD ./KeyScan/KeyScan.o
LOAD ./KeyScan/Layout.o
LOAD ./Middlewares/Composite/USB/COMPOSITE/CDC_ACM/usbd_cdc_acm.o
LOAD ./Middlewares/Composite/USB/COMPOSITE/CDC_ACM/usbd_cdc_acm_if.o
LOAD ./Middlewares/Composite/USB/COMPOSITE/COMPOSITE/usbd_composite.o
LOAD ./Middlewares/Composite/USB/COMPOSITE/Core/usb_device.o
LOAD ./Middlewares/Composite/USB/COMPOSITE/Core/usbd_conf.o
LOAD ./Middlewares/Composite/USB/COMPOSITE/Core/usbd_core.o
LOAD ./Middlewares/Composite/USB/COMPOSITE/Core/usbd_ctlreq.o
LOAD ./Middlewares/Composite/USB/COMPOSITE/Core/usbd_desc.o
LOAD ./Middlewares/Composite/USB/COMPOSITE/Core/usbd_ioreq.o
LOAD ./Middlewares/Composite/USB/COMPOSITE/HID_CUSTOM/usbd_hid_custom.o
LOAD ./Middlewares/Composite/USB/COMPOSITE/HID_CUSTOM/usbd_hid_custom_if.o
LOAD ./Middlewares/FreeRTOS/cmsis_os2.o
LOAD ./Middlewares/FreeRTOS/croutine.o
LOAD ./Middlewares/FreeRTOS/event_groups.o
LOAD ./Middlewares/FreeRTOS/heap_4.o
LOAD ./Middlewares/FreeRTOS/list.o
LOAD ./Middlewares/FreeRTOS/port.o
LOAD ./Middlewares/FreeRTOS/queue.o
LOAD ./Middlewares/FreeRTOS/stream_buffer.o
LOAD ./Middlewares/FreeRTOS/tasks.o
LOAD ./Middlewares/FreeRTOS/timers.o
START GROUP
LOAD D:/Software/STMicroelectronics/STM32CubeIDE_1.18.1/STM32CubeIDE/plugins/com.st.stm32cube.ide.mcu.externaltools.gnu-tools-for-stm32.13.3.rel1.win32_1.0.0.202411081344/tools/bin/../lib/gcc/arm-none-eabi/13.3.1/../../../../arm-none-eabi/lib/thumb/v7e-m+fp/hard\libc_nano.a
LOAD D:/Software/STMicroelectronics/STM32CubeIDE_1.18.1/STM32CubeIDE/plugins/com.st.stm32cube.ide.mcu.externaltools.gnu-tools-for-stm32.13.3.rel1.win32_1.0.0.202411081344/tools/bin/../lib/gcc/arm-none-eabi/13.3.1/../../../../arm-none-eabi/lib/thumb/v7e-m+fp/hard\libm.a
END GROUP
START GROUP
LOAD D:/Software/STMicroelectronics/STM32CubeIDE_1.18.1/STM32CubeIDE/plugins/com.st.stm32cube.ide.mcu.externaltools.gnu-tools-for-stm32.13.3.rel1.win32_1.0.0.202411081344/tools/bin/../lib/gcc/arm-none-eabi/13.3.1/thumb/v7e-m+fp/hard\libgcc.a
LOAD D:/Software/STMicroelectronics/STM32CubeIDE_1.18.1/STM32CubeIDE/plugins/com.st.stm32cube.ide.mcu.externaltools.gnu-tools-for-stm32.13.3.rel1.win32_1.0.0.202411081344/tools/bin/../lib/gcc/arm-none-eabi/13.3.1/../../../../arm-none-eabi/lib/thumb/v7e-m+fp/hard\libc_nano.a
END GROUP
START GROUP
LOAD D:/Software/STMicroelectronics/STM32CubeIDE_1.18.1/STM32CubeIDE/plugins/com.st.stm32cube.ide.mcu.externaltools.gnu-tools-for-stm32.13.3.rel1.win32_1.0.0.202411081344/tools/bin/../lib/gcc/arm-none-eabi/13.3.1/thumb/v7e-m+fp/hard\libgcc.a
LOAD D:/Software/STMicroelectronics/STM32CubeIDE_1.18.1/STM32CubeIDE/plugins/com.st.stm32cube.ide.mcu.externaltools.gnu-tools-for-stm32.13.3.rel1.win32_1.0.0.202411081344/tools/bin/../lib/gcc/arm-none-eabi/13.3.1/../../../../arm-none-eabi/lib/thumb/v7e-m+fp/hard\libc_nano.a
LOAD D:/Software/STMicroelectronics/STM32CubeIDE_1.18.1/STM32CubeIDE/plugins/com.st.stm32cube.ide.mcu.externaltools.gnu-tools-for-stm32.13.3.rel1.win32_1.0.0.202411081344/tools/bin/../lib/gcc/arm-none-eabi/13.3.1/../../../../arm-none-eabi/lib/thumb/v7e-m+fp/hard\libnosys.a
END GROUP
START GROUP
LOAD D:/Software/STMicroelectronics/STM32CubeIDE_1.18.1/STM32CubeIDE/plugins/com.st.stm32cube.ide.mcu.externaltools.gnu-tools-for-stm32.13.3.rel1.win32_1.0.0.202411081344/tools/bin/../lib/gcc/arm-none-eabi/13.3.1/thumb/v7e-m+fp/hard\libgcc.a
LOAD D:/Software/STMicroelectronics/STM32CubeIDE_1.18.1/STM32CubeIDE/plugins/com.st.stm32cube.ide.mcu.externaltools.gnu-tools-for-stm32.13.3.rel1.win32_1.0.0.202411081344/tools/bin/../lib/gcc/arm-none-eabi/13.3.1/../../../../arm-none-eabi/lib/thumb/v7e-m+fp/hard\libc_nano.a
LOAD D:/Software/STMicroelectronics/STM32CubeIDE_1.18.1/STM32CubeIDE/plugins/com.st.stm32cube.ide.mcu.externaltools.gnu-tools-for-stm32.13.3.rel1.win32_1.0.0.202411081344/tools/bin/../lib/gcc/arm-none-eabi/13.3.1/../../../../arm-none-eabi/lib/thumb/v7e-m+fp/hard\libnosys.a
END GROUP
LOAD D:/Software/STMicroelectronics/STM32CubeIDE_1.18.1/STM32CubeIDE/plugins/com.st.stm32cube.ide.mcu.externaltools.gnu-tools-for-stm32.13.3.rel1.win32_1.0.0.202411081344/tools/bin/../lib/gcc/arm-none-eabi/13.3.1/thumb/v7e-m+fp/hard/crtend.o
LOAD D:/Software/STMicroelectronics/STM32CubeIDE_1.18.1/STM32CubeIDE/plugins/com.st.stm32cube.ide.mcu.externaltools.gnu-tools-for-stm32.13.3.rel1.win32_1.0.0.202411081344/tools/bin/../lib/gcc/arm-none-eabi/13.3.1/thumb/v7e-m+fp/hard/crtn.o
                0x20010000                        _estack = (ORIGIN (RAM) + LENGTH (RAM))
                0x00000600                        _Min_Heap_Size = 0x600
                0x00000800                        _Min_Stack_Size = 0x800

.isr_vector     0x08000000      0x194
                0x08000000                        . = ALIGN (0x4)
 *(.isr_vector)
 .isr_vector    0x08000000      0x194 ./Application/User/Startup/startup_stm32f401rctx.o
                0x08000000                g_pfnVectors
                0x08000194                        . = ALIGN (0x4)

.text           0x080001a0     0xa598
                0x080001a0                        . = ALIGN (0x4)
 *(.text)
 .text          0x080001a0       0x40 D:/Software/STMicroelectronics/STM32CubeIDE_1.18.1/STM32CubeIDE/plugins/com.st.stm32cube.ide.mcu.externaltools.gnu-tools-for-stm32.13.3.rel1.win32_1.0.0.202411081344/tools/bin/../lib/gcc/arm-none-eabi/13.3.1/thumb/v7e-m+fp/hard/crtbegin.o
 .text          0x080001e0       0x10 D:/Software/STMicroelectronics/STM32CubeIDE_1.18.1/STM32CubeIDE/plugins/com.st.stm32cube.ide.mcu.externaltools.gnu-tools-for-stm32.13.3.rel1.win32_1.0.0.202411081344/tools/bin/../lib/gcc/arm-none-eabi/13.3.1/../../../../arm-none-eabi/lib/thumb/v7e-m+fp/hard\libc_nano.a(libc_a-strlen.o)
                0x080001e0                strlen
 .text          0x080001f0       0xa0 D:/Software/STMicroelectronics/STM32CubeIDE_1.18.1/STM32CubeIDE/plugins/com.st.stm32cube.ide.mcu.externaltools.gnu-tools-for-stm32.13.3.rel1.win32_1.0.0.202411081344/tools/bin/../lib/gcc/arm-none-eabi/13.3.1/../../../../arm-none-eabi/lib/thumb/v7e-m+fp/hard\libc_nano.a(libc_a-memchr.o)
                0x080001f0                memchr
 .text          0x08000290       0x30 D:/Software/STMicroelectronics/STM32CubeIDE_1.18.1/STM32CubeIDE/plugins/com.st.stm32cube.ide.mcu.externaltools.gnu-tools-for-stm32.13.3.rel1.win32_1.0.0.202411081344/tools/bin/../lib/gcc/arm-none-eabi/13.3.1/thumb/v7e-m+fp/hard\libgcc.a(_aeabi_uldivmod.o)
                0x08000290                __aeabi_uldivmod
 .text          0x080002c0      0x2f8 D:/Software/STMicroelectronics/STM32CubeIDE_1.18.1/STM32CubeIDE/plugins/com.st.stm32cube.ide.mcu.externaltools.gnu-tools-for-stm32.13.3.rel1.win32_1.0.0.202411081344/tools/bin/../lib/gcc/arm-none-eabi/13.3.1/thumb/v7e-m+fp/hard\libgcc.a(_udivmoddi4.o)
                0x080002c0                __udivmoddi4
 .text          0x080005b8        0x4 D:/Software/STMicroelectronics/STM32CubeIDE_1.18.1/STM32CubeIDE/plugins/com.st.stm32cube.ide.mcu.externaltools.gnu-tools-for-stm32.13.3.rel1.win32_1.0.0.202411081344/tools/bin/../lib/gcc/arm-none-eabi/13.3.1/thumb/v7e-m+fp/hard\libgcc.a(_dvmd_tls.o)
                0x080005b8                __aeabi_idiv0
                0x080005b8                __aeabi_ldiv0
 *(.text*)
 .text.MX_ADC1_Init
                0x080005bc       0x68 ./Application/User/Core/adc.o
                0x080005bc                MX_ADC1_Init
 .text.HAL_ADC_MspInit
                0x08000624       0x30 ./Application/User/Core/adc.o
                0x08000624                HAL_ADC_MspInit
 .text.MX_CRC_Init
                0x08000654       0x20 ./Application/User/Core/crc.o
                0x08000654                MX_CRC_Init
 .text.HAL_CRC_MspInit
                0x08000674       0x30 ./Application/User/Core/crc.o
                0x08000674                HAL_CRC_MspInit
 .text.MX_DMA_Init
                0x080006a4      0x110 ./Application/User/Core/dma.o
                0x080006a4                MX_DMA_Init
 .text.Start_KeyScan_Task
                0x080007b4       0x38 ./Application/User/Core/freertos.o
                0x080007b4                Start_KeyScan_Task
 .text.DRAW_FRAME.part.0
                0x080007ec       0x98 ./Application/User/Core/freertos.o
 .text.MX_FREERTOS_Init
                0x08000884       0x54 ./Application/User/Core/freertos.o
                0x08000884                MX_FREERTOS_Init
 .text.DRAW_DATA
                0x080008d8      0x170 ./Application/User/Core/freertos.o
                0x080008d8                DRAW_DATA
 .text.Start_LED_Task
                0x08000a48       0x70 ./Application/User/Core/freertos.o
                0x08000a48                Start_LED_Task
 .text.zuart_tx_process
                0x08000ab8       0xe4 ./Application/User/Core/freertos.o
                0x08000ab8                zuart_tx_process
 .text.StartDefaultTask
                0x08000b9c       0x74 ./Application/User/Core/freertos.o
                0x08000b9c                StartDefaultTask
 .text.MX_GPIO_Init
                0x08000c10      0x1d0 ./Application/User/Core/gpio.o
                0x08000c10                MX_GPIO_Init
 .text.MX_I2C3_Init
                0x08000de0       0x3c ./Application/User/Core/i2c.o
                0x08000de0                MX_I2C3_Init
 .text.HAL_I2C_MspInit
                0x08000e1c      0x130 ./Application/User/Core/i2c.o
                0x08000e1c                HAL_I2C_MspInit
 .text.SystemClock_Config
                0x08000f4c       0xa8 ./Application/User/Core/main.o
                0x08000f4c                SystemClock_Config
 .text.startup.main
                0x08000ff4       0x64 ./Application/User/Core/main.o
                0x08000ff4                main
 .text.HAL_TIM_PeriodElapsedCallback
                0x08001058       0x14 ./Application/User/Core/main.o
                0x08001058                HAL_TIM_PeriodElapsedCallback
 .text.Error_Handler
                0x0800106c        0x4 ./Application/User/Core/main.o
                0x0800106c                Error_Handler
 .text.assert_failed
                0x08001070        0x2 ./Application/User/Core/main.o
                0x08001070                assert_failed
 *fill*         0x08001072        0x2 
 .text.MX_SPI2_Init
                0x08001074       0x48 ./Application/User/Core/spi.o
                0x08001074                MX_SPI2_Init
 .text.HAL_SPI_MspInit
                0x080010bc       0xa4 ./Application/User/Core/spi.o
                0x080010bc                HAL_SPI_MspInit
 .text.HAL_MspInit
                0x08001160       0x40 ./Application/User/Core/stm32f4xx_hal_msp.o
                0x08001160                HAL_MspInit
 .text.HAL_InitTick
                0x080011a0       0x90 ./Application/User/Core/stm32f4xx_hal_timebase_tim.o
                0x080011a0                HAL_InitTick
 .text.NMI_Handler
                0x08001230        0x2 ./Application/User/Core/stm32f4xx_it.o
                0x08001230                NMI_Handler
 .text.HardFault_Handler
                0x08001232        0x2 ./Application/User/Core/stm32f4xx_it.o
                0x08001232                HardFault_Handler
 .text.MemManage_Handler
                0x08001234        0x2 ./Application/User/Core/stm32f4xx_it.o
                0x08001234                MemManage_Handler
 .text.BusFault_Handler
                0x08001236        0x2 ./Application/User/Core/stm32f4xx_it.o
                0x08001236                BusFault_Handler
 .text.UsageFault_Handler
                0x08001238        0x2 ./Application/User/Core/stm32f4xx_it.o
                0x08001238                UsageFault_Handler
 .text.DebugMon_Handler
                0x0800123a        0x2 ./Application/User/Core/stm32f4xx_it.o
                0x0800123a                DebugMon_Handler
 .text.DMA1_Stream1_IRQHandler
                0x0800123c        0xc ./Application/User/Core/stm32f4xx_it.o
                0x0800123c                DMA1_Stream1_IRQHandler
 .text.DMA1_Stream4_IRQHandler
                0x08001248        0xc ./Application/User/Core/stm32f4xx_it.o
                0x08001248                DMA1_Stream4_IRQHandler
 .text.DMA1_Stream5_IRQHandler
                0x08001254        0xc ./Application/User/Core/stm32f4xx_it.o
                0x08001254                DMA1_Stream5_IRQHandler
 .text.TIM1_UP_TIM10_IRQHandler
                0x08001260        0xc ./Application/User/Core/stm32f4xx_it.o
                0x08001260                TIM1_UP_TIM10_IRQHandler
 .text.DMA2_Stream1_IRQHandler
                0x0800126c        0xc ./Application/User/Core/stm32f4xx_it.o
                0x0800126c                DMA2_Stream1_IRQHandler
 .text.OTG_FS_IRQHandler
                0x08001278        0xc ./Application/User/Core/stm32f4xx_it.o
                0x08001278                OTG_FS_IRQHandler
 .text.DMA2_Stream6_IRQHandler
                0x08001284        0xc ./Application/User/Core/stm32f4xx_it.o
                0x08001284                DMA2_Stream6_IRQHandler
 .text.USART6_IRQHandler
                0x08001290        0xc ./Application/User/Core/stm32f4xx_it.o
                0x08001290                USART6_IRQHandler
 .text.I2C3_EV_IRQHandler
                0x0800129c        0xc ./Application/User/Core/stm32f4xx_it.o
                0x0800129c                I2C3_EV_IRQHandler
 .text._sbrk    0x080012a8       0x40 ./Application/User/Core/sysmem.o
                0x080012a8                _sbrk
 .text.MX_USART6_UART_Init
                0x080012e8       0x38 ./Application/User/Core/usart.o
                0x080012e8                MX_USART6_UART_Init
 .text.HAL_UART_MspInit
                0x08001320       0xf8 ./Application/User/Core/usart.o
                0x08001320                HAL_UART_MspInit
 .text.HAL_UART_MspDeInit
                0x08001418       0x44 ./Application/User/Core/usart.o
                0x08001418                HAL_UART_MspDeInit
 .text.UpDateUart
                0x0800145c       0x30 ./Application/User/Core/usart.o
                0x0800145c                UpDateUart
 .text.HAL_UARTEx_RxEventCallback
                0x0800148c       0x98 ./Application/User/Core/usart.o
                0x0800148c                HAL_UARTEx_RxEventCallback
 .text.HAL_UART_TxCpltCallback
                0x08001524       0x18 ./Application/User/Core/usart.o
                0x08001524                HAL_UART_TxCpltCallback
 .text.MX_USB_OTG_FS_PCD_Init
                0x0800153c       0x38 ./Application/User/Core/usb_otg.o
                0x0800153c                MX_USB_OTG_FS_PCD_Init
 .text.HAL_PCD_MspInit
                0x08001574       0x84 ./Application/User/Core/usb_otg.o
                0x08001574                HAL_PCD_MspInit
 .text.Reset_Handler
                0x080015f8       0x50 ./Application/User/Startup/startup_stm32f401rctx.o
                0x080015f8                Reset_Handler
 .text.Default_Handler
                0x08001648        0x2 ./Application/User/Startup/startup_stm32f401rctx.o
                0x08001648                RTC_Alarm_IRQHandler
                0x08001648                EXTI2_IRQHandler
                0x08001648                SPI4_IRQHandler
                0x08001648                TIM1_CC_IRQHandler
                0x08001648                DMA2_Stream5_IRQHandler
                0x08001648                PVD_IRQHandler
                0x08001648                SDIO_IRQHandler
                0x08001648                TAMP_STAMP_IRQHandler
                0x08001648                EXTI3_IRQHandler
                0x08001648                I2C3_ER_IRQHandler
                0x08001648                EXTI0_IRQHandler
                0x08001648                I2C2_EV_IRQHandler
                0x08001648                DMA1_Stream2_IRQHandler
                0x08001648                FPU_IRQHandler
                0x08001648                DMA2_Stream2_IRQHandler
                0x08001648                SPI1_IRQHandler
                0x08001648                TIM1_BRK_TIM9_IRQHandler
                0x08001648                DMA2_Stream3_IRQHandler
                0x08001648                DMA2_Stream0_IRQHandler
                0x08001648                TIM4_IRQHandler
                0x08001648                I2C1_EV_IRQHandler
                0x08001648                DMA1_Stream6_IRQHandler
                0x08001648                TIM3_IRQHandler
                0x08001648                RCC_IRQHandler
                0x08001648                Default_Handler
                0x08001648                EXTI15_10_IRQHandler
                0x08001648                ADC_IRQHandler
                0x08001648                DMA1_Stream7_IRQHandler
                0x08001648                TIM5_IRQHandler
                0x08001648                DMA2_Stream7_IRQHandler
                0x08001648                EXTI9_5_IRQHandler
                0x08001648                RTC_WKUP_IRQHandler
                0x08001648                SPI2_IRQHandler
                0x08001648                DMA1_Stream0_IRQHandler
                0x08001648                EXTI4_IRQHandler
                0x08001648                WWDG_IRQHandler
                0x08001648                TIM2_IRQHandler
                0x08001648                OTG_FS_WKUP_IRQHandler
                0x08001648                TIM1_TRG_COM_TIM11_IRQHandler
                0x08001648                EXTI1_IRQHandler
                0x08001648                USART2_IRQHandler
                0x08001648                I2C2_ER_IRQHandler
                0x08001648                FLASH_IRQHandler
                0x08001648                DMA2_Stream4_IRQHandler
                0x08001648                USART1_IRQHandler
                0x08001648                SPI3_IRQHandler
                0x08001648                I2C1_ER_IRQHandler
                0x08001648                DMA1_Stream3_IRQHandler
 *fill*         0x0800164a        0x2 
 .text.SystemInit
                0x0800164c       0x14 ./Drivers/CMSIS/system_stm32f4xx.o
                0x0800164c                SystemInit
 .text.HAL_Init
                0x08001660       0x34 ./Drivers/STM32F4xx_HAL_Driver/stm32f4xx_hal.o
                0x08001660                HAL_Init
 .text.HAL_IncTick
                0x08001694       0x18 ./Drivers/STM32F4xx_HAL_Driver/stm32f4xx_hal.o
                0x08001694                HAL_IncTick
 .text.HAL_GetTick
                0x080016ac        0xc ./Drivers/STM32F4xx_HAL_Driver/stm32f4xx_hal.o
                0x080016ac                HAL_GetTick
 .text.HAL_Delay
                0x080016b8       0x28 ./Drivers/STM32F4xx_HAL_Driver/stm32f4xx_hal.o
                0x080016b8                HAL_Delay
 .text.HAL_ADC_Init
                0x080016e0      0x26c ./Drivers/STM32F4xx_HAL_Driver/stm32f4xx_hal_adc.o
                0x080016e0                HAL_ADC_Init
 .text.HAL_ADC_ConfigChannel
                0x0800194c      0x158 ./Drivers/STM32F4xx_HAL_Driver/stm32f4xx_hal_adc.o
                0x0800194c                HAL_ADC_ConfigChannel
 .text.HAL_NVIC_SetPriorityGrouping
                0x08001aa4       0x3c ./Drivers/STM32F4xx_HAL_Driver/stm32f4xx_hal_cortex.o
                0x08001aa4                HAL_NVIC_SetPriorityGrouping
 .text.HAL_NVIC_SetPriority
                0x08001ae0       0x84 ./Drivers/STM32F4xx_HAL_Driver/stm32f4xx_hal_cortex.o
                0x08001ae0                HAL_NVIC_SetPriority
 .text.HAL_NVIC_EnableIRQ
                0x08001b64       0x28 ./Drivers/STM32F4xx_HAL_Driver/stm32f4xx_hal_cortex.o
                0x08001b64                HAL_NVIC_EnableIRQ
 .text.HAL_NVIC_DisableIRQ
                0x08001b8c       0x30 ./Drivers/STM32F4xx_HAL_Driver/stm32f4xx_hal_cortex.o
                0x08001b8c                HAL_NVIC_DisableIRQ
 .text.HAL_CRC_Init
                0x08001bbc       0x3c ./Drivers/STM32F4xx_HAL_Driver/stm32f4xx_hal_crc.o
                0x08001bbc                HAL_CRC_Init
 .text.DMA_CalcBaseAndBitshift
                0x08001bf8       0x2c ./Drivers/STM32F4xx_HAL_Driver/stm32f4xx_hal_dma.o
 .text.HAL_DMA_Init
                0x08001c24      0x254 ./Drivers/STM32F4xx_HAL_Driver/stm32f4xx_hal_dma.o
                0x08001c24                HAL_DMA_Init
 .text.HAL_DMA_DeInit
                0x08001e78       0xd0 ./Drivers/STM32F4xx_HAL_Driver/stm32f4xx_hal_dma.o
                0x08001e78                HAL_DMA_DeInit
 .text.HAL_DMA_Start_IT
                0x08001f48       0x9c ./Drivers/STM32F4xx_HAL_Driver/stm32f4xx_hal_dma.o
                0x08001f48                HAL_DMA_Start_IT
 .text.HAL_DMA_Abort
                0x08001fe4       0x7c ./Drivers/STM32F4xx_HAL_Driver/stm32f4xx_hal_dma.o
                0x08001fe4                HAL_DMA_Abort
 .text.HAL_DMA_Abort_IT
                0x08002060       0x24 ./Drivers/STM32F4xx_HAL_Driver/stm32f4xx_hal_dma.o
                0x08002060                HAL_DMA_Abort_IT
 .text.HAL_DMA_IRQHandler
                0x08002084      0x17c ./Drivers/STM32F4xx_HAL_Driver/stm32f4xx_hal_dma.o
                0x08002084                HAL_DMA_IRQHandler
 .text.HAL_DMA_GetState
                0x08002200        0x6 ./Drivers/STM32F4xx_HAL_Driver/stm32f4xx_hal_dma.o
                0x08002200                HAL_DMA_GetState
 *fill*         0x08002206        0x2 
 .text.HAL_GPIO_Init
                0x08002208      0x270 ./Drivers/STM32F4xx_HAL_Driver/stm32f4xx_hal_gpio.o
                0x08002208                HAL_GPIO_Init
 .text.HAL_GPIO_DeInit
                0x08002478      0x138 ./Drivers/STM32F4xx_HAL_Driver/stm32f4xx_hal_gpio.o
                0x08002478                HAL_GPIO_DeInit
 .text.HAL_GPIO_ReadPin
                0x080025b0       0x24 ./Drivers/STM32F4xx_HAL_Driver/stm32f4xx_hal_gpio.o
                0x080025b0                HAL_GPIO_ReadPin
 .text.HAL_GPIO_WritePin
                0x080025d4       0x34 ./Drivers/STM32F4xx_HAL_Driver/stm32f4xx_hal_gpio.o
                0x080025d4                HAL_GPIO_WritePin
 .text.HAL_GPIO_TogglePin
                0x08002608       0x28 ./Drivers/STM32F4xx_HAL_Driver/stm32f4xx_hal_gpio.o
                0x08002608                HAL_GPIO_TogglePin
 .text.HAL_I2C_Init
                0x08002630      0x218 ./Drivers/STM32F4xx_HAL_Driver/stm32f4xx_hal_i2c.o
                0x08002630                HAL_I2C_Init
 .text.HAL_I2C_MasterTxCpltCallback
                0x08002848        0x2 ./Drivers/STM32F4xx_HAL_Driver/stm32f4xx_hal_i2c.o
                0x08002848                HAL_I2C_MasterTxCpltCallback
 .text.HAL_I2C_MasterRxCpltCallback
                0x0800284a        0x2 ./Drivers/STM32F4xx_HAL_Driver/stm32f4xx_hal_i2c.o
                0x0800284a                HAL_I2C_MasterRxCpltCallback
 .text.HAL_I2C_SlaveTxCpltCallback
                0x0800284c        0x2 ./Drivers/STM32F4xx_HAL_Driver/stm32f4xx_hal_i2c.o
                0x0800284c                HAL_I2C_SlaveTxCpltCallback
 .text.HAL_I2C_SlaveRxCpltCallback
                0x0800284e        0x2 ./Drivers/STM32F4xx_HAL_Driver/stm32f4xx_hal_i2c.o
                0x0800284e                HAL_I2C_SlaveRxCpltCallback
 .text.HAL_I2C_AddrCallback
                0x08002850        0x2 ./Drivers/STM32F4xx_HAL_Driver/stm32f4xx_hal_i2c.o
                0x08002850                HAL_I2C_AddrCallback
 .text.HAL_I2C_ListenCpltCallback
                0x08002852        0x2 ./Drivers/STM32F4xx_HAL_Driver/stm32f4xx_hal_i2c.o
                0x08002852                HAL_I2C_ListenCpltCallback
 .text.HAL_I2C_MemTxCpltCallback
                0x08002854        0x2 ./Drivers/STM32F4xx_HAL_Driver/stm32f4xx_hal_i2c.o
                0x08002854                HAL_I2C_MemTxCpltCallback
 .text.I2C_MemoryTransmit_TXE_BTF
                0x08002856       0xa2 ./Drivers/STM32F4xx_HAL_Driver/stm32f4xx_hal_i2c.o
 .text.HAL_I2C_MemRxCpltCallback
                0x080028f8        0x2 ./Drivers/STM32F4xx_HAL_Driver/stm32f4xx_hal_i2c.o
                0x080028f8                HAL_I2C_MemRxCpltCallback
 .text.HAL_I2C_ErrorCallback
                0x080028fa        0x2 ./Drivers/STM32F4xx_HAL_Driver/stm32f4xx_hal_i2c.o
                0x080028fa                HAL_I2C_ErrorCallback
 .text.HAL_I2C_AbortCpltCallback
                0x080028fc        0x2 ./Drivers/STM32F4xx_HAL_Driver/stm32f4xx_hal_i2c.o
                0x080028fc                HAL_I2C_AbortCpltCallback
 *fill*         0x080028fe        0x2 
 .text.I2C_DMAAbort
                0x08002900       0xc0 ./Drivers/STM32F4xx_HAL_Driver/stm32f4xx_hal_i2c.o
 .text.I2C_ITError
                0x080029c0      0x150 ./Drivers/STM32F4xx_HAL_Driver/stm32f4xx_hal_i2c.o
 .text.HAL_I2C_EV_IRQHandler
                0x08002b10      0x884 ./Drivers/STM32F4xx_HAL_Driver/stm32f4xx_hal_i2c.o
                0x08002b10                HAL_I2C_EV_IRQHandler
 .text.HAL_PCD_Init
                0x08003394      0x11c ./Drivers/STM32F4xx_HAL_Driver/stm32f4xx_hal_pcd.o
                0x08003394                HAL_PCD_Init
 .text.HAL_PCD_Start
                0x080034b0       0x3e ./Drivers/STM32F4xx_HAL_Driver/stm32f4xx_hal_pcd.o
                0x080034b0                HAL_PCD_Start
 .text.HAL_PCD_SetAddress
                0x080034ee       0x28 ./Drivers/STM32F4xx_HAL_Driver/stm32f4xx_hal_pcd.o
                0x080034ee                HAL_PCD_SetAddress
 .text.HAL_PCD_EP_Open
                0x08003516       0x70 ./Drivers/STM32F4xx_HAL_Driver/stm32f4xx_hal_pcd.o
                0x08003516                HAL_PCD_EP_Open
 .text.HAL_PCD_EP_Close
                0x08003586       0x5e ./Drivers/STM32F4xx_HAL_Driver/stm32f4xx_hal_pcd.o
                0x08003586                HAL_PCD_EP_Close
 .text.HAL_PCD_EP_Receive
                0x080035e4       0x48 ./Drivers/STM32F4xx_HAL_Driver/stm32f4xx_hal_pcd.o
                0x080035e4                HAL_PCD_EP_Receive
 .text.HAL_PCD_EP_GetRxCount
                0x0800362c       0x10 ./Drivers/STM32F4xx_HAL_Driver/stm32f4xx_hal_pcd.o
                0x0800362c                HAL_PCD_EP_GetRxCount
 .text.HAL_PCD_EP_Transmit
                0x0800363c       0x40 ./Drivers/STM32F4xx_HAL_Driver/stm32f4xx_hal_pcd.o
                0x0800363c                HAL_PCD_EP_Transmit
 .text.HAL_PCD_EP_SetStall
                0x0800367c       0x70 ./Drivers/STM32F4xx_HAL_Driver/stm32f4xx_hal_pcd.o
                0x0800367c                HAL_PCD_EP_SetStall
 .text.HAL_PCD_EP_ClrStall
                0x080036ec       0x6c ./Drivers/STM32F4xx_HAL_Driver/stm32f4xx_hal_pcd.o
                0x080036ec                HAL_PCD_EP_ClrStall
 .text.HAL_PCD_EP_Abort
                0x08003758       0x20 ./Drivers/STM32F4xx_HAL_Driver/stm32f4xx_hal_pcd.o
                0x08003758                HAL_PCD_EP_Abort
 .text.HAL_PCD_IRQHandler
                0x08003778      0x688 ./Drivers/STM32F4xx_HAL_Driver/stm32f4xx_hal_pcd.o
                0x08003778                HAL_PCD_IRQHandler
 .text.HAL_PCDEx_SetTxFiFo
                0x08003e00       0x3e ./Drivers/STM32F4xx_HAL_Driver/stm32f4xx_hal_pcd_ex.o
                0x08003e00                HAL_PCDEx_SetTxFiFo
 .text.HAL_PCDEx_SetRxFiFo
                0x08003e3e        0x8 ./Drivers/STM32F4xx_HAL_Driver/stm32f4xx_hal_pcd_ex.o
                0x08003e3e                HAL_PCDEx_SetRxFiFo
 .text.HAL_PCDEx_LPM_Callback
                0x08003e46        0x2 ./Drivers/STM32F4xx_HAL_Driver/stm32f4xx_hal_pcd_ex.o
                0x08003e46                HAL_PCDEx_LPM_Callback
 .text.HAL_RCC_OscConfig
                0x08003e48      0x444 ./Drivers/STM32F4xx_HAL_Driver/stm32f4xx_hal_rcc.o
                0x08003e48                HAL_RCC_OscConfig
 .text.HAL_RCC_GetSysClockFreq
                0x0800428c       0x5c ./Drivers/STM32F4xx_HAL_Driver/stm32f4xx_hal_rcc.o
                0x0800428c                HAL_RCC_GetSysClockFreq
 .text.HAL_RCC_ClockConfig
                0x080042e8      0x1e8 ./Drivers/STM32F4xx_HAL_Driver/stm32f4xx_hal_rcc.o
                0x080042e8                HAL_RCC_ClockConfig
 .text.HAL_RCC_GetHCLKFreq
                0x080044d0        0xc ./Drivers/STM32F4xx_HAL_Driver/stm32f4xx_hal_rcc.o
                0x080044d0                HAL_RCC_GetHCLKFreq
 .text.HAL_RCC_GetPCLK1Freq
                0x080044dc       0x20 ./Drivers/STM32F4xx_HAL_Driver/stm32f4xx_hal_rcc.o
                0x080044dc                HAL_RCC_GetPCLK1Freq
 .text.HAL_RCC_GetPCLK2Freq
                0x080044fc       0x20 ./Drivers/STM32F4xx_HAL_Driver/stm32f4xx_hal_rcc.o
                0x080044fc                HAL_RCC_GetPCLK2Freq
 .text.HAL_RCC_GetClockConfig
                0x0800451c       0x3c ./Drivers/STM32F4xx_HAL_Driver/stm32f4xx_hal_rcc.o
                0x0800451c                HAL_RCC_GetClockConfig
 .text.SPI_WaitFlagStateUntilTimeout.constprop.0
                0x08004558       0xb0 ./Drivers/STM32F4xx_HAL_Driver/stm32f4xx_hal_spi.o
 .text.SPI_EndRxTxTransaction
                0x08004608       0x58 ./Drivers/STM32F4xx_HAL_Driver/stm32f4xx_hal_spi.o
 .text.HAL_SPI_Init
                0x08004660      0x220 ./Drivers/STM32F4xx_HAL_Driver/stm32f4xx_hal_spi.o
                0x08004660                HAL_SPI_Init
 .text.HAL_SPI_Transmit
                0x08004880      0x170 ./Drivers/STM32F4xx_HAL_Driver/stm32f4xx_hal_spi.o
                0x08004880                HAL_SPI_Transmit
 .text.HAL_SPI_GetState
                0x080049f0        0x6 ./Drivers/STM32F4xx_HAL_Driver/stm32f4xx_hal_spi.o
                0x080049f0                HAL_SPI_GetState
 .text.HAL_TIM_Base_MspInit
                0x080049f6        0x2 ./Drivers/STM32F4xx_HAL_Driver/stm32f4xx_hal_tim.o
                0x080049f6                HAL_TIM_Base_MspInit
 .text.HAL_TIM_Base_Start_IT
                0x080049f8       0xb4 ./Drivers/STM32F4xx_HAL_Driver/stm32f4xx_hal_tim.o
                0x080049f8                HAL_TIM_Base_Start_IT
 .text.HAL_TIM_OC_DelayElapsedCallback
                0x08004aac        0x2 ./Drivers/STM32F4xx_HAL_Driver/stm32f4xx_hal_tim.o
                0x08004aac                HAL_TIM_OC_DelayElapsedCallback
 .text.HAL_TIM_IC_CaptureCallback
                0x08004aae        0x2 ./Drivers/STM32F4xx_HAL_Driver/stm32f4xx_hal_tim.o
                0x08004aae                HAL_TIM_IC_CaptureCallback
 .text.HAL_TIM_PWM_PulseFinishedCallback
                0x08004ab0        0x2 ./Drivers/STM32F4xx_HAL_Driver/stm32f4xx_hal_tim.o
                0x08004ab0                HAL_TIM_PWM_PulseFinishedCallback
 .text.HAL_TIM_TriggerCallback
                0x08004ab2        0x2 ./Drivers/STM32F4xx_HAL_Driver/stm32f4xx_hal_tim.o
                0x08004ab2                HAL_TIM_TriggerCallback
 .text.HAL_TIM_IRQHandler
                0x08004ab4      0x144 ./Drivers/STM32F4xx_HAL_Driver/stm32f4xx_hal_tim.o
                0x08004ab4                HAL_TIM_IRQHandler
 .text.TIM_Base_SetConfig
                0x08004bf8       0x78 ./Drivers/STM32F4xx_HAL_Driver/stm32f4xx_hal_tim.o
                0x08004bf8                TIM_Base_SetConfig
 .text.HAL_TIM_Base_Init
                0x08004c70       0xf4 ./Drivers/STM32F4xx_HAL_Driver/stm32f4xx_hal_tim.o
                0x08004c70                HAL_TIM_Base_Init
 .text.HAL_TIMEx_CommutCallback
                0x08004d64        0x2 ./Drivers/STM32F4xx_HAL_Driver/stm32f4xx_hal_tim_ex.o
                0x08004d64                HAL_TIMEx_CommutCallback
 .text.HAL_TIMEx_BreakCallback
                0x08004d66        0x2 ./Drivers/STM32F4xx_HAL_Driver/stm32f4xx_hal_tim_ex.o
                0x08004d66                HAL_TIMEx_BreakCallback
 .text.UART_EndRxTransfer
                0x08004d68       0x5c ./Drivers/STM32F4xx_HAL_Driver/stm32f4xx_hal_uart.o
 .text.UART_SetConfig
                0x08004dc4      0x118 ./Drivers/STM32F4xx_HAL_Driver/stm32f4xx_hal_uart.o
 .text.HAL_UART_Init
                0x08004edc       0xe4 ./Drivers/STM32F4xx_HAL_Driver/stm32f4xx_hal_uart.o
                0x08004edc                HAL_UART_Init
 .text.HAL_UART_DeInit
                0x08004fc0       0x60 ./Drivers/STM32F4xx_HAL_Driver/stm32f4xx_hal_uart.o
                0x08004fc0                HAL_UART_DeInit
 .text.HAL_UART_Transmit_DMA
                0x08005020       0x84 ./Drivers/STM32F4xx_HAL_Driver/stm32f4xx_hal_uart.o
                0x08005020                HAL_UART_Transmit_DMA
 .text.HAL_UART_DMAStop
                0x080050a4       0x8c ./Drivers/STM32F4xx_HAL_Driver/stm32f4xx_hal_uart.o
                0x080050a4                HAL_UART_DMAStop
 .text.UART_DMATransmitCplt
                0x08005130       0x4c ./Drivers/STM32F4xx_HAL_Driver/stm32f4xx_hal_uart.o
 .text.HAL_UART_TxHalfCpltCallback
                0x0800517c        0x2 ./Drivers/STM32F4xx_HAL_Driver/stm32f4xx_hal_uart.o
                0x0800517c                HAL_UART_TxHalfCpltCallback
 .text.UART_DMATxHalfCplt
                0x0800517e        0xa ./Drivers/STM32F4xx_HAL_Driver/stm32f4xx_hal_uart.o
 .text.HAL_UART_RxCpltCallback
                0x08005188        0x2 ./Drivers/STM32F4xx_HAL_Driver/stm32f4xx_hal_uart.o
                0x08005188                HAL_UART_RxCpltCallback
 .text.HAL_UART_RxHalfCpltCallback
                0x0800518a        0x2 ./Drivers/STM32F4xx_HAL_Driver/stm32f4xx_hal_uart.o
                0x0800518a                HAL_UART_RxHalfCpltCallback
 .text.HAL_UART_ErrorCallback
                0x0800518c        0x2 ./Drivers/STM32F4xx_HAL_Driver/stm32f4xx_hal_uart.o
                0x0800518c                HAL_UART_ErrorCallback
 .text.UART_DMAError
                0x0800518e       0x5a ./Drivers/STM32F4xx_HAL_Driver/stm32f4xx_hal_uart.o
 .text.UART_DMAAbortOnError
                0x080051e8       0x10 ./Drivers/STM32F4xx_HAL_Driver/stm32f4xx_hal_uart.o
 .text.UART_DMARxHalfCplt
                0x080051f8       0x1a ./Drivers/STM32F4xx_HAL_Driver/stm32f4xx_hal_uart.o
 .text.UART_DMAReceiveCplt
                0x08005212       0x94 ./Drivers/STM32F4xx_HAL_Driver/stm32f4xx_hal_uart.o
 .text.UART_Receive_IT.isra.0
                0x080052a6       0xb4 ./Drivers/STM32F4xx_HAL_Driver/stm32f4xx_hal_uart.o
 *fill*         0x0800535a        0x2 
 .text.HAL_UART_IRQHandler
                0x0800535c      0x28c ./Drivers/STM32F4xx_HAL_Driver/stm32f4xx_hal_uart.o
                0x0800535c                HAL_UART_IRQHandler
 .text.UART_Start_Receive_DMA
                0x080055e8       0x9c ./Drivers/STM32F4xx_HAL_Driver/stm32f4xx_hal_uart.o
                0x080055e8                UART_Start_Receive_DMA
 .text.HAL_UARTEx_ReceiveToIdle_DMA
                0x08005684       0x62 ./Drivers/STM32F4xx_HAL_Driver/stm32f4xx_hal_uart.o
                0x08005684                HAL_UARTEx_ReceiveToIdle_DMA
 *fill*         0x080056e6        0x2 
 .text.USB_CoreReset
                0x080056e8       0x4c ./Drivers/STM32F4xx_HAL_Driver/stm32f4xx_ll_usb.o
 .text.USB_CoreInit
                0x08005734       0x80 ./Drivers/STM32F4xx_HAL_Driver/stm32f4xx_ll_usb.o
                0x08005734                USB_CoreInit
 .text.USB_SetTurnaroundTime
                0x080057b4       0xe0 ./Drivers/STM32F4xx_HAL_Driver/stm32f4xx_ll_usb.o
                0x080057b4                USB_SetTurnaroundTime
 .text.USB_EnableGlobalInt
                0x08005894        0xc ./Drivers/STM32F4xx_HAL_Driver/stm32f4xx_ll_usb.o
                0x08005894                USB_EnableGlobalInt
 .text.USB_DisableGlobalInt
                0x080058a0        0xc ./Drivers/STM32F4xx_HAL_Driver/stm32f4xx_ll_usb.o
                0x080058a0                USB_DisableGlobalInt
 .text.USB_SetCurrentMode
                0x080058ac       0x60 ./Drivers/STM32F4xx_HAL_Driver/stm32f4xx_ll_usb.o
                0x080058ac                USB_SetCurrentMode
 .text.USB_FlushTxFifo
                0x0800590c       0x4c ./Drivers/STM32F4xx_HAL_Driver/stm32f4xx_ll_usb.o
                0x0800590c                USB_FlushTxFifo
 .text.USB_FlushRxFifo
                0x08005958       0x48 ./Drivers/STM32F4xx_HAL_Driver/stm32f4xx_ll_usb.o
                0x08005958                USB_FlushRxFifo
 .text.USB_SetDevSpeed
                0x080059a0        0xe ./Drivers/STM32F4xx_HAL_Driver/stm32f4xx_ll_usb.o
                0x080059a0                USB_SetDevSpeed
 *fill*         0x080059ae        0x2 
 .text.USB_DevInit
                0x080059b0      0x17c ./Drivers/STM32F4xx_HAL_Driver/stm32f4xx_ll_usb.o
                0x080059b0                USB_DevInit
 .text.USB_GetDevSpeed
                0x08005b2c       0x16 ./Drivers/STM32F4xx_HAL_Driver/stm32f4xx_ll_usb.o
                0x08005b2c                USB_GetDevSpeed
 .text.USB_ActivateEndpoint
                0x08005b42       0x7e ./Drivers/STM32F4xx_HAL_Driver/stm32f4xx_ll_usb.o
                0x08005b42                USB_ActivateEndpoint
 .text.USB_DeactivateEndpoint
                0x08005bc0       0xac ./Drivers/STM32F4xx_HAL_Driver/stm32f4xx_ll_usb.o
                0x08005bc0                USB_DeactivateEndpoint
 .text.USB_EP0StartXfer
                0x08005c6c       0xf8 ./Drivers/STM32F4xx_HAL_Driver/stm32f4xx_ll_usb.o
                0x08005c6c                USB_EP0StartXfer
 .text.USB_EPStopXfer
                0x08005d64       0x84 ./Drivers/STM32F4xx_HAL_Driver/stm32f4xx_ll_usb.o
                0x08005d64                USB_EPStopXfer
 .text.USB_WritePacket
                0x08005de8       0x26 ./Drivers/STM32F4xx_HAL_Driver/stm32f4xx_ll_usb.o
                0x08005de8                USB_WritePacket
 *fill*         0x08005e0e        0x2 
 .text.USB_EPStartXfer
                0x08005e10      0x1d4 ./Drivers/STM32F4xx_HAL_Driver/stm32f4xx_ll_usb.o
                0x08005e10                USB_EPStartXfer
 .text.USB_ReadPacket
                0x08005fe4       0x40 ./Drivers/STM32F4xx_HAL_Driver/stm32f4xx_ll_usb.o
                0x08005fe4                USB_ReadPacket
 .text.USB_EPSetStall
                0x08006024       0x56 ./Drivers/STM32F4xx_HAL_Driver/stm32f4xx_ll_usb.o
                0x08006024                USB_EPSetStall
 .text.USB_EPClearStall
                0x0800607a       0x52 ./Drivers/STM32F4xx_HAL_Driver/stm32f4xx_ll_usb.o
                0x0800607a                USB_EPClearStall
 .text.USB_SetDevAddress
                0x080060cc       0x20 ./Drivers/STM32F4xx_HAL_Driver/stm32f4xx_ll_usb.o
                0x080060cc                USB_SetDevAddress
 .text.USB_DevConnect
                0x080060ec       0x1c ./Drivers/STM32F4xx_HAL_Driver/stm32f4xx_ll_usb.o
                0x080060ec                USB_DevConnect
 .text.USB_DevDisconnect
                0x08006108       0x1c ./Drivers/STM32F4xx_HAL_Driver/stm32f4xx_ll_usb.o
                0x08006108                USB_DevDisconnect
 .text.USB_ReadInterrupts
                0x08006124        0x8 ./Drivers/STM32F4xx_HAL_Driver/stm32f4xx_ll_usb.o
                0x08006124                USB_ReadInterrupts
 .text.USB_ReadDevAllOutEpInterrupt
                0x0800612c       0x10 ./Drivers/STM32F4xx_HAL_Driver/stm32f4xx_ll_usb.o
                0x0800612c                USB_ReadDevAllOutEpInterrupt
 .text.USB_ReadDevAllInEpInterrupt
                0x0800613c       0x10 ./Drivers/STM32F4xx_HAL_Driver/stm32f4xx_ll_usb.o
                0x0800613c                USB_ReadDevAllInEpInterrupt
 .text.USB_ReadDevOutEPInterrupt
                0x0800614c       0x12 ./Drivers/STM32F4xx_HAL_Driver/stm32f4xx_ll_usb.o
                0x0800614c                USB_ReadDevOutEPInterrupt
 .text.USB_ReadDevInEPInterrupt
                0x0800615e       0x22 ./Drivers/STM32F4xx_HAL_Driver/stm32f4xx_ll_usb.o
                0x0800615e                USB_ReadDevInEPInterrupt
 .text.USB_GetMode
                0x08006180        0x8 ./Drivers/STM32F4xx_HAL_Driver/stm32f4xx_ll_usb.o
                0x08006180                USB_GetMode
 .text.USB_ActivateSetup
                0x08006188       0x1c ./Drivers/STM32F4xx_HAL_Driver/stm32f4xx_ll_usb.o
                0x08006188                USB_ActivateSetup
 .text.USB_EP0_OutStart
                0x080061a4       0x4c ./Drivers/STM32F4xx_HAL_Driver/stm32f4xx_ll_usb.o
                0x080061a4                USB_EP0_OutStart
 .text.LCD_Fill
                0x080061f0       0x3c ./HARDWARE/LCD/lcd.o
                0x080061f0                LCD_Fill
 .text.LCD_DrawPoint
                0x0800622c       0x16 ./HARDWARE/LCD/lcd.o
                0x0800622c                LCD_DrawPoint
 .text.LCD_DrawLine
                0x08006242       0x96 ./HARDWARE/LCD/lcd.o
                0x08006242                LCD_DrawLine
 .text.LCD_ShowChar
                0x080062d8      0x11c ./HARDWARE/LCD/lcd.o
                0x080062d8                LCD_ShowChar
 .text.LCD_ShowString
                0x080063f4       0x46 ./HARDWARE/LCD/lcd.o
                0x080063f4                LCD_ShowString
 .text.LCD_ShowString_CL
                0x0800643a       0x6a ./HARDWARE/LCD/lcd.o
                0x0800643a                LCD_ShowString_CL
 .text.LCD_ShowIntNum
                0x080064a4       0x9a ./HARDWARE/LCD/lcd.o
                0x080064a4                LCD_ShowIntNum
 .text.LCD_ShowPicture
                0x0800653e       0x52 ./HARDWARE/LCD/lcd.o
                0x0800653e                LCD_ShowPicture
 .text.LCD_Writ_Bus
                0x08006590       0x48 ./HARDWARE/LCD/lcd_init.o
                0x08006590                LCD_Writ_Bus
 .text.LCD_WR_DATA8
                0x080065d8       0x20 ./HARDWARE/LCD/lcd_init.o
                0x080065d8                LCD_WR_DATA8
 .text.LCD_WR_DATA
                0x080065f8       0x24 ./HARDWARE/LCD/lcd_init.o
                0x080065f8                LCD_WR_DATA
 .text.LCD_WR_REG
                0x0800661c       0x20 ./HARDWARE/LCD/lcd_init.o
                0x0800661c                LCD_WR_REG
 .text.LCD_Address_Set
                0x0800663c       0x38 ./HARDWARE/LCD/lcd_init.o
                0x0800663c                LCD_Address_Set
 .text.LCD_Init
                0x08006674      0x1e4 ./HARDWARE/LCD/lcd_init.o
                0x08006674                LCD_Init
 .text.KeyReportConstructFunc
                0x08006858      0x1c4 ./KeyScan/KeyScan.o
                0x08006858                KeyReportConstructFunc
 .text.SingleScan
                0x08006a1c       0xf4 ./KeyScan/KeyScan.o
                0x08006a1c                SingleScan
 .text.LOCK_KEYBOARD
                0x08006b10       0x40 ./KeyScan/KeyScan.o
                0x08006b10                LOCK_KEYBOARD
 .text.HexDispSwitch
                0x08006b50       0x2c ./KeyScan/KeyScan.o
                0x08006b50                HexDispSwitch
 .text.USBD_CDC_EP0_RxReady
                0x08006b7c       0x38 ./Middlewares/Composite/USB/COMPOSITE/CDC_ACM/usbd_cdc_acm.o
 .text.USBD_CDC_GetFSCfgDesc
                0x08006bb4        0xc ./Middlewares/Composite/USB/COMPOSITE/CDC_ACM/usbd_cdc_acm.o
 .text.USBD_CDC_GetHSCfgDesc
                0x08006bc0        0xc ./Middlewares/Composite/USB/COMPOSITE/CDC_ACM/usbd_cdc_acm.o
 .text.USBD_CDC_GetDeviceQualifierDescriptor
                0x08006bcc        0xc ./Middlewares/Composite/USB/COMPOSITE/CDC_ACM/usbd_cdc_acm.o
 .text.USBD_CDC_DataOut
                0x08006bd8       0x28 ./Middlewares/Composite/USB/COMPOSITE/CDC_ACM/usbd_cdc_acm.o
 .text.USBD_CDC_DataIn
                0x08006c00       0x54 ./Middlewares/Composite/USB/COMPOSITE/CDC_ACM/usbd_cdc_acm.o
 .text.USBD_CDC_Setup
                0x08006c54       0xe0 ./Middlewares/Composite/USB/COMPOSITE/CDC_ACM/usbd_cdc_acm.o
 .text.USBD_CDC_DeInit
                0x08006d34       0x64 ./Middlewares/Composite/USB/COMPOSITE/CDC_ACM/usbd_cdc_acm.o
 .text.USBD_CDC_Init
                0x08006d98       0xdc ./Middlewares/Composite/USB/COMPOSITE/CDC_ACM/usbd_cdc_acm.o
 .text.USBD_CDC_GetOtherSpeedCfgDesc
                0x08006e74        0xc ./Middlewares/Composite/USB/COMPOSITE/CDC_ACM/usbd_cdc_acm.o
 .text.USBD_CDC_ACM_RegisterInterface
                0x08006e80        0xe ./Middlewares/Composite/USB/COMPOSITE/CDC_ACM/usbd_cdc_acm.o
                0x08006e80                USBD_CDC_ACM_RegisterInterface
 *fill*         0x08006e8e        0x2 
 .text.USBD_CDC_SetTxBuffer
                0x08006e90       0x1c ./Middlewares/Composite/USB/COMPOSITE/CDC_ACM/usbd_cdc_acm.o
                0x08006e90                USBD_CDC_SetTxBuffer
 .text.USBD_CDC_SetRxBuffer
                0x08006eac       0x18 ./Middlewares/Composite/USB/COMPOSITE/CDC_ACM/usbd_cdc_acm.o
                0x08006eac                USBD_CDC_SetRxBuffer
 .text.USBD_CDC_TransmitPacket
                0x08006ec4       0x48 ./Middlewares/Composite/USB/COMPOSITE/CDC_ACM/usbd_cdc_acm.o
                0x08006ec4                USBD_CDC_TransmitPacket
 .text.USBD_CDC_ReceivePacket
                0x08006f0c       0x34 ./Middlewares/Composite/USB/COMPOSITE/CDC_ACM/usbd_cdc_acm.o
                0x08006f0c                USBD_CDC_ReceivePacket
 .text.USBD_Update_CDC_ACM_DESC
                0x08006f40       0x64 ./Middlewares/Composite/USB/COMPOSITE/CDC_ACM/usbd_cdc_acm.o
                0x08006f40                USBD_Update_CDC_ACM_DESC
 .text.CDC_DeInit
                0x08006fa4        0x4 ./Middlewares/Composite/USB/COMPOSITE/CDC_ACM/usbd_cdc_acm_if.o
 .text.CDC_TransmitCplt
                0x08006fa8        0x4 ./Middlewares/Composite/USB/COMPOSITE/CDC_ACM/usbd_cdc_acm_if.o
 .text.CDC_Init
                0x08006fac       0x1c ./Middlewares/Composite/USB/COMPOSITE/CDC_ACM/usbd_cdc_acm_if.o
 .text.CDC_Receive
                0x08006fc8       0x6c ./Middlewares/Composite/USB/COMPOSITE/CDC_ACM/usbd_cdc_acm_if.o
 .text.CDC_Control
                0x08007034       0x6c ./Middlewares/Composite/USB/COMPOSITE/CDC_ACM/usbd_cdc_acm_if.o
 .text.CDC_Transmit
                0x080070a0       0x38 ./Middlewares/Composite/USB/COMPOSITE/CDC_ACM/usbd_cdc_acm_if.o
                0x080070a0                CDC_Transmit
 .text.USBD_COMPOSITE_Init
                0x080070d8       0x24 ./Middlewares/Composite/USB/COMPOSITE/COMPOSITE/usbd_composite.o
 .text.USBD_COMPOSITE_DeInit
                0x080070fc       0x24 ./Middlewares/Composite/USB/COMPOSITE/COMPOSITE/usbd_composite.o
 .text.USBD_COMPOSITE_EP0_RxReady
                0x08007120       0x20 ./Middlewares/Composite/USB/COMPOSITE/COMPOSITE/usbd_composite.o
 .text.USBD_COMPOSITE_EP0_TxReady
                0x08007140        0x4 ./Middlewares/Composite/USB/COMPOSITE/COMPOSITE/usbd_composite.o
 .text.USBD_COMPOSITE_IsoINIncomplete
                0x08007144        0x4 ./Middlewares/Composite/USB/COMPOSITE/COMPOSITE/usbd_composite.o
 .text.USBD_COMPOSITE_GetHSCfgDesc
                0x08007148        0xc ./Middlewares/Composite/USB/COMPOSITE/COMPOSITE/usbd_composite.o
 .text.USBD_COMPOSITE_GetFSCfgDesc
                0x08007154        0xc ./Middlewares/Composite/USB/COMPOSITE/COMPOSITE/usbd_composite.o
 .text.USBD_COMPOSITE_GetDeviceQualifierDesc
                0x08007160        0xc ./Middlewares/Composite/USB/COMPOSITE/COMPOSITE/usbd_composite.o
 .text.USBD_COMPOSITE_GetUsrStringDesc
                0x0800716c       0x6c ./Middlewares/Composite/USB/COMPOSITE/COMPOSITE/usbd_composite.o
 .text.USBD_COMPOSITE_Setup
                0x080071d8       0x50 ./Middlewares/Composite/USB/COMPOSITE/COMPOSITE/usbd_composite.o
 .text.USBD_COMPOSITE_DataIn
                0x08007228       0x5c ./Middlewares/Composite/USB/COMPOSITE/COMPOSITE/usbd_composite.o
 .text.USBD_COMPOSITE_DataOut
                0x08007284       0x30 ./Middlewares/Composite/USB/COMPOSITE/COMPOSITE/usbd_composite.o
 .text.USBD_COMPOSITE_IsoOutIncomplete
                0x080072b4        0x4 ./Middlewares/Composite/USB/COMPOSITE/COMPOSITE/usbd_composite.o
 .text.USBD_COMPOSITE_SOF
                0x080072b8        0x4 ./Middlewares/Composite/USB/COMPOSITE/COMPOSITE/usbd_composite.o
 .text.USBD_COMPOSITE_GetOtherSpeedCfgDesc
                0x080072bc        0xc ./Middlewares/Composite/USB/COMPOSITE/COMPOSITE/usbd_composite.o
 .text.USBD_COMPOSITE_Mount_Class
                0x080072c8      0x148 ./Middlewares/Composite/USB/COMPOSITE/COMPOSITE/usbd_composite.o
                0x080072c8                USBD_COMPOSITE_Mount_Class
 .text.MX_USB_DEVICE_Init
                0x08007410       0x68 ./Middlewares/Composite/USB/COMPOSITE/Core/usb_device.o
                0x08007410                MX_USB_DEVICE_Init
 .text.HAL_PCDEx_SetTxFiFoInBytes
                0x08007478        0x6 ./Middlewares/Composite/USB/COMPOSITE/Core/usbd_conf.o
                0x08007478                HAL_PCDEx_SetTxFiFoInBytes
 .text.HAL_PCDEx_SetRxFiFoInBytes
                0x0800747e        0x6 ./Middlewares/Composite/USB/COMPOSITE/Core/usbd_conf.o
                0x0800747e                HAL_PCDEx_SetRxFiFoInBytes
 .text.HAL_PCD_SetupStageCallback
                0x08007484        0xc ./Middlewares/Composite/USB/COMPOSITE/Core/usbd_conf.o
                0x08007484                HAL_PCD_SetupStageCallback
 .text.HAL_PCD_DataOutStageCallback
                0x08007490       0x12 ./Middlewares/Composite/USB/COMPOSITE/Core/usbd_conf.o
                0x08007490                HAL_PCD_DataOutStageCallback
 .text.HAL_PCD_DataInStageCallback
                0x080074a2       0x10 ./Middlewares/Composite/USB/COMPOSITE/Core/usbd_conf.o
                0x080074a2                HAL_PCD_DataInStageCallback
 .text.HAL_PCD_SOFCallback
                0x080074b2        0x8 ./Middlewares/Composite/USB/COMPOSITE/Core/usbd_conf.o
                0x080074b2                HAL_PCD_SOFCallback
 .text.HAL_PCD_ResetCallback
                0x080074ba       0x26 ./Middlewares/Composite/USB/COMPOSITE/Core/usbd_conf.o
                0x080074ba                HAL_PCD_ResetCallback
 .text.HAL_PCD_SuspendCallback
                0x080074e0       0x30 ./Middlewares/Composite/USB/COMPOSITE/Core/usbd_conf.o
                0x080074e0                HAL_PCD_SuspendCallback
 .text.HAL_PCD_ResumeCallback
                0x08007510        0x8 ./Middlewares/Composite/USB/COMPOSITE/Core/usbd_conf.o
                0x08007510                HAL_PCD_ResumeCallback
 .text.HAL_PCD_ISOOUTIncompleteCallback
                0x08007518        0x8 ./Middlewares/Composite/USB/COMPOSITE/Core/usbd_conf.o
                0x08007518                HAL_PCD_ISOOUTIncompleteCallback
 .text.HAL_PCD_ISOINIncompleteCallback
                0x08007520        0x8 ./Middlewares/Composite/USB/COMPOSITE/Core/usbd_conf.o
                0x08007520                HAL_PCD_ISOINIncompleteCallback
 .text.HAL_PCD_ConnectCallback
                0x08007528        0x8 ./Middlewares/Composite/USB/COMPOSITE/Core/usbd_conf.o
                0x08007528                HAL_PCD_ConnectCallback
 .text.HAL_PCD_DisconnectCallback
                0x08007530        0x8 ./Middlewares/Composite/USB/COMPOSITE/Core/usbd_conf.o
                0x08007530                HAL_PCD_DisconnectCallback
 .text.USBD_LL_Init
                0x08007538       0x70 ./Middlewares/Composite/USB/COMPOSITE/Core/usbd_conf.o
                0x08007538                USBD_LL_Init
 .text.USBD_LL_IsStallEP
                0x080075a8       0x26 ./Middlewares/Composite/USB/COMPOSITE/Core/usbd_conf.o
                0x080075a8                USBD_LL_IsStallEP
 .text.USBD_LL_GetRxDataSize
                0x080075ce        0x8 ./Middlewares/Composite/USB/COMPOSITE/Core/usbd_conf.o
                0x080075ce                USBD_LL_GetRxDataSize
 .text.USBD_Get_USB_Status
                0x080075d6        0xc ./Middlewares/Composite/USB/COMPOSITE/Core/usbd_conf.o
                0x080075d6                USBD_Get_USB_Status
 .text.USBD_LL_Start
                0x080075e2       0x12 ./Middlewares/Composite/USB/COMPOSITE/Core/usbd_conf.o
                0x080075e2                USBD_LL_Start
 .text.USBD_LL_OpenEP
                0x080075f4       0x18 ./Middlewares/Composite/USB/COMPOSITE/Core/usbd_conf.o
                0x080075f4                USBD_LL_OpenEP
 .text.USBD_LL_CloseEP
                0x0800760c       0x12 ./Middlewares/Composite/USB/COMPOSITE/Core/usbd_conf.o
                0x0800760c                USBD_LL_CloseEP
 .text.USBD_LL_StallEP
                0x0800761e       0x12 ./Middlewares/Composite/USB/COMPOSITE/Core/usbd_conf.o
                0x0800761e                USBD_LL_StallEP
 .text.USBD_LL_ClearStallEP
                0x08007630       0x12 ./Middlewares/Composite/USB/COMPOSITE/Core/usbd_conf.o
                0x08007630                USBD_LL_ClearStallEP
 .text.USBD_LL_SetUSBAddress
                0x08007642       0x12 ./Middlewares/Composite/USB/COMPOSITE/Core/usbd_conf.o
                0x08007642                USBD_LL_SetUSBAddress
 .text.USBD_LL_Transmit
                0x08007654       0x12 ./Middlewares/Composite/USB/COMPOSITE/Core/usbd_conf.o
                0x08007654                USBD_LL_Transmit
 .text.USBD_LL_PrepareReceive
                0x08007666       0x12 ./Middlewares/Composite/USB/COMPOSITE/Core/usbd_conf.o
                0x08007666                USBD_LL_PrepareReceive
 .text.USBD_Init
                0x08007678       0x22 ./Middlewares/Composite/USB/COMPOSITE/Core/usbd_core.o
                0x08007678                USBD_Init
 .text.USBD_RegisterClass
                0x0800769a       0x30 ./Middlewares/Composite/USB/COMPOSITE/Core/usbd_core.o
                0x0800769a                USBD_RegisterClass
 .text.USBD_Start
                0x080076ca        0x4 ./Middlewares/Composite/USB/COMPOSITE/Core/usbd_core.o
                0x080076ca                USBD_Start
 .text.USBD_SetClassConfig
                0x080076ce        0xe ./Middlewares/Composite/USB/COMPOSITE/Core/usbd_core.o
                0x080076ce                USBD_SetClassConfig
 .text.USBD_ClrClassConfig
                0x080076dc       0x10 ./Middlewares/Composite/USB/COMPOSITE/Core/usbd_core.o
                0x080076dc                USBD_ClrClassConfig
 .text.USBD_LL_SetupStage
                0x080076ec       0x60 ./Middlewares/Composite/USB/COMPOSITE/Core/usbd_core.o
                0x080076ec                USBD_LL_SetupStage
 .text.USBD_LL_DataOutStage
                0x0800774c       0x60 ./Middlewares/Composite/USB/COMPOSITE/Core/usbd_core.o
                0x0800774c                USBD_LL_DataOutStage
 .text.USBD_LL_DataInStage
                0x080077ac       0x9a ./Middlewares/Composite/USB/COMPOSITE/Core/usbd_core.o
                0x080077ac                USBD_LL_DataInStage
 .text.USBD_LL_Reset
                0x08007846       0x52 ./Middlewares/Composite/USB/COMPOSITE/Core/usbd_core.o
                0x08007846                USBD_LL_Reset
 .text.USBD_LL_SetSpeed
                0x08007898        0x6 ./Middlewares/Composite/USB/COMPOSITE/Core/usbd_core.o
                0x08007898                USBD_LL_SetSpeed
 .text.USBD_LL_Suspend
                0x0800789e       0x14 ./Middlewares/Composite/USB/COMPOSITE/Core/usbd_core.o
                0x0800789e                USBD_LL_Suspend
 .text.USBD_LL_Resume
                0x080078b2       0x16 ./Middlewares/Composite/USB/COMPOSITE/Core/usbd_core.o
                0x080078b2                USBD_LL_Resume
 .text.USBD_LL_SOF
                0x080078c8       0x20 ./Middlewares/Composite/USB/COMPOSITE/Core/usbd_core.o
                0x080078c8                USBD_LL_SOF
 .text.USBD_LL_IsoINIncomplete
                0x080078e8       0x20 ./Middlewares/Composite/USB/COMPOSITE/Core/usbd_core.o
                0x080078e8                USBD_LL_IsoINIncomplete
 .text.USBD_LL_IsoOUTIncomplete
                0x08007908       0x20 ./Middlewares/Composite/USB/COMPOSITE/Core/usbd_core.o
                0x08007908                USBD_LL_IsoOUTIncomplete
 .text.USBD_LL_DevConnected
                0x08007928        0x4 ./Middlewares/Composite/USB/COMPOSITE/Core/usbd_core.o
                0x08007928                USBD_LL_DevConnected
 .text.USBD_LL_DevDisconnected
                0x0800792c       0x18 ./Middlewares/Composite/USB/COMPOSITE/Core/usbd_core.o
                0x0800792c                USBD_LL_DevDisconnected
 .text.USBD_CtlError.constprop.0
                0x08007944       0x16 ./Middlewares/Composite/USB/COMPOSITE/Core/usbd_ctlreq.o
 *fill*         0x0800795a        0x2 
 .text.USBD_StdDevReq
                0x0800795c      0x2c8 ./Middlewares/Composite/USB/COMPOSITE/Core/usbd_ctlreq.o
                0x0800795c                USBD_StdDevReq
 .text.USBD_StdItfReq
                0x08007c24       0x4c ./Middlewares/Composite/USB/COMPOSITE/Core/usbd_ctlreq.o
                0x08007c24                USBD_StdItfReq
 .text.USBD_StdEPReq
                0x08007c70      0x124 ./Middlewares/Composite/USB/COMPOSITE/Core/usbd_ctlreq.o
                0x08007c70                USBD_StdEPReq
 .text.USBD_ParseSetupRequest
                0x08007d94       0x16 ./Middlewares/Composite/USB/COMPOSITE/Core/usbd_ctlreq.o
                0x08007d94                USBD_ParseSetupRequest
 .text.USBD_CtlError
                0x08007daa       0x16 ./Middlewares/Composite/USB/COMPOSITE/Core/usbd_ctlreq.o
                0x08007daa                USBD_CtlError
 .text.USBD_GetString
                0x08007dc0       0x38 ./Middlewares/Composite/USB/COMPOSITE/Core/usbd_ctlreq.o
                0x08007dc0                USBD_GetString
 .text.USBD_DeviceDescriptor
                0x08007df8        0xc ./Middlewares/Composite/USB/COMPOSITE/Core/usbd_desc.o
                0x08007df8                USBD_DeviceDescriptor
 .text.USBD_LangIDStrDescriptor
                0x08007e04        0xc ./Middlewares/Composite/USB/COMPOSITE/Core/usbd_desc.o
                0x08007e04                USBD_LangIDStrDescriptor
 .text.IntToUnicode
                0x08007e10       0x2a ./Middlewares/Composite/USB/COMPOSITE/Core/usbd_desc.o
 *fill*         0x08007e3a        0x2 
 .text.USBD_SerialStrDescriptor
                0x08007e3c       0x3c ./Middlewares/Composite/USB/COMPOSITE/Core/usbd_desc.o
                0x08007e3c                USBD_SerialStrDescriptor
 .text.USBD_ManufacturerStrDescriptor
                0x08007e78       0x1c ./Middlewares/Composite/USB/COMPOSITE/Core/usbd_desc.o
                0x08007e78                USBD_ManufacturerStrDescriptor
 .text.USBD_ProductStrDescriptor
                0x08007e94       0x1c ./Middlewares/Composite/USB/COMPOSITE/Core/usbd_desc.o
                0x08007e94                USBD_ProductStrDescriptor
 .text.USBD_ConfigStrDescriptor
                0x08007eb0       0x1c ./Middlewares/Composite/USB/COMPOSITE/Core/usbd_desc.o
                0x08007eb0                USBD_ConfigStrDescriptor
 .text.USBD_InterfaceStrDescriptor
                0x08007ecc       0x1c ./Middlewares/Composite/USB/COMPOSITE/Core/usbd_desc.o
                0x08007ecc                USBD_InterfaceStrDescriptor
 .text.USBD_CtlSendData
                0x08007ee8       0x1a ./Middlewares/Composite/USB/COMPOSITE/Core/usbd_ioreq.o
                0x08007ee8                USBD_CtlSendData
 .text.USBD_CtlContinueSendData
                0x08007f02       0x10 ./Middlewares/Composite/USB/COMPOSITE/Core/usbd_ioreq.o
                0x08007f02                USBD_CtlContinueSendData
 .text.USBD_CtlPrepareRx
                0x08007f12       0x1a ./Middlewares/Composite/USB/COMPOSITE/Core/usbd_ioreq.o
                0x08007f12                USBD_CtlPrepareRx
 .text.USBD_CtlContinueRx
                0x08007f2c       0x10 ./Middlewares/Composite/USB/COMPOSITE/Core/usbd_ioreq.o
                0x08007f2c                USBD_CtlContinueRx
 .text.USBD_CtlSendStatus
                0x08007f3c       0x16 ./Middlewares/Composite/USB/COMPOSITE/Core/usbd_ioreq.o
                0x08007f3c                USBD_CtlSendStatus
 .text.USBD_CtlReceiveStatus
                0x08007f52       0x16 ./Middlewares/Composite/USB/COMPOSITE/Core/usbd_ioreq.o
                0x08007f52                USBD_CtlReceiveStatus
 .text.USBD_CUSTOM_HID_GetFSCfgDesc
                0x08007f68        0xc ./Middlewares/Composite/USB/COMPOSITE/HID_CUSTOM/usbd_hid_custom.o
 .text.USBD_CUSTOM_HID_GetHSCfgDesc
                0x08007f74        0xc ./Middlewares/Composite/USB/COMPOSITE/HID_CUSTOM/usbd_hid_custom.o
 .text.USBD_CUSTOM_HID_GetOtherSpeedCfgDesc
                0x08007f80        0xc ./Middlewares/Composite/USB/COMPOSITE/HID_CUSTOM/usbd_hid_custom.o
 .text.USBD_CUSTOM_HID_DataIn
                0x08007f8c        0xa ./Middlewares/Composite/USB/COMPOSITE/HID_CUSTOM/usbd_hid_custom.o
 .text.USBD_CUSTOM_HID_DataOut
                0x08007f96       0x1c ./Middlewares/Composite/USB/COMPOSITE/HID_CUSTOM/usbd_hid_custom.o
 .text.USBD_CUSTOM_HID_EP0_RxReady
                0x08007fb2       0x28 ./Middlewares/Composite/USB/COMPOSITE/HID_CUSTOM/usbd_hid_custom.o
 *fill*         0x08007fda        0x2 
 .text.USBD_CUSTOM_HID_GetDeviceQualifierDesc
                0x08007fdc        0xc ./Middlewares/Composite/USB/COMPOSITE/HID_CUSTOM/usbd_hid_custom.o
 .text.USBD_CUSTOM_HID_Setup
                0x08007fe8      0x108 ./Middlewares/Composite/USB/COMPOSITE/HID_CUSTOM/usbd_hid_custom.o
 .text.USBD_CUSTOM_HID_DeInit
                0x080080f0       0x54 ./Middlewares/Composite/USB/COMPOSITE/HID_CUSTOM/usbd_hid_custom.o
 .text.USBD_CUSTOM_HID_Init
                0x08008144       0x90 ./Middlewares/Composite/USB/COMPOSITE/HID_CUSTOM/usbd_hid_custom.o
 .text.USBD_CUSTOM_HID_SendReport
                0x080081d4       0x38 ./Middlewares/Composite/USB/COMPOSITE/HID_CUSTOM/usbd_hid_custom.o
                0x080081d4                USBD_CUSTOM_HID_SendReport
 .text.USBD_CUSTOM_HID_ReceivePacket
                0x0800820c       0x20 ./Middlewares/Composite/USB/COMPOSITE/HID_CUSTOM/usbd_hid_custom.o
                0x0800820c                USBD_CUSTOM_HID_ReceivePacket
 .text.USBD_CUSTOM_HID_RegisterInterface
                0x0800822c        0xe ./Middlewares/Composite/USB/COMPOSITE/HID_CUSTOM/usbd_hid_custom.o
                0x0800822c                USBD_CUSTOM_HID_RegisterInterface
 *fill*         0x0800823a        0x2 
 .text.USBD_Update_HID_Custom_DESC
                0x0800823c       0x34 ./Middlewares/Composite/USB/COMPOSITE/HID_CUSTOM/usbd_hid_custom.o
                0x0800823c                USBD_Update_HID_Custom_DESC
 .text.CUSTOM_HID_Init
                0x08008270        0x4 ./Middlewares/Composite/USB/COMPOSITE/HID_CUSTOM/usbd_hid_custom_if.o
 .text.CUSTOM_HID_OutEvent
                0x08008274       0x3c ./Middlewares/Composite/USB/COMPOSITE/HID_CUSTOM/usbd_hid_custom_if.o
 .text.CUSTOM_HID_DeInit
                0x080082b0        0x4 ./Middlewares/Composite/USB/COMPOSITE/HID_CUSTOM/usbd_hid_custom_if.o
 .text.SysTick_Handler
                0x080082b4       0x1a ./Middlewares/FreeRTOS/cmsis_os2.o
                0x080082b4                SysTick_Handler
 *fill*         0x080082ce        0x2 
 .text.osKernelInitialize
                0x080082d0       0x24 ./Middlewares/FreeRTOS/cmsis_os2.o
                0x080082d0                osKernelInitialize
 .text.osKernelStart
                0x080082f4       0x34 ./Middlewares/FreeRTOS/cmsis_os2.o
                0x080082f4                osKernelStart
 .text.osKernelGetTickCount
                0x08008328        0xe ./Middlewares/FreeRTOS/cmsis_os2.o
                0x08008328                osKernelGetTickCount
 .text.osThreadNew
                0x08008336       0x88 ./Middlewares/FreeRTOS/cmsis_os2.o
                0x08008336                osThreadNew
 .text.osDelay  0x080083be       0x18 ./Middlewares/FreeRTOS/cmsis_os2.o
                0x080083be                osDelay
 *fill*         0x080083d6        0x2 
 .text.vApplicationGetIdleTaskMemory
                0x080083d8       0x18 ./Middlewares/FreeRTOS/cmsis_os2.o
                0x080083d8                vApplicationGetIdleTaskMemory
 .text.vApplicationGetTimerTaskMemory
                0x080083f0       0x18 ./Middlewares/FreeRTOS/cmsis_os2.o
                0x080083f0                vApplicationGetTimerTaskMemory
 .text.prvInsertBlockIntoFreeList
                0x08008408       0x4c ./Middlewares/FreeRTOS/heap_4.o
 .text.pvPortMalloc
                0x08008454      0x130 ./Middlewares/FreeRTOS/heap_4.o
                0x08008454                pvPortMalloc
 .text.vPortFree
                0x08008584       0x7c ./Middlewares/FreeRTOS/heap_4.o
                0x08008584                vPortFree
 .text.vListInitialise
                0x08008600       0x16 ./Middlewares/FreeRTOS/list.o
                0x08008600                vListInitialise
 .text.vListInitialiseItem
                0x08008616        0x6 ./Middlewares/FreeRTOS/list.o
                0x08008616                vListInitialiseItem
 .text.vListInsertEnd
                0x0800861c       0x16 ./Middlewares/FreeRTOS/list.o
                0x0800861c                vListInsertEnd
 .text.vListInsert
                0x08008632       0x2e ./Middlewares/FreeRTOS/list.o
                0x08008632                vListInsert
 .text.uxListRemove
                0x08008660       0x20 ./Middlewares/FreeRTOS/list.o
                0x08008660                uxListRemove
 .text.prvPortStartFirstTask
                0x08008680       0x28 ./Middlewares/FreeRTOS/port.o
 .text.vPortEnableVFP
                0x080086a8       0x14 ./Middlewares/FreeRTOS/port.o
 .text.prvTaskExitError
                0x080086bc       0x40 ./Middlewares/FreeRTOS/port.o
 .text.pxPortInitialiseStack
                0x080086fc       0x2c ./Middlewares/FreeRTOS/port.o
                0x080086fc                pxPortInitialiseStack
 *fill*         0x08008728        0x8 
 .text.SVC_Handler
                0x08008730       0x24 ./Middlewares/FreeRTOS/port.o
                0x08008730                SVC_Handler
 .text.vPortEnterCritical
                0x08008754       0x40 ./Middlewares/FreeRTOS/port.o
                0x08008754                vPortEnterCritical
 .text.vPortExitCritical
                0x08008794       0x28 ./Middlewares/FreeRTOS/port.o
                0x08008794                vPortExitCritical
 *fill*         0x080087bc        0x4 
 .text.PendSV_Handler
                0x080087c0       0x64 ./Middlewares/FreeRTOS/port.o
                0x080087c0                PendSV_Handler
 .text.xPortSysTickHandler
                0x08008824       0x2c ./Middlewares/FreeRTOS/port.o
                0x08008824                xPortSysTickHandler
 .text.vPortSetupTimerInterrupt
                0x08008850       0x24 ./Middlewares/FreeRTOS/port.o
                0x08008850                vPortSetupTimerInterrupt
 .text.xPortStartScheduler
                0x08008874      0x104 ./Middlewares/FreeRTOS/port.o
                0x08008874                xPortStartScheduler
 .text.vPortValidateInterruptPriority
                0x08008978       0x5c ./Middlewares/FreeRTOS/port.o
                0x08008978                vPortValidateInterruptPriority
 .text.prvIsQueueEmpty
                0x080089d4       0x16 ./Middlewares/FreeRTOS/queue.o
 .text.prvCopyDataToQueue
                0x080089ea       0x66 ./Middlewares/FreeRTOS/queue.o
 .text.prvCopyDataFromQueue
                0x08008a50       0x2c ./Middlewares/FreeRTOS/queue.o
 .text.prvUnlockQueue
                0x08008a7c       0x6c ./Middlewares/FreeRTOS/queue.o
 .text.xQueueGenericReset
                0x08008ae8       0x7e ./Middlewares/FreeRTOS/queue.o
                0x08008ae8                xQueueGenericReset
 .text.xQueueGenericCreateStatic
                0x08008b66       0x9c ./Middlewares/FreeRTOS/queue.o
                0x08008b66                xQueueGenericCreateStatic
 .text.xQueueGenericSend
                0x08008c02      0x164 ./Middlewares/FreeRTOS/queue.o
                0x08008c02                xQueueGenericSend
 .text.xQueueGenericSendFromISR
                0x08008d66       0xba ./Middlewares/FreeRTOS/queue.o
                0x08008d66                xQueueGenericSendFromISR
 .text.xQueueReceive
                0x08008e20      0x13c ./Middlewares/FreeRTOS/queue.o
                0x08008e20                xQueueReceive
 .text.vQueueAddToRegistry
                0x08008f5c       0x24 ./Middlewares/FreeRTOS/queue.o
                0x08008f5c                vQueueAddToRegistry
 .text.vQueueWaitForMessageRestricted
                0x08008f80       0x46 ./Middlewares/FreeRTOS/queue.o
                0x08008f80                vQueueWaitForMessageRestricted
 *fill*         0x08008fc6        0x2 
 .text.prvAddNewTaskToReadyList
                0x08008fc8      0x100 ./Middlewares/FreeRTOS/tasks.o
 .text.prvAddCurrentTaskToDelayedList
                0x080090c8       0x70 ./Middlewares/FreeRTOS/tasks.o
 .text.prvResetNextTaskUnblockTime
                0x08009138       0x24 ./Middlewares/FreeRTOS/tasks.o
 .text.prvDeleteTCB
                0x0800915c       0x36 ./Middlewares/FreeRTOS/tasks.o
 *fill*         0x08009192        0x2 
 .text.prvIdleTask
                0x08009194       0x60 ./Middlewares/FreeRTOS/tasks.o
 .text.prvInitialiseNewTask.constprop.0
                0x080091f4       0x96 ./Middlewares/FreeRTOS/tasks.o
 .text.xTaskCreateStatic
                0x0800928a       0x70 ./Middlewares/FreeRTOS/tasks.o
                0x0800928a                xTaskCreateStatic
 .text.xTaskCreate
                0x080092fa       0x5c ./Middlewares/FreeRTOS/tasks.o
                0x080092fa                xTaskCreate
 *fill*         0x08009356        0x2 
 .text.vTaskStartScheduler
                0x08009358       0x8c ./Middlewares/FreeRTOS/tasks.o
                0x08009358                vTaskStartScheduler
 .text.vTaskSuspendAll
                0x080093e4       0x10 ./Middlewares/FreeRTOS/tasks.o
                0x080093e4                vTaskSuspendAll
 .text.xTaskGetTickCount
                0x080093f4        0xc ./Middlewares/FreeRTOS/tasks.o
                0x080093f4                xTaskGetTickCount
 .text.xTaskGetTickCountFromISR
                0x08009400       0x10 ./Middlewares/FreeRTOS/tasks.o
                0x08009400                xTaskGetTickCountFromISR
 .text.xTaskIncrementTick
                0x08009410      0x12c ./Middlewares/FreeRTOS/tasks.o
                0x08009410                xTaskIncrementTick
 .text.xTaskResumeAll
                0x0800953c       0xe8 ./Middlewares/FreeRTOS/tasks.o
                0x0800953c                xTaskResumeAll
 .text.vTaskDelayUntil
                0x08009624       0x94 ./Middlewares/FreeRTOS/tasks.o
                0x08009624                vTaskDelayUntil
 .text.vTaskDelay
                0x080096b8       0x48 ./Middlewares/FreeRTOS/tasks.o
                0x080096b8                vTaskDelay
 .text.vTaskSwitchContext
                0x08009700       0x74 ./Middlewares/FreeRTOS/tasks.o
                0x08009700                vTaskSwitchContext
 .text.vTaskPlaceOnEventList
                0x08009774       0x34 ./Middlewares/FreeRTOS/tasks.o
                0x08009774                vTaskPlaceOnEventList
 .text.vTaskPlaceOnEventListRestricted
                0x080097a8       0x3c ./Middlewares/FreeRTOS/tasks.o
                0x080097a8                vTaskPlaceOnEventListRestricted
 .text.xTaskRemoveFromEventList
                0x080097e4       0x80 ./Middlewares/FreeRTOS/tasks.o
                0x080097e4                xTaskRemoveFromEventList
 .text.vTaskInternalSetTimeOutState
                0x08009864       0x18 ./Middlewares/FreeRTOS/tasks.o
                0x08009864                vTaskInternalSetTimeOutState
 .text.xTaskCheckForTimeOut
                0x0800987c       0x78 ./Middlewares/FreeRTOS/tasks.o
                0x0800987c                xTaskCheckForTimeOut
 .text.vTaskMissedYield
                0x080098f4        0xc ./Middlewares/FreeRTOS/tasks.o
                0x080098f4                vTaskMissedYield
 .text.xTaskGetSchedulerState
                0x08009900       0x20 ./Middlewares/FreeRTOS/tasks.o
                0x08009900                xTaskGetSchedulerState
 .text.xTaskPriorityDisinherit
                0x08009920       0x84 ./Middlewares/FreeRTOS/tasks.o
                0x08009920                xTaskPriorityDisinherit
 .text.prvInsertTimerInActiveList
                0x080099a4       0x3c ./Middlewares/FreeRTOS/timers.o
 .text.prvCheckForValidListAndQueue
                0x080099e0       0x68 ./Middlewares/FreeRTOS/timers.o
 .text.xTimerCreateTimerTask
                0x08009a48       0x64 ./Middlewares/FreeRTOS/timers.o
                0x08009a48                xTimerCreateTimerTask
 .text.xTimerGenericCommand
                0x08009aac       0x58 ./Middlewares/FreeRTOS/timers.o
                0x08009aac                xTimerGenericCommand
 .text.prvSampleTimeNow
                0x08009b04       0xa4 ./Middlewares/FreeRTOS/timers.o
 .text.prvTimerTask
                0x08009ba8      0x1cc ./Middlewares/FreeRTOS/timers.o
 .text.snprintf
                0x08009d74       0x6c D:/Software/STMicroelectronics/STM32CubeIDE_1.18.1/STM32CubeIDE/plugins/com.st.stm32cube.ide.mcu.externaltools.gnu-tools-for-stm32.13.3.rel1.win32_1.0.0.202411081344/tools/bin/../lib/gcc/arm-none-eabi/13.3.1/../../../../arm-none-eabi/lib/thumb/v7e-m+fp/hard\libc_nano.a(libc_a-snprintf.o)
                0x08009d74                sniprintf
                0x08009d74                snprintf
 .text.sprintf  0x08009de0       0x44 D:/Software/STMicroelectronics/STM32CubeIDE_1.18.1/STM32CubeIDE/plugins/com.st.stm32cube.ide.mcu.externaltools.gnu-tools-for-stm32.13.3.rel1.win32_1.0.0.202411081344/tools/bin/../lib/gcc/arm-none-eabi/13.3.1/../../../../arm-none-eabi/lib/thumb/v7e-m+fp/hard\libc_nano.a(libc_a-sprintf.o)
                0x08009de0                siprintf
                0x08009de0                sprintf
 .text.memset   0x08009e24       0x10 D:/Software/STMicroelectronics/STM32CubeIDE_1.18.1/STM32CubeIDE/plugins/com.st.stm32cube.ide.mcu.externaltools.gnu-tools-for-stm32.13.3.rel1.win32_1.0.0.202411081344/tools/bin/../lib/gcc/arm-none-eabi/13.3.1/../../../../arm-none-eabi/lib/thumb/v7e-m+fp/hard\libc_nano.a(libc_a-memset.o)
                0x08009e24                memset
 .text.__errno  0x08009e34        0xc D:/Software/STMicroelectronics/STM32CubeIDE_1.18.1/STM32CubeIDE/plugins/com.st.stm32cube.ide.mcu.externaltools.gnu-tools-for-stm32.13.3.rel1.win32_1.0.0.202411081344/tools/bin/../lib/gcc/arm-none-eabi/13.3.1/../../../../arm-none-eabi/lib/thumb/v7e-m+fp/hard\libc_nano.a(libc_a-errno.o)
                0x08009e34                __errno
 .text.__libc_init_array
                0x08009e40       0x48 D:/Software/STMicroelectronics/STM32CubeIDE_1.18.1/STM32CubeIDE/plugins/com.st.stm32cube.ide.mcu.externaltools.gnu-tools-for-stm32.13.3.rel1.win32_1.0.0.202411081344/tools/bin/../lib/gcc/arm-none-eabi/13.3.1/../../../../arm-none-eabi/lib/thumb/v7e-m+fp/hard\libc_nano.a(libc_a-init.o)
                0x08009e40                __libc_init_array
 .text.__retarget_lock_acquire_recursive
                0x08009e88        0x2 D:/Software/STMicroelectronics/STM32CubeIDE_1.18.1/STM32CubeIDE/plugins/com.st.stm32cube.ide.mcu.externaltools.gnu-tools-for-stm32.13.3.rel1.win32_1.0.0.202411081344/tools/bin/../lib/gcc/arm-none-eabi/13.3.1/../../../../arm-none-eabi/lib/thumb/v7e-m+fp/hard\libc_nano.a(libc_a-lock.o)
                0x08009e88                __retarget_lock_acquire_recursive
 .text.__retarget_lock_release_recursive
                0x08009e8a        0x2 D:/Software/STMicroelectronics/STM32CubeIDE_1.18.1/STM32CubeIDE/plugins/com.st.stm32cube.ide.mcu.externaltools.gnu-tools-for-stm32.13.3.rel1.win32_1.0.0.202411081344/tools/bin/../lib/gcc/arm-none-eabi/13.3.1/../../../../arm-none-eabi/lib/thumb/v7e-m+fp/hard\libc_nano.a(libc_a-lock.o)
                0x08009e8a                __retarget_lock_release_recursive
 .text.memcpy   0x08009e8c       0x1c D:/Software/STMicroelectronics/STM32CubeIDE_1.18.1/STM32CubeIDE/plugins/com.st.stm32cube.ide.mcu.externaltools.gnu-tools-for-stm32.13.3.rel1.win32_1.0.0.202411081344/tools/bin/../lib/gcc/arm-none-eabi/13.3.1/../../../../arm-none-eabi/lib/thumb/v7e-m+fp/hard\libc_nano.a(libc_a-memcpy-stub.o)
                0x08009e8c                memcpy
 .text._free_r  0x08009ea8       0x94 D:/Software/STMicroelectronics/STM32CubeIDE_1.18.1/STM32CubeIDE/plugins/com.st.stm32cube.ide.mcu.externaltools.gnu-tools-for-stm32.13.3.rel1.win32_1.0.0.202411081344/tools/bin/../lib/gcc/arm-none-eabi/13.3.1/../../../../arm-none-eabi/lib/thumb/v7e-m+fp/hard\libc_nano.a(libc_a-freer.o)
                0x08009ea8                _free_r
 .text.sbrk_aligned
                0x08009f3c       0x44 D:/Software/STMicroelectronics/STM32CubeIDE_1.18.1/STM32CubeIDE/plugins/com.st.stm32cube.ide.mcu.externaltools.gnu-tools-for-stm32.13.3.rel1.win32_1.0.0.202411081344/tools/bin/../lib/gcc/arm-none-eabi/13.3.1/../../../../arm-none-eabi/lib/thumb/v7e-m+fp/hard\libc_nano.a(libc_a-mallocr.o)
 .text._malloc_r
                0x08009f80      0x100 D:/Software/STMicroelectronics/STM32CubeIDE_1.18.1/STM32CubeIDE/plugins/com.st.stm32cube.ide.mcu.externaltools.gnu-tools-for-stm32.13.3.rel1.win32_1.0.0.202411081344/tools/bin/../lib/gcc/arm-none-eabi/13.3.1/../../../../arm-none-eabi/lib/thumb/v7e-m+fp/hard\libc_nano.a(libc_a-mallocr.o)
                0x08009f80                _malloc_r
 .text.__malloc_lock
                0x0800a080        0xc D:/Software/STMicroelectronics/STM32CubeIDE_1.18.1/STM32CubeIDE/plugins/com.st.stm32cube.ide.mcu.externaltools.gnu-tools-for-stm32.13.3.rel1.win32_1.0.0.202411081344/tools/bin/../lib/gcc/arm-none-eabi/13.3.1/../../../../arm-none-eabi/lib/thumb/v7e-m+fp/hard\libc_nano.a(libc_a-mlock.o)
                0x0800a080                __malloc_lock
 .text.__malloc_unlock
                0x0800a08c        0xc D:/Software/STMicroelectronics/STM32CubeIDE_1.18.1/STM32CubeIDE/plugins/com.st.stm32cube.ide.mcu.externaltools.gnu-tools-for-stm32.13.3.rel1.win32_1.0.0.202411081344/tools/bin/../lib/gcc/arm-none-eabi/13.3.1/../../../../arm-none-eabi/lib/thumb/v7e-m+fp/hard\libc_nano.a(libc_a-mlock.o)
                0x0800a08c                __malloc_unlock
 .text.__ssputs_r
                0x0800a098       0xb6 D:/Software/STMicroelectronics/STM32CubeIDE_1.18.1/STM32CubeIDE/plugins/com.st.stm32cube.ide.mcu.externaltools.gnu-tools-for-stm32.13.3.rel1.win32_1.0.0.202411081344/tools/bin/../lib/gcc/arm-none-eabi/13.3.1/../../../../arm-none-eabi/lib/thumb/v7e-m+fp/hard\libc_nano.a(libc_a-nano-svfprintf.o)
                0x0800a098                __ssputs_r
 *fill*         0x0800a14e        0x2 
 .text._svfprintf_r
                0x0800a150      0x1f8 D:/Software/STMicroelectronics/STM32CubeIDE_1.18.1/STM32CubeIDE/plugins/com.st.stm32cube.ide.mcu.externaltools.gnu-tools-for-stm32.13.3.rel1.win32_1.0.0.202411081344/tools/bin/../lib/gcc/arm-none-eabi/13.3.1/../../../../arm-none-eabi/lib/thumb/v7e-m+fp/hard\libc_nano.a(libc_a-nano-svfprintf.o)
                0x0800a150                _svfiprintf_r
                0x0800a150                _svfprintf_r
 .text._printf_common
                0x0800a348       0xda D:/Software/STMicroelectronics/STM32CubeIDE_1.18.1/STM32CubeIDE/plugins/com.st.stm32cube.ide.mcu.externaltools.gnu-tools-for-stm32.13.3.rel1.win32_1.0.0.202411081344/tools/bin/../lib/gcc/arm-none-eabi/13.3.1/../../../../arm-none-eabi/lib/thumb/v7e-m+fp/hard\libc_nano.a(libc_a-nano-vfprintf_i.o)
                0x0800a348                _printf_common
 *fill*         0x0800a422        0x2 
 .text._printf_i
                0x0800a424      0x23c D:/Software/STMicroelectronics/STM32CubeIDE_1.18.1/STM32CubeIDE/plugins/com.st.stm32cube.ide.mcu.externaltools.gnu-tools-for-stm32.13.3.rel1.win32_1.0.0.202411081344/tools/bin/../lib/gcc/arm-none-eabi/13.3.1/../../../../arm-none-eabi/lib/thumb/v7e-m+fp/hard\libc_nano.a(libc_a-nano-vfprintf_i.o)
                0x0800a424                _printf_i
 .text.memmove  0x0800a660       0x34 D:/Software/STMicroelectronics/STM32CubeIDE_1.18.1/STM32CubeIDE/plugins/com.st.stm32cube.ide.mcu.externaltools.gnu-tools-for-stm32.13.3.rel1.win32_1.0.0.202411081344/tools/bin/../lib/gcc/arm-none-eabi/13.3.1/../../../../arm-none-eabi/lib/thumb/v7e-m+fp/hard\libc_nano.a(libc_a-memmove.o)
                0x0800a660                memmove
 .text._sbrk_r  0x0800a694       0x20 D:/Software/STMicroelectronics/STM32CubeIDE_1.18.1/STM32CubeIDE/plugins/com.st.stm32cube.ide.mcu.externaltools.gnu-tools-for-stm32.13.3.rel1.win32_1.0.0.202411081344/tools/bin/../lib/gcc/arm-none-eabi/13.3.1/../../../../arm-none-eabi/lib/thumb/v7e-m+fp/hard\libc_nano.a(libc_a-sbrkr.o)
                0x0800a694                _sbrk_r
 .text._realloc_r
                0x0800a6b4       0x5c D:/Software/STMicroelectronics/STM32CubeIDE_1.18.1/STM32CubeIDE/plugins/com.st.stm32cube.ide.mcu.externaltools.gnu-tools-for-stm32.13.3.rel1.win32_1.0.0.202411081344/tools/bin/../lib/gcc/arm-none-eabi/13.3.1/../../../../arm-none-eabi/lib/thumb/v7e-m+fp/hard\libc_nano.a(libc_a-reallocr.o)
                0x0800a6b4                _realloc_r
 .text._malloc_usable_size_r
                0x0800a710       0x10 D:/Software/STMicroelectronics/STM32CubeIDE_1.18.1/STM32CubeIDE/plugins/com.st.stm32cube.ide.mcu.externaltools.gnu-tools-for-stm32.13.3.rel1.win32_1.0.0.202411081344/tools/bin/../lib/gcc/arm-none-eabi/13.3.1/../../../../arm-none-eabi/lib/thumb/v7e-m+fp/hard\libc_nano.a(libc_a-msizer.o)
                0x0800a710                _malloc_usable_size_r
 *(.glue_7)
 .glue_7        0x0800a720        0x0 linker stubs
 *(.glue_7t)
 .glue_7t       0x0800a720        0x0 linker stubs
 *(.eh_frame)
 .eh_frame      0x0800a720        0x0 D:/Software/STMicroelectronics/STM32CubeIDE_1.18.1/STM32CubeIDE/plugins/com.st.stm32cube.ide.mcu.externaltools.gnu-tools-for-stm32.13.3.rel1.win32_1.0.0.202411081344/tools/bin/../lib/gcc/arm-none-eabi/13.3.1/thumb/v7e-m+fp/hard/crtbegin.o
 *(.init)
 .init          0x0800a720        0x4 D:/Software/STMicroelectronics/STM32CubeIDE_1.18.1/STM32CubeIDE/plugins/com.st.stm32cube.ide.mcu.externaltools.gnu-tools-for-stm32.13.3.rel1.win32_1.0.0.202411081344/tools/bin/../lib/gcc/arm-none-eabi/13.3.1/thumb/v7e-m+fp/hard/crti.o
                0x0800a720                _init
 .init          0x0800a724        0x8 D:/Software/STMicroelectronics/STM32CubeIDE_1.18.1/STM32CubeIDE/plugins/com.st.stm32cube.ide.mcu.externaltools.gnu-tools-for-stm32.13.3.rel1.win32_1.0.0.202411081344/tools/bin/../lib/gcc/arm-none-eabi/13.3.1/thumb/v7e-m+fp/hard/crtn.o
 *(.fini)
 .fini          0x0800a72c        0x4 D:/Software/STMicroelectronics/STM32CubeIDE_1.18.1/STM32CubeIDE/plugins/com.st.stm32cube.ide.mcu.externaltools.gnu-tools-for-stm32.13.3.rel1.win32_1.0.0.202411081344/tools/bin/../lib/gcc/arm-none-eabi/13.3.1/thumb/v7e-m+fp/hard/crti.o
                0x0800a72c                _fini
 .fini          0x0800a730        0x8 D:/Software/STMicroelectronics/STM32CubeIDE_1.18.1/STM32CubeIDE/plugins/com.st.stm32cube.ide.mcu.externaltools.gnu-tools-for-stm32.13.3.rel1.win32_1.0.0.202411081344/tools/bin/../lib/gcc/arm-none-eabi/13.3.1/thumb/v7e-m+fp/hard/crtn.o
                0x0800a738                        . = ALIGN (0x4)
                0x0800a738                        _etext = .

.vfp11_veneer   0x0800a738        0x0
 .vfp11_veneer  0x0800a738        0x0 linker stubs

.v4_bx          0x0800a738        0x0
 .v4_bx         0x0800a738        0x0 linker stubs

.iplt           0x0800a738        0x0
 .iplt          0x0800a738        0x0 D:/Software/STMicroelectronics/STM32CubeIDE_1.18.1/STM32CubeIDE/plugins/com.st.stm32cube.ide.mcu.externaltools.gnu-tools-for-stm32.13.3.rel1.win32_1.0.0.202411081344/tools/bin/../lib/gcc/arm-none-eabi/13.3.1/thumb/v7e-m+fp/hard/crtbegin.o

.rodata         0x0800a738     0xe498
                0x0800a738                        . = ALIGN (0x4)
 *(.rodata)
 *(.rodata*)
 .rodata.DRAW_FRAME.part.0.str1.1
                0x0800a738      0x578 ./Application/User/Core/freertos.o
                                 0x12 (size before relaxing)
 .rodata.DRAW_DATA.str1.1
                0x0800acb0        0x8 ./Application/User/Core/freertos.o
 .rodata.str1.1
                0x0800acb0       0x22 ./Application/User/Core/freertos.o
 .rodata.defaultTask_attributes
                0x0800acb0       0x24 ./Application/User/Core/freertos.o
                0x0800acb0                defaultTask_attributes
 .rodata.KeyScan_Task_attributes
                0x0800acd4       0x24 ./Application/User/Core/freertos.o
                0x0800acd4                KeyScan_Task_attributes
 .rodata.LED_Task_attributes
                0x0800acf8       0x24 ./Application/User/Core/freertos.o
                0x0800acf8                LED_Task_attributes
 .rodata.gImage_DOG
                0x0800ad1c     0xaaa0 ./Application/User/Core/freertos.o
                0x0800ad1c                gImage_DOG
 .rodata.APBPrescTable
                0x080157bc        0x8 ./Drivers/CMSIS/system_stm32f4xx.o
                0x080157bc                APBPrescTable
 .rodata.AHBPrescTable
                0x080157c4       0x10 ./Drivers/CMSIS/system_stm32f4xx.o
                0x080157c4                AHBPrescTable
 .rodata.HAL_ADC_Init.str1.1
                0x080157d4       0x69 ./Drivers/STM32F4xx_HAL_Driver/stm32f4xx_hal_adc.o
 .rodata.HAL_NVIC_SetPriorityGrouping.str1.1
                0x080157d4       0x6c ./Drivers/STM32F4xx_HAL_Driver/stm32f4xx_hal_cortex.o
 .rodata.HAL_CRC_Init.str1.1
                0x080157d4       0x69 ./Drivers/STM32F4xx_HAL_Driver/stm32f4xx_hal_crc.o
 .rodata.HAL_DMA_Init.str1.1
                0x080157d4       0x69 ./Drivers/STM32F4xx_HAL_Driver/stm32f4xx_hal_dma.o
 .rodata.flagBitshiftOffset.0
                0x080157d4        0x8 ./Drivers/STM32F4xx_HAL_Driver/stm32f4xx_hal_dma.o
 .rodata.HAL_GPIO_Init.str1.1
                0x080157dc       0x6a ./Drivers/STM32F4xx_HAL_Driver/stm32f4xx_hal_gpio.o
 .rodata.HAL_I2C_Init.str1.1
                0x080157dc       0x69 ./Drivers/STM32F4xx_HAL_Driver/stm32f4xx_hal_i2c.o
 .rodata.HAL_PCD_Init.str1.1
                0x080157dc       0x69 ./Drivers/STM32F4xx_HAL_Driver/stm32f4xx_hal_pcd.o
 .rodata.HAL_RCC_OscConfig.str1.1
                0x080157dc       0x69 ./Drivers/STM32F4xx_HAL_Driver/stm32f4xx_hal_rcc.o
 .rodata.HAL_SPI_Init.str1.1
                0x080157dc       0x69 ./Drivers/STM32F4xx_HAL_Driver/stm32f4xx_hal_spi.o
 .rodata.TIM_OC1_SetConfig.str1.1
                0x080157dc       0x69 ./Drivers/STM32F4xx_HAL_Driver/stm32f4xx_hal_tim.o
 .rodata.UART_SetConfig.str1.1
                0x080157dc       0x6a ./Drivers/STM32F4xx_HAL_Driver/stm32f4xx_hal_uart.o
 .rodata.ascii_3216
                0x080157dc     0x17c0 ./HARDWARE/LCD/lcd.o
                0x080157dc                ascii_3216
 .rodata.ascii_2412
                0x08016f9c     0x11d0 ./HARDWARE/LCD/lcd.o
                0x08016f9c                ascii_2412
 .rodata.ascii_1608
                0x0801816c      0x5f0 ./HARDWARE/LCD/lcd.o
                0x0801816c                ascii_1608
 .rodata.ascii_1206
                0x0801875c      0x474 ./HARDWARE/LCD/lcd.o
                0x0801875c                ascii_1206
 .rodata.USBD_COMPOSITE_GetUsrStringDesc.str1.1
                0x08018bd0       0x21 ./Middlewares/Composite/USB/COMPOSITE/COMPOSITE/usbd_composite.o
 .rodata.USBD_ManufacturerStrDescriptor.str1.1
                0x08018bd0       0x13 ./Middlewares/Composite/USB/COMPOSITE/Core/usbd_desc.o
 .rodata.USBD_ProductStrDescriptor.str1.1
                0x08018bd0       0x17 ./Middlewares/Composite/USB/COMPOSITE/Core/usbd_desc.o
 .rodata.USBD_ConfigStrDescriptor.str1.1
                0x08018bd0       0x10 ./Middlewares/Composite/USB/COMPOSITE/Core/usbd_desc.o
 .rodata.USBD_InterfaceStrDescriptor.str1.1
                0x08018bd0       0x14 ./Middlewares/Composite/USB/COMPOSITE/Core/usbd_desc.o
 .rodata.vTaskStartScheduler.str1.1
                0x08018bd0        0x5 ./Middlewares/FreeRTOS/tasks.o
 .rodata.prvCheckForValidListAndQueue.str1.1
                0x08018bd0        0x5 ./Middlewares/FreeRTOS/timers.o
 .rodata.xTimerCreateTimerTask.str1.1
                0x08018bd0        0x8 ./Middlewares/FreeRTOS/timers.o
 .rodata._svfprintf_r.str1.1
                0x08018bd0       0x11 D:/Software/STMicroelectronics/STM32CubeIDE_1.18.1/STM32CubeIDE/plugins/com.st.stm32cube.ide.mcu.externaltools.gnu-tools-for-stm32.13.3.rel1.win32_1.0.0.202411081344/tools/bin/../lib/gcc/arm-none-eabi/13.3.1/../../../../arm-none-eabi/lib/thumb/v7e-m+fp/hard\libc_nano.a(libc_a-nano-svfprintf.o)
 .rodata._printf_i.str1.1
                0x08018bd0       0x22 D:/Software/STMicroelectronics/STM32CubeIDE_1.18.1/STM32CubeIDE/plugins/com.st.stm32cube.ide.mcu.externaltools.gnu-tools-for-stm32.13.3.rel1.win32_1.0.0.202411081344/tools/bin/../lib/gcc/arm-none-eabi/13.3.1/../../../../arm-none-eabi/lib/thumb/v7e-m+fp/hard\libc_nano.a(libc_a-nano-vfprintf_i.o)
                0x08018bf4                        . = ALIGN (0x4)

.ARM.extab      0x08018bd0        0x0
                0x08018bd0                        . = ALIGN (0x4)
 *(.ARM.extab* .gnu.linkonce.armextab.*)
                0x08018bd0                        . = ALIGN (0x4)

.ARM            0x08018bd0        0x8
                0x08018bd0                        . = ALIGN (0x4)
                0x08018bd0                        __exidx_start = .
 *(.ARM.exidx*)
 .ARM.exidx     0x08018bd0        0x8 D:/Software/STMicroelectronics/STM32CubeIDE_1.18.1/STM32CubeIDE/plugins/com.st.stm32cube.ide.mcu.externaltools.gnu-tools-for-stm32.13.3.rel1.win32_1.0.0.202411081344/tools/bin/../lib/gcc/arm-none-eabi/13.3.1/../../../../arm-none-eabi/lib/thumb/v7e-m+fp/hard\libc_nano.a(libc_a-strlen.o)
 .ARM.exidx     0x08018bd8        0x0 D:/Software/STMicroelectronics/STM32CubeIDE_1.18.1/STM32CubeIDE/plugins/com.st.stm32cube.ide.mcu.externaltools.gnu-tools-for-stm32.13.3.rel1.win32_1.0.0.202411081344/tools/bin/../lib/gcc/arm-none-eabi/13.3.1/../../../../arm-none-eabi/lib/thumb/v7e-m+fp/hard\libc_nano.a(libc_a-memchr.o)
                                  0x8 (size before relaxing)
 .ARM.exidx     0x08018bd8        0x0 D:/Software/STMicroelectronics/STM32CubeIDE_1.18.1/STM32CubeIDE/plugins/com.st.stm32cube.ide.mcu.externaltools.gnu-tools-for-stm32.13.3.rel1.win32_1.0.0.202411081344/tools/bin/../lib/gcc/arm-none-eabi/13.3.1/thumb/v7e-m+fp/hard\libgcc.a(_udivmoddi4.o)
                                  0x8 (size before relaxing)
                0x08018bd8                        __exidx_end = .
                0x08018bd8                        . = ALIGN (0x4)

.preinit_array  0x08018bd8        0x0
                0x08018bd8                        . = ALIGN (0x4)
                0x08018bd8                        PROVIDE (__preinit_array_start = .)
 *(.preinit_array*)
                0x08018bd8                        PROVIDE (__preinit_array_end = .)
                0x08018bd8                        . = ALIGN (0x4)

.init_array     0x08018bd8        0x4
                0x08018bd8                        . = ALIGN (0x4)
                0x08018bd8                        PROVIDE (__init_array_start = .)
 *(SORT_BY_NAME(.init_array.*))
 *(.init_array*)
 .init_array    0x08018bd8        0x4 D:/Software/STMicroelectronics/STM32CubeIDE_1.18.1/STM32CubeIDE/plugins/com.st.stm32cube.ide.mcu.externaltools.gnu-tools-for-stm32.13.3.rel1.win32_1.0.0.202411081344/tools/bin/../lib/gcc/arm-none-eabi/13.3.1/thumb/v7e-m+fp/hard/crtbegin.o
                0x08018bdc                        PROVIDE (__init_array_end = .)
                0x08018bdc                        . = ALIGN (0x4)

.fini_array     0x08018bdc        0x4
                0x08018bdc                        . = ALIGN (0x4)
                [!provide]                        PROVIDE (__fini_array_start = .)
 *(SORT_BY_NAME(.fini_array.*))
 *(.fini_array*)