Component: Arm Compiler for Embedded 6.19 Tool: armlink [5e73cb00]

==============================================================================

Section Cross References

    startup_stm32f401xc.o(STACK) refers (Special) to heapauxi.o(.text) for __use_two_region_memory
    startup_stm32f401xc.o(HEAP) refers (Special) to heapauxi.o(.text) for __use_two_region_memory
    startup_stm32f401xc.o(RESET) refers (Special) to heapauxi.o(.text) for __use_two_region_memory
    startup_stm32f401xc.o(RESET) refers to startup_stm32f401xc.o(STACK) for __initial_sp
    startup_stm32f401xc.o(RESET) refers to startup_stm32f401xc.o(.text) for Reset_Handler
    startup_stm32f401xc.o(RESET) refers to stm32f4xx_it.o(.text.NMI_Handler) for NMI_Handler
    startup_stm32f401xc.o(RESET) refers to stm32f4xx_it.o(.text.HardFault_Handler) for HardFault_Handler
    startup_stm32f401xc.o(RESET) refers to stm32f4xx_it.o(.text.MemManage_Handler) for MemManage_Handler
    startup_stm32f401xc.o(RESET) refers to stm32f4xx_it.o(.text.BusFault_Handler) for BusFault_Handler
    startup_stm32f401xc.o(RESET) refers to stm32f4xx_it.o(.text.UsageFault_Handler) for UsageFault_Handler
    startup_stm32f401xc.o(RESET) refers to stm32f4xx_it.o(.text.SVC_Handler) for SVC_Handler
    startup_stm32f401xc.o(RESET) refers to stm32f4xx_it.o(.text.DebugMon_Handler) for DebugMon_Handler
    startup_stm32f401xc.o(RESET) refers to stm32f4xx_it.o(.text.PendSV_Handler) for PendSV_Handler
    startup_stm32f401xc.o(RESET) refers to stm32f4xx_it.o(.text.SysTick_Handler) for SysTick_Handler
    startup_stm32f401xc.o(RESET) refers to stm32f4xx_it.o(.text.DMA1_Stream4_IRQHandler) for DMA1_Stream4_IRQHandler
    startup_stm32f401xc.o(RESET) refers to stm32f4xx_it.o(.text.OTG_FS_IRQHandler) for OTG_FS_IRQHandler
    startup_stm32f401xc.o(.text) refers (Special) to heapauxi.o(.text) for __use_two_region_memory
    startup_stm32f401xc.o(.text) refers to system_stm32f4xx.o(.text.SystemInit) for SystemInit
    startup_stm32f401xc.o(.text) refers to __main.o(!!!main) for __main
    startup_stm32f401xc.o(.text) refers to startup_stm32f401xc.o(HEAP) for Heap_Mem
    startup_stm32f401xc.o(.text) refers to startup_stm32f401xc.o(STACK) for Stack_Mem
    main.o(.text.main) refers to stm32f4xx_hal.o(.text.HAL_Init) for HAL_Init
    main.o(.text.main) refers to main.o(.text.SystemClock_Config) for SystemClock_Config
    main.o(.text.main) refers to gpio.o(.text.MX_GPIO_Init) for MX_GPIO_Init
    main.o(.text.main) refers to dma.o(.text.MX_DMA_Init) for MX_DMA_Init
    main.o(.text.main) refers to adc.o(.text.MX_ADC1_Init) for MX_ADC1_Init
    main.o(.text.main) refers to crc.o(.text.MX_CRC_Init) for MX_CRC_Init
    main.o(.text.main) refers to usb_device.o(.text.MX_USB_DEVICE_Init) for MX_USB_DEVICE_Init
    main.o(.text.main) refers to i2c.o(.text.MX_I2C3_Init) for MX_I2C3_Init
    main.o(.text.main) refers to spi.o(.text.MX_SPI2_Init) for MX_SPI2_Init
    main.o(.text.main) refers to usart.o(.text.MX_USART6_UART_Init) for MX_USART6_UART_Init
    main.o(.ARM.exidx.text.main) refers to main.o(.text.main) for [Anonymous Symbol]
    main.o(.text.SystemClock_Config) refers to stm32f4xx_hal_rcc.o(.text.HAL_RCC_OscConfig) for HAL_RCC_OscConfig
    main.o(.text.SystemClock_Config) refers to stm32f4xx_hal_rcc.o(.text.HAL_RCC_ClockConfig) for HAL_RCC_ClockConfig
    main.o(.ARM.exidx.text.SystemClock_Config) refers to main.o(.text.SystemClock_Config) for [Anonymous Symbol]
    main.o(.ARM.exidx.text.Error_Handler) refers to main.o(.text.Error_Handler) for [Anonymous Symbol]
    main.o(.ARM.exidx.text.assert_failed) refers to main.o(.text.assert_failed) for [Anonymous Symbol]
    gpio.o(.text.MX_GPIO_Init) refers to stm32f4xx_hal_gpio.o(.text.HAL_GPIO_Init) for HAL_GPIO_Init
    gpio.o(.ARM.exidx.text.MX_GPIO_Init) refers to gpio.o(.text.MX_GPIO_Init) for [Anonymous Symbol]
    adc.o(.text.MX_ADC1_Init) refers to adc.o(.bss.hadc1) for hadc1
    adc.o(.text.MX_ADC1_Init) refers to stm32f4xx_hal_adc.o(.text.HAL_ADC_Init) for HAL_ADC_Init
    adc.o(.text.MX_ADC1_Init) refers to main.o(.text.Error_Handler) for Error_Handler
    adc.o(.text.MX_ADC1_Init) refers to stm32f4xx_hal_adc.o(.text.HAL_ADC_ConfigChannel) for HAL_ADC_ConfigChannel
    adc.o(.ARM.exidx.text.MX_ADC1_Init) refers to adc.o(.text.MX_ADC1_Init) for [Anonymous Symbol]
    adc.o(.ARM.exidx.text.HAL_ADC_MspInit) refers to adc.o(.text.HAL_ADC_MspInit) for [Anonymous Symbol]
    adc.o(.ARM.exidx.text.HAL_ADC_MspDeInit) refers to adc.o(.text.HAL_ADC_MspDeInit) for [Anonymous Symbol]
    crc.o(.text.MX_CRC_Init) refers to crc.o(.bss.hcrc) for hcrc
    crc.o(.text.MX_CRC_Init) refers to stm32f4xx_hal_crc.o(.text.HAL_CRC_Init) for HAL_CRC_Init
    crc.o(.text.MX_CRC_Init) refers to main.o(.text.Error_Handler) for Error_Handler
    crc.o(.ARM.exidx.text.MX_CRC_Init) refers to crc.o(.text.MX_CRC_Init) for [Anonymous Symbol]
    crc.o(.ARM.exidx.text.HAL_CRC_MspInit) refers to crc.o(.text.HAL_CRC_MspInit) for [Anonymous Symbol]
[...]
    USBD_CUSTOM_HID_Init                     0x08003b99   Thumb Code   116  usbd_customhid.o(.text.USBD_CUSTOM_HID_Init)
    [Anonymous Symbol]                       0x08003b98   Section        0  usbd_customhid.o(.text.USBD_CUSTOM_HID_Init)
    [Anonymous Symbol]                       0x08003c0c   Section        0  usbd_customhid.o(.text.USBD_CUSTOM_HID_ReceivePacket)
    [Anonymous Symbol]                       0x08003c2c   Section        0  usbd_customhid.o(.text.USBD_CUSTOM_HID_RegisterInterface)
    USBD_CUSTOM_HID_Setup                    0x08003c45   Thumb Code   330  usbd_customhid.o(.text.USBD_CUSTOM_HID_Setup)
    [Anonymous Symbol]                       0x08003c44   Section        0  usbd_customhid.o(.text.USBD_CUSTOM_HID_Setup)
    [Anonymous Symbol]                       0x08003d90   Section        0  usbd_core.o(.text.USBD_ClrClassConfig)
    [Anonymous Symbol]                       0x08003da4   Section        0  usbd_core.o(.text.USBD_CoreFindEP)
    [Anonymous Symbol]                       0x08003da8   Section        0  usbd_core.o(.text.USBD_CoreFindIF)
    [Anonymous Symbol]                       0x08003dac   Section        0  usbd_ioreq.o(.text.USBD_CtlContinueRx)
    [Anonymous Symbol]                       0x08003dbc   Section        0  usbd_ioreq.o(.text.USBD_CtlContinueSendData)
    [Anonymous Symbol]                       0x08003dcc   Section        0  usbd_ctlreq.o(.text.USBD_CtlError)
    [Anonymous Symbol]                       0x08003de4   Section        0  usbd_ioreq.o(.text.USBD_CtlPrepareRx)
    [Anonymous Symbol]                       0x08003e00   Section        0  usbd_ioreq.o(.text.USBD_CtlReceiveStatus)
    [Anonymous Symbol]                       0x08003e18   Section        0  usbd_ioreq.o(.text.USBD_CtlSendData)
    [Anonymous Symbol]                       0x08003e34   Section        0  usbd_ioreq.o(.text.USBD_CtlSendStatus)
    [Anonymous Symbol]                       0x08003e4c   Section        0  usbd_desc.o(.text.USBD_FS_ConfigStrDescriptor)
    [Anonymous Symbol]                       0x08003e78   Section        0  usbd_desc.o(.text.USBD_FS_DeviceDescriptor)
    [Anonymous Symbol]                       0x08003e88   Section        0  usbd_desc.o(.text.USBD_FS_InterfaceStrDescriptor)
    [Anonymous Symbol]                       0x08003eb8   Section        0  usbd_desc.o(.text.USBD_FS_LangIDStrDescriptor)
    [Anonymous Symbol]                       0x08003ec8   Section        0  usbd_desc.o(.text.USBD_FS_ManufacturerStrDescriptor)
    [Anonymous Symbol]                       0x08003ef4   Section        0  usbd_desc.o(.text.USBD_FS_ProductStrDescriptor)
    [Anonymous Symbol]                       0x08003f2c   Section        0  usbd_desc.o(.text.USBD_FS_SerialStrDescriptor)
    [Anonymous Symbol]                       0x08004098   Section        0  usbd_core.o(.text.USBD_GetEpDesc)
    [Anonymous Symbol]                       0x08004118   Section        0  usbd_ctlreq.o(.text.USBD_GetString)
    [Anonymous Symbol]                       0x080041f4   Section        0  usbd_core.o(.text.USBD_Init)
    [Anonymous Symbol]                       0x08004220   Section        0  usbd_conf.o(.text.USBD_LL_ClearStallEP)
    [Anonymous Symbol]                       0x08004244   Section        0  usbd_conf.o(.text.USBD_LL_CloseEP)
    [Anonymous Symbol]                       0x08004268   Section        0  usbd_core.o(.text.USBD_LL_DataInStage)
    [Anonymous Symbol]                       0x08004320   Section        0  usbd_core.o(.text.USBD_LL_DataOutStage)
    [Anonymous Symbol]                       0x08004398   Section        0  usbd_core.o(.text.USBD_LL_DevConnected)
    [Anonymous Symbol]                       0x0800439c   Section        0  usbd_core.o(.text.USBD_LL_DevDisconnected)
    [Anonymous Symbol]                       0x080043bc   Section        0  usbd_conf.o(.text.USBD_LL_Init)
    [Anonymous Symbol]                       0x0800442c   Section        0  usbd_conf.o(.text.USBD_LL_IsStallEP)
    [Anonymous Symbol]                       0x08004450   Section        0  usbd_core.o(.text.USBD_LL_IsoINIncomplete)
    [Anonymous Symbol]                       0x08004478   Section        0  usbd_core.o(.text.USBD_LL_IsoOUTIncomplete)
    [Anonymous Symbol]                       0x080044a0   Section        0  usbd_conf.o(.text.USBD_LL_OpenEP)
    [Anonymous Symbol]                       0x080044c8   Section        0  usbd_conf.o(.text.USBD_LL_PrepareReceive)
    [Anonymous Symbol]                       0x080044ec   Section        0  usbd_core.o(.text.USBD_LL_Reset)
    [Anonymous Symbol]                       0x08004554   Section        0  usbd_core.o(.text.USBD_LL_Resume)
    [Anonymous Symbol]                       0x08004568   Section        0  usbd_core.o(.text.USBD_LL_SOF)
    [Anonymous Symbol]                       0x08004584   Section        0  usbd_core.o(.text.USBD_LL_SetSpeed)
    [Anonymous Symbol]                       0x0800458c   Section        0  usbd_conf.o(.text.USBD_LL_SetUSBAddress)
    [Anonymous Symbol]                       0x080045b0   Section        0  usbd_core.o(.text.USBD_LL_SetupStage)
    [Anonymous Symbol]                       0x08004614   Section        0  usbd_conf.o(.text.USBD_LL_StallEP)
    [Anonymous Symbol]                       0x08004638   Section        0  usbd_conf.o(.text.USBD_LL_Start)
    [Anonymous Symbol]                       0x0800465c   Section        0  usbd_core.o(.text.USBD_LL_Suspend)
    [Anonymous Symbol]                       0x08004670   Section        0  usbd_conf.o(.text.USBD_LL_Transmit)
    [Anonymous Symbol]                       0x08004694   Section        0  usbd_ctlreq.o(.text.USBD_ParseSetupRequest)
    [Anonymous Symbol]                       0x080046ac   Section        0  usbd_core.o(.text.USBD_RegisterClass)
    [Anonymous Symbol]                       0x080046f0   Section        0  usbd_core.o(.text.USBD_SetClassConfig)
    [Anonymous Symbol]                       0x08004700   Section        0  usbd_core.o(.text.USBD_Start)
    [Anonymous Symbol]                       0x08004704   Section        0  usbd_ctlreq.o(.text.USBD_StdDevReq)
    [Anonymous Symbol]                       0x08004a78   Section        0  usbd_ctlreq.o(.text.USBD_StdEPReq)
    [Anonymous Symbol]                       0x08004bec   Section        0  usbd_ctlreq.o(.text.USBD_StdItfReq)
    [Anonymous Symbol]                       0x08004c80   Section        0  usbd_conf.o(.text.USBD_static_free)
    [Anonymous Symbol]                       0x08004c84   Section        0  usbd_conf.o(.text.USBD_static_malloc)
    [Anonymous Symbol]                       0x08004c90   Section        0  stm32f4xx_ll_usb.o(.text.USB_ActivateEndpoint)
    [Anonymous Symbol]                       0x08004d14   Section        0  stm32f4xx_ll_usb.o(.text.USB_ActivateSetup)
    [Anonymous Symbol]                       0x08004d34   Section        0  stm32f4xx_ll_usb.o(.text.USB_CoreInit)
    [Anonymous Symbol]                       0x08004f14   Section        0  stm32f4xx_ll_usb.o(.text.USB_DeactivateEndpoint)
    [Anonymous Symbol]                       0x08004f9c   Section        0  stm32f4xx_ll_usb.o(.text.USB_DevConnect)
    [Anonymous Symbol]                       0x08004fbc   Section        0  stm32f4xx_ll_usb.o(.text.USB_DevDisconnect)
    [Anonymous Symbol]                       0x08004fdc   Section        0  stm32f4xx_ll_usb.o(.text.USB_DevInit)
    [Anonymous Symbol]                       0x08005470   Section        0  stm32f4xx_ll_usb.o(.text.USB_DisableGlobalInt)
    [Anonymous Symbol]                       0x08005480   Section        0  stm32f4xx_ll_usb.o(.text.USB_EP0StartXfer)
    [Anonymous Symbol]                       0x0800557c   Section        0  stm32f4xx_ll_usb.o(.text.USB_EP0_OutStart)
    [Anonymous Symbol]                       0x080055d8   Section        0  stm32f4xx_ll_usb.o(.text.USB_EPClearStall)
    [Anonymous Symbol]                       0x0800562c   Section        0  stm32f4xx_ll_usb.o(.text.USB_EPSetStall)
    [Anonymous Symbol]                       0x0800566c   Section        0  stm32f4xx_ll_usb.o(.text.USB_EPStartXfer)
    [Anonymous Symbol]                       0x0800585c   Section        0  stm32f4xx_ll_usb.o(.text.USB_EPStopXfer)
    [Anonymous Symbol]                       0x0800596c   Section        0  stm32f4xx_ll_usb.o(.text.USB_EnableGlobalInt)
    [Anonymous Symbol]                       0x0800597c   Section        0  stm32f4xx_ll_usb.o(.text.USB_FlushTxFifo)
    [Anonymous Symbol]                       0x08005a34   Section        0  stm32f4xx_ll_usb.o(.text.USB_GetDevSpeed)
    [Anonymous Symbol]                       0x08005a50   Section        0  stm32f4xx_ll_usb.o(.text.USB_GetMode)
    [Anonymous Symbol]                       0x08005a58   Section        0  stm32f4xx_ll_usb.o(.text.USB_ReadDevAllInEpInterrupt)
    [Anonymous Symbol]                       0x08005a68   Section        0  stm32f4xx_ll_usb.o(.text.USB_ReadDevAllOutEpInterrupt)
    [Anonymous Symbol]                       0x08005a78   Section        0  stm32f4xx_ll_usb.o(.text.USB_ReadDevInEPInterrupt)
    [Anonymous Symbol]                       0x08005a9c   Section        0  stm32f4xx_ll_usb.o(.text.USB_ReadDevOutEPInterrupt)
    [Anonymous Symbol]                       0x08005aac   Section        0  stm32f4xx_ll_usb.o(.text.USB_ReadInterrupts)
    [Anonymous Symbol]                       0x08005ab4   Section        0  stm32f4xx_ll_usb.o(.text.USB_ReadPacket)
    [Anonymous Symbol]                       0x08005b60   Section        0  stm32f4xx_ll_usb.o(.text.USB_SetCurrentMode)
    [Anonymous Symbol]                       0x08005bc4   Section        0  stm32f4xx_ll_usb.o(.text.USB_SetDevAddress)
    [Anonymous Symbol]                       0x08005be8   Section        0  stm32f4xx_ll_usb.o(.text.USB_SetTurnaroundTime)
    [Anonymous Symbol]                       0x08005d08   Section        0  stm32f4xx_ll_usb.o(.text.USB_WritePacket)
    [Anonymous Symbol]                       0x08005d74   Section        0  stm32f4xx_it.o(.text.UsageFault_Handler)
    [Anonymous Symbol]                       0x08005d78   Section        0  main.o(.text.assert_failed)
    [Anonymous Symbol]                       0x08005d7c   Section        0  main.o(.text.main)
    $v0                                      0x08005da6   Number         0  fpinit.o(x$fpl$fpinit)
    x$fpl$fpinit                             0x08005da6   Section       26  fpinit.o(x$fpl$fpinit)
    DMA_CalcBaseAndBitshift.flagBitshiftOffset 0x08005dd8   Data           8  stm32f4xx_hal_dma.o(.rodata.cst8)
    [Anonymous Symbol]                       0x08005dd8   Section        0  stm32f4xx_hal_dma.o(.rodata.cst8)
    .L.str                                   0x08005de0   Data          56  stm32f4xx_hal_rcc.o(.rodata.str1.1)
    [Anonymous Symbol]                       0x08005de0   Section        0  stm32f4xx_hal_rcc.o(.rodata.str1.1)
    .L.str                                   0x08005e18   Data          57  stm32f4xx_hal_gpio.o(.rodata.str1.1)
    [Anonymous Symbol]                       0x08005e18   Section        0  stm32f4xx_hal_gpio.o(.rodata.str1.1)
    .L.str                                   0x08005e51   Data          56  stm32f4xx_hal_dma.o(.rodata.str1.1)
    [Anonymous Symbol]                       0x08005e51   Section        0  stm32f4xx_hal_dma.o(.rodata.str1.1)
    .L.str                                   0x08005e89   Data          59  stm32f4xx_hal_cortex.o(.rodata.str1.1)
    [Anonymous Symbol]                       0x08005e89   Section        0  stm32f4xx_hal_cortex.o(.rodata.str1.1)
    .L.str                                   0x08005ec4   Data          56  stm32f4xx_hal_adc.o(.rodata.str1.1)
    [Anonymous Symbol]                       0x08005ec4   Section        0  stm32f4xx_hal_adc.o(.rodata.str1.1)
    .L.str                                   0x08005efc   Data          56  stm32f4xx_hal_crc.o(.rodata.str1.1)
    [Anonymous Symbol]                       0x08005efc   Section        0  stm32f4xx_hal_crc.o(.rodata.str1.1)
    .L.str                                   0x08005f34   Data          56  stm32f4xx_hal_i2c.o(.rodata.str1.1)
    [Anonymous Symbol]                       0x08005f34   Section        0  stm32f4xx_hal_i2c.o(.rodata.str1.1)
    .L.str                                   0x08005f6c   Data          56  stm32f4xx_hal_spi.o(.rodata.str1.1)
    [Anonymous Symbol]                       0x08005f6c   Section        0  stm32f4xx_hal_spi.o(.rodata.str1.1)
    .L.str                                   0x08005fa4   Data          57  stm32f4xx_hal_uart.o(.rodata.str1.1)
    [Anonymous Symbol]                       0x08005fa4   Section        0  stm32f4xx_hal_uart.o(.rodata.str1.1)
    .L_MergedGlobals                         0x20000000   Data           8  stm32f4xx_hal.o(.data..L_MergedGlobals)
    [Anonymous Symbol]                       0x20000000   Section        0  stm32f4xx_hal.o(.data..L_MergedGlobals)
    CUSTOM_HID_ReportDesc_FS                 0x20000008   Data           2  usbd_custom_hid_if.o(.data.CUSTOM_HID_ReportDesc_FS)
    [Anonymous Symbol]                       0x20000008   Section        0  usbd_custom_hid_if.o(.data.CUSTOM_HID_ReportDesc_FS)
    USBD_CUSTOM_HID_CfgDesc                  0x20000064   Data          41  usbd_customhid.o(.data.USBD_CUSTOM_HID_CfgDesc)
    [Anonymous Symbol]                       0x20000064   Section        0  usbd_customhid.o(.data.USBD_CUSTOM_HID_CfgDesc)
    USBD_CUSTOM_HID_Desc                     0x20000090   Data           9  usbd_customhid.o(.data.USBD_CUSTOM_HID_Desc)
    [Anonymous Symbol]                       0x20000090   Section        0  usbd_customhid.o(.data.USBD_CUSTOM_HID_Desc)
    USBD_CUSTOM_HID_DeviceQualifierDesc      0x2000009c   Data          10  usbd_customhid.o(.data.USBD_CUSTOM_HID_DeviceQualifierDesc)
    [Anonymous Symbol]                       0x2000009c   Section        0  usbd_customhid.o(.data.USBD_CUSTOM_HID_DeviceQualifierDesc)
    .bss                                     0x200000f0   Section       96  libspace.o(.bss)
    USBD_SetConfig.cfgidx                    0x20000150   Data           1  usbd_ctlreq.o(.bss.USBD_SetConfig.cfgidx)
    [Anonymous Symbol]                       0x20000150   Section        0  usbd_ctlreq.o(.bss.USBD_SetConfig.cfgidx)
    USBD_static_malloc.mem                   0x20000354   Data          28  usbd_conf.o(.bss.USBD_static_malloc.mem)
    [Anonymous Symbol]                       0x20000354   Section        0  usbd_conf.o(.bss.USBD_static_malloc.mem)
    Heap_Mem                                 0x20000d00   Data         512  startup_stm32f401xc.o(HEAP)
    HEAP                                     0x20000d00   Section      512  startup_stm32f401xc.o(HEAP)
    Stack_Mem                                0x20000f00   Data        1024  startup_stm32f401xc.o(STACK)
    STACK                                    0x20000f00   Section     1024  startup_stm32f401xc.o(STACK)
    __initial_sp                             0x20001300   Data           0  startup_stm32f401xc.o(STACK)

    Global Symbols

    Symbol Name                              Value     Ov Type        Size  Object(Section)

    BuildAttributes$$THM_ISAv4$E$P$D$K$B$S$7EM$VFPi3$EXTD16$VFPS$VFMA$PE$A:L22UL41UL21$X:L11$S22US41US21$IEEE1$IW$~IW$USESV6$~STKCKD$USESV7$~SHL$OTIME$ROPI$EBA8$UX$STANDARDLIB$REQ8$PRES8$EABIv2 0x00000000   Number         0  anon$$obj.o ABSOLUTE
    __ARM_exceptions_init                     - Undefined Weak Reference
    __alloca_initialize                       - Undefined Weak Reference
    __arm_preinit_                            - Undefined Weak Reference
    __arm_relocate_pie_                       - Undefined Weak Reference
    __cpp_initialize__aeabi_                  - Undefined Weak Reference
    __cxa_finalize                            - Undefined Weak Reference
    __rt_locale                               - Undefined Weak Reference
    __sigvec_lookup                           - Undefined Weak Reference
    _atexit_init                              - Undefined Weak Reference
    _call_atexit_fns                          - Undefined Weak Reference
    _clock_init                               - Undefined Weak Reference
    _fp_trap_init                             - Undefined Weak Reference
    _fp_trap_shutdown                         - Undefined Weak Reference
    _get_lc_collate                           - Undefined Weak Reference
    _get_lc_ctype                             - Undefined Weak Reference
    _get_lc_monetary                          - Undefined Weak Reference
    _get_lc_numeric                           - Undefined Weak Reference
    _get_lc_time                              - Undefined Weak Reference
    _getenv_init                              - Undefined Weak Reference
    _handle_redirection                       - Undefined Weak Reference
    _init_alloc                               - Undefined Weak Reference
    _init_user_alloc                          - Undefined Weak Reference
    _initio                                   - Undefined Weak Reference
    _rand_init                                - Undefined Weak Reference
    _signal_finish                            - Undefined Weak Reference
    _signal_init                              - Undefined Weak Reference
    _terminate_alloc                          - Undefined Weak Reference
    _terminate_user_alloc                     - Undefined Weak Reference
    _terminateio                              - Undefined Weak Reference
    __Vectors_Size                           0x00000194   Number         0  startup_stm32f401xc.o ABSOLUTE
    __Vectors                                0x08000000   Data           4  startup_stm32f401xc.o(RESET)
    __Vectors_End                            0x08000194   Data           0  startup_stm32f401xc.o(RESET)
    __main                                   0x08000195   Thumb Code     8  __main.o(!!!main)
    __scatterload                            0x0800019d   Thumb Code     0  __scatter.o(!!!scatter)
    __scatterload_rt2                        0x0800019d   Thumb Code    44  __scatter.o(!!!scatter)
    __scatterload_rt2_thumb_only             0x0800019d   Thumb Code     0  __scatter.o(!!!scatter)
    __scatterload_null                       0x080001ab   Thumb Code     0  __scatter.o(!!!scatter)
    __scatterload_copy                       0x080001d1   Thumb Code    26  __scatter_copy.o(!!handler_copy)
    __scatterload_zeroinit                   0x080001ed   Thumb Code    28  __scatter_zi.o(!!handler_zi)
    __rt_lib_init                            0x08000209   Thumb Code     0  libinit.o(.ARM.Collect$$libinit$$00000000)
    __rt_lib_init_fp_1                       0x0800020b   Thumb Code     0  libinit2.o(.ARM.Collect$$libinit$$00000001)
    __rt_lib_init_alloca_1                   0x0800020f   Thumb Code     0  libinit2.o(.ARM.Collect$$libinit$$00000030)
    __rt_lib_init_argv_1                     0x0800020f   Thumb Code     0  libinit2.o(.ARM.Collect$$libinit$$0000002E)
    __rt_lib_init_atexit_1                   0x0800020f   Thumb Code     0  libinit2.o(.ARM.Collect$$libinit$$0000001D)
    __rt_lib_init_clock_1                    0x0800020f   Thumb Code     0  libinit2.o(.ARM.Collect$$libinit$$00000023)
    __rt_lib_init_cpp_1                      0x0800020f   Thumb Code     0  libinit2.o(.ARM.Collect$$libinit$$00000034)
    __rt_lib_init_exceptions_1               0x0800020f   Thumb Code     0  libinit2.o(.ARM.Collect$$libinit$$00000032)
    __rt_lib_init_fp_trap_1                  0x0800020f   Thumb Code     0  libinit2.o(.ARM.Collect$$libinit$$00000021)
    __rt_lib_init_getenv_1                   0x0800020f   Thumb Code     0  libinit2.o(.ARM.Collect$$libinit$$00000025)
    __rt_lib_init_heap_1                     0x0800020f   Thumb Code     0  libinit2.o(.ARM.Collect$$libinit$$0000000C)
    __rt_lib_init_lc_collate_1               0x0800020f   Thumb Code     0  libinit2.o(.ARM.Collect$$libinit$$00000013)
    __rt_lib_init_lc_ctype_1                 0x0800020f   Thumb Code     0  libinit2.o(.ARM.Collect$$libinit$$00000015)
    __rt_lib_init_lc_monetary_1              0x0800020f   Thumb Code     0  libinit2.o(.ARM.Collect$$libinit$$00000017)
    __rt_lib_init_lc_numeric_1               0x0800020f   Thumb Code     0  libinit2.o(.ARM.Collect$$libinit$$00000019)
    __rt_lib_init_lc_time_1                  0x0800020f   Thumb Code     0  libinit2.o(.ARM.Collect$$libinit$$0000001B)
    __rt_lib_init_preinit_1                  0x0800020f   Thumb Code     0  libinit2.o(.ARM.Collect$$libinit$$00000006)
    __rt_lib_init_rand_1                     0x0800020f   Thumb Code     0  libinit2.o(.ARM.Collect$$libinit$$00000010)
    __rt_lib_init_relocate_pie_1             0x0800020f   Thumb Code     0  libinit2.o(.ARM.Collect$$libinit$$00000004)
    __rt_lib_init_return                     0x0800020f   Thumb Code     0  libinit2.o(.ARM.Collect$$libinit$$00000035)
    __rt_lib_init_signal_1                   0x0800020f   Thumb Code     0  libinit2.o(.ARM.Collect$$libinit$$0000001F)
    __rt_lib_init_stdio_1                    0x0800020f   Thumb Code     0  libinit2.o(.ARM.Collect$$libinit$$00000027)
    __rt_lib_init_user_alloc_1               0x0800020f   Thumb Code     0  libinit2.o(.ARM.Collect$$libinit$$0000000E)
    __rt_lib_shutdown                        0x08000211   Thumb Code     0  libshutdown.o(.ARM.Collect$$libshutdown$$00000000)
    __rt_lib_shutdown_cpp_1                  0x08000213   Thumb Code     0  libshutdown2.o(.ARM.Collect$$libshutdown$$00000002)
    __rt_lib_shutdown_fp_trap_1              0x08000213   Thumb Code     0  libshutdown2.o(.ARM.Collect$$libshutdown$$00000007)
    __rt_lib_shutdown_heap_1                 0x08000213   Thumb Code     0  libshutdown2.o(.ARM.Collect$$libshutdown$$0000000F)
    __rt_lib_shutdown_return                 0x08000213   Thumb Code     0  libshutdown2.o(.ARM.Collect$$libshutdown$$00000010)
    __rt_lib_shutdown_signal_1               0x08000213   Thumb Code     0  libshutdown2.o(.ARM.Collect$$libshutdown$$0000000A)
    __rt_lib_shutdown_stdio_1                0x08000213   Thumb Code     0  libshutdown2.o(.ARM.Collect$$libshutdown$$00000004)
    __rt_lib_shutdown_user_alloc_1           0x08000213   Thumb Code     0  libshutdown2.o(.ARM.Collect$$libshutdown$$0000000C)
    __rt_entry                               0x08000215   Thumb Code     0  __rtentry.o(.ARM.Collect$$rtentry$$00000000)
    __rt_entry_presh_1                       0x08000215   Thumb Code     0  __rtentry2.o(.ARM.Collect$$rtentry$$00000002)
    __rt_entry_sh                            0x08000215   Thumb Code     0  __rtentry4.o(.ARM.Collect$$rtentry$$00000004)
    __rt_entry_li                            0x0800021b   Thumb Code     0  __rtentry2.o(.ARM.Collect$$rtentry$$0000000A)
    __rt_entry_postsh_1                      0x0800021b   Thumb Code     0  __rtentry2.o(.ARM.Collect$$rtentry$$00000009)
    __rt_entry_main                          0x0800021f   Thumb Code     0  __rtentry2.o(.ARM.Collect$$rtentry$$0000000D)
    __rt_entry_postli_1                      0x0800021f   Thumb Code     0  __rtentry2.o(.ARM.Collect$$rtentry$$0000000C)
    __rt_exit                                0x08000227   Thumb Code     0  rtexit.o(.ARM.Collect$$rtexit$$00000000)
    __rt_exit_ls                             0x08000229   Thumb Code     0  rtexit2.o(.ARM.Collect$$rtexit$$00000003)
    __rt_exit_prels_1                        0x08000229   Thumb Code     0  rtexit2.o(.ARM.Collect$$rtexit$$00000002)
    __rt_exit_exit                           0x0800022d   Thumb Code     0  rtexit2.o(.ARM.Collect$$rtexit$$00000004)
    Reset_Handler                            0x08000235   Thumb Code     8  startup_stm32f401xc.o(.text)
    ADC_IRQHandler                           0x0800024f   Thumb Code     0  startup_stm32f401xc.o(.text)
    DMA1_Stream0_IRQHandler                  0x0800024f   Thumb Code     0  startup_stm32f401xc.o(.text)
    DMA1_Stream1_IRQHandler                  0x0800024f   Thumb Code     0  startup_stm32f401xc.o(.text)
    DMA1_Stream2_IRQHandler                  0x0800024f   Thumb Code     0  startup_stm32f401xc.o(.text)
    DMA1_Stream3_IRQHandler                  0x0800024f   Thumb Code     0  startup_stm32f401xc.o(.text)
    DMA1_Stream5_IRQHandler                  0x0800024f   Thumb Code     0  startup_stm32f401xc.o(.text)
    DMA1_Stream6_IRQHandler                  0x0800024f   Thumb Code     0  startup_stm32f401xc.o(.text)
    DMA1_Stream7_IRQHandler                  0x0800024f   Thumb Code     0  startup_stm32f401xc.o(.text)
    DMA2_Stream0_IRQHandler                  0x0800024f   Thumb Code     0  startup_stm32f401xc.o(.text)
    DMA2_Stream1_IRQHandler                  0x0800024f   Thumb Code     0  startup_stm32f401xc.o(.text)
    DMA2_Stream2_IRQHandler                  0x0800024f   Thumb Code     0  startup_stm32f401xc.o(.text)
    DMA2_Stream3_IRQHandler                  0x0800024f   Thumb Code     0  startup_stm32f401xc.o(.text)
    DMA2_Stream4_IRQHandler                  0x0800024f   Thumb Code     0  startup_stm32f401xc.o(.text)
    DMA2_Stream5_IRQHandler                  0x0800024f   Thumb Code     0  startup_stm32f401xc.o(.text)
    DMA2_Stream6_IRQHandler                  0x0800024f   Thumb Code     0  startup_stm32f401xc.o(.text)
    DMA2_Stream7_IRQHandler                  0x0800024f   Thumb Code     0  startup_stm32f401xc.o(.text)
    EXTI0_IRQHandler                         0x0800024f   Thumb Code     0  startup_stm32f401xc.o(.text)
    EXTI15_10_IRQHandler                     0x0800024f   Thumb Code     0  startup_stm32f401xc.o(.text)
    EXTI1_IRQHandler                         0x0800024f   Thumb Code     0  startup_stm32f401xc.o(.text)
    EXTI2_IRQHandler                         0x0800024f   Thumb Code     0  startup_stm32f401xc.o(.text)
    EXTI3_IRQHandler                         0x0800024f   Thumb Code     0  startup_stm32f401xc.o(.text)
    EXTI4_IRQHandler                         0x0800024f   Thumb Code     0  startup_stm32f401xc.o(.text)
    EXTI9_5_IRQHandler                       0x0800024f   Thumb Code     0  startup_stm32f401xc.o(.text)
    FLASH_IRQHandler                         0x0800024f   Thumb Code     0  startup_stm32f401xc.o(.text)
    FPU_IRQHandler                           0x0800024f   Thumb Code     0  startup_stm32f401xc.o(.text)
    I2C1_ER_IRQHandler                       0x0800024f   Thumb Code     0  startup_stm32f401xc.o(.text)
    I2C1_EV_IRQHandler                       0x0800024f   Thumb Code     0  startup_stm32f401xc.o(.text)
    I2C2_ER_IRQHandler                       0x0800024f   Thumb Code     0  startup_stm32f401xc.o(.text)
    I2C2_EV_IRQHandler                       0x0800024f   Thumb Code     0  startup_stm32f401xc.o(.text)
    I2C3_ER_IRQHandler                       0x0800024f   Thumb Code     0  startup_stm32f401xc.o(.text)
    I2C3_EV_IRQHandler                       0x0800024f   Thumb Code     0  startup_stm32f401xc.o(.text)
    OTG_FS_WKUP_IRQHandler                   0x0800024f   Thumb Code     0  startup_stm32f401xc.o(.text)
    PVD_IRQHandler                           0x0800024f   Thumb Code     0  startup_stm32f401xc.o(.text)
    RCC_IRQHandler                           0x0800024f   Thumb Code     0  startup_stm32f401xc.o(.text)
    RTC_Alarm_IRQHandler                     0x0800024f   Thumb Code     0  startup_stm32f401xc.o(.text)
    RTC_WKUP_IRQHandler                      0x0800024f   Thumb Code     0  startup_stm32f401xc.o(.text)
    SDIO_IRQHandler                          0x0800024f   Thumb Code     0  startup_stm32f401xc.o(.text)
    SPI1_IRQHandler                          0x0800024f   Thumb Code     0  startup_stm32f401xc.o(.text)
    SPI2_IRQHandler                          0x0800024f   Thumb Code     0  startup_stm32f401xc.o(.text)
    SPI3_IRQHandler                          0x0800024f   Thumb Code     0  startup_stm32f401xc.o(.text)
    SPI4_IRQHandler                          0x0800024f   Thumb Code     0  startup_stm32f401xc.o(.text)
    TAMP_STAMP_IRQHandler                    0x0800024f   Thumb Code     0  startup_stm32f401xc.o(.text)
    TIM1_BRK_TIM9_IRQHandler                 0x0800024f   Thumb Code     0  startup_stm32f401xc.o(.text)
    TIM1_CC_IRQHandler                       0x0800024f   Thumb Code     0  startup_stm32f401xc.o(.text)
    TIM1_TRG_COM_TIM11_IRQHandler            0x0800024f   Thumb Code     0  startup_stm32f401xc.o(.text)
    TIM1_UP_TIM10_IRQHandler                 0x0800024f   Thumb Code     0  startup_stm32f401xc.o(.text)
    TIM2_IRQHandler                          0x0800024f   Thumb Code     0  startup_stm32f401xc.o(.text)
    TIM3_IRQHandler                          0x0800024f   Thumb Code     0  startup_stm32f401xc.o(.text)
    TIM4_IRQHandler                          0x0800024f   Thumb Code     0  startup_stm32f401xc.o(.text)
    TIM5_IRQHandler                          0x0800024f   Thumb Code     0  startup_stm32f401xc.o(.text)
    USART1_IRQHandler                        0x0800024f   Thumb Code     0  startup_stm32f401xc.o(.text)
    USART2_IRQHandler                        0x0800024f   Thumb Code     0  startup_stm32f401xc.o(.text)
    USART6_IRQHandler                        0x0800024f   Thumb Code     0  startup_stm32f401xc.o(.text)
    WWDG_IRQHandler                          0x0800024f   Thumb Code     0  startup_stm32f401xc.o(.text)
    __user_initial_stackheap                 0x08000251   Thumb Code     0  startup_stm32f401xc.o(.text)
    __aeabi_uldivmod                         0x08000275   Thumb Code     0  lludivv7m.o(.text)
    _ll_udiv                                 0x08000275   Thumb Code   240  lludivv7m.o(.text)
    __use_two_region_memory                  0x08000365   Thumb Code     2  heapauxi.o(.text)
    __rt_heap_escrow$2region                 0x08000367   Thumb Code     2  heapauxi.o(.text)
    __rt_heap_expand$2region                 0x08000369   Thumb Code     2  heapauxi.o(.text)
    __user_setup_stackheap                   0x0800036b   Thumb Code    74  sys_stackheap_outer.o(.text)
    exit                                     0x080003b5   Thumb Code    18  exit.o(.text)
    __user_libspace                          0x080003c9   Thumb Code     8  libspace.o(.text)
    __user_perproc_libspace                  0x080003c9   Thumb Code     0  libspace.o(.text)
    __user_perthread_libspace                0x080003c9   Thumb Code     0  libspace.o(.text)
    _sys_exit                                0x080003d1   Thumb Code     8  sys_exit.o(.text)
    __I$use$semihosting                      0x080003dd   Thumb Code     0  use_no_semi.o(.text)
    __use_no_semihosting_swi                 0x080003dd   Thumb Code     2  use_no_semi.o(.text)
    __semihosting_library_function           0x080003df   Thumb Code     0  indicate_semi.o(.text)
    BusFault_Handler                         0x080003e1   Thumb Code     2  stm32f4xx_it.o(.text.BusFault_Handler)
    DMA1_Stream4_IRQHandler                  0x08000405   Thumb Code    12  stm32f4xx_it.o(.text.DMA1_Stream4_IRQHandler)
    DebugMon_Handler                         0x08000411   Thumb Code     2  stm32f4xx_it.o(.text.DebugMon_Handler)
    Error_Handler                            0x08000415   Thumb Code    10  main.o(.text.Error_Handler)
    HAL_ADC_ConfigChannel                    0x08000421   Thumb Code   432  stm32f4xx_hal_adc.o(.text.HAL_ADC_ConfigChannel)
    HAL_ADC_Init                             0x080005d1   Thumb Code   898  stm32f4xx_hal_adc.o(.text.HAL_ADC_Init)
    HAL_ADC_MspInit                          0x08000955   Thumb Code    54  adc.o(.text.HAL_ADC_MspInit)
    HAL_CRC_Init                             0x0800098d   Thumb Code    70  stm32f4xx_hal_crc.o(.text.HAL_CRC_Init)
    HAL_CRC_MspInit                          0x080009d5   Thumb Code    50  crc.o(.text.HAL_CRC_MspInit)
    HAL_DMA_IRQHandler                       0x08000a09   Thumb Code   448  stm32f4xx_hal_dma.o(.text.HAL_DMA_IRQHandler)
    HAL_DMA_Init                             0x08000bc9   Thumb Code  1062  stm32f4xx_hal_dma.o(.text.HAL_DMA_Init)
    HAL_Delay                                0x08000ff1   Thumb Code    40  stm32f4xx_hal.o(.text.HAL_Delay)
    HAL_GPIO_Init                            0x08001019   Thumb Code   716  stm32f4xx_hal_gpio.o(.text.HAL_GPIO_Init)
    HAL_GetTick                              0x08001325   Thumb Code    12  stm32f4xx_hal.o(.text.HAL_GetTick)
    HAL_I2C_Init                             0x08001331   Thumb Code   734  stm32f4xx_hal_i2c.o(.text.HAL_I2C_Init)
    HAL_I2C_MspInit                          0x08001611   Thumb Code   170  i2c.o(.text.HAL_I2C_MspInit)
    HAL_IncTick                              0x080016bd   Thumb Code    26  stm32f4xx_hal.o(.text.HAL_IncTick)
    HAL_Init                                 0x080016d9   Thumb Code    54  stm32f4xx_hal.o(.text.HAL_Init)
    HAL_InitTick                             0x08001711   Thumb Code    72  stm32f4xx_hal.o(.text.HAL_InitTick)
    HAL_MspInit                              0x08001759   Thumb Code    56  stm32f4xx_hal_msp.o(.text.HAL_MspInit)
    HAL_NVIC_EnableIRQ                       0x08001791   Thumb Code    54  stm32f4xx_hal_cortex.o(.text.HAL_NVIC_EnableIRQ)
    HAL_NVIC_SetPriority                     0x080017c9   Thumb Code   128  stm32f4xx_hal_cortex.o(.text.HAL_NVIC_SetPriority)
    HAL_NVIC_SetPriorityGrouping             0x08001849   Thumb Code    56  stm32f4xx_hal_cortex.o(.text.HAL_NVIC_SetPriorityGrouping)
    HAL_PCDEx_LPM_Callback                   0x08001881   Thumb Code     2  stm32f4xx_hal_pcd_ex.o(.text.HAL_PCDEx_LPM_Callback)
    HAL_PCDEx_SetRxFiFo                      0x08001885   Thumb Code     8  stm32f4xx_hal_pcd_ex.o(.text.HAL_PCDEx_SetRxFiFo)
    HAL_PCDEx_SetTxFiFo                      0x0800188d   Thumb Code   234  stm32f4xx_hal_pcd_ex.o(.text.HAL_PCDEx_SetTxFiFo)
    HAL_PCD_ConnectCallback                  0x08001979   Thumb Code     8  usbd_conf.o(.text.HAL_PCD_ConnectCallback)
    HAL_PCD_DataInStageCallback              0x08001981   Thumb Code    20  usbd_conf.o(.text.HAL_PCD_DataInStageCallback)
    HAL_PCD_DataOutStageCallback             0x08001995   Thumb Code    22  usbd_conf.o(.text.HAL_PCD_DataOutStageCallback)
    HAL_PCD_DisconnectCallback               0x080019ad   Thumb Code     8  usbd_conf.o(.text.HAL_PCD_DisconnectCallback)
    HAL_PCD_EP_Close                         0x080019b5   Thumb Code    80  stm32f4xx_hal_pcd.o(.text.HAL_PCD_EP_Close)
    HAL_PCD_EP_ClrStall                      0x08001a05   Thumb Code   104  stm32f4xx_hal_pcd.o(.text.HAL_PCD_EP_ClrStall)
    HAL_PCD_EP_Open                          0x08001a6d   Thumb Code   104  stm32f4xx_hal_pcd.o(.text.HAL_PCD_EP_Open)
    HAL_PCD_EP_Receive                       0x08001ad5   Thumb Code    76  stm32f4xx_hal_pcd.o(.text.HAL_PCD_EP_Receive)
    HAL_PCD_EP_SetStall                      0x08001b21   Thumb Code   124  stm32f4xx_hal_pcd.o(.text.HAL_PCD_EP_SetStall)
    HAL_PCD_EP_Transmit                      0x08001b9d   Thumb Code    68  stm32f4xx_hal_pcd.o(.text.HAL_PCD_EP_Transmit)
    HAL_PCD_IRQHandler                       0x08001be1   Thumb Code  2342  stm32f4xx_hal_pcd.o(.text.HAL_PCD_IRQHandler)
    HAL_PCD_ISOINIncompleteCallback          0x08002509   Thumb Code     8  usbd_conf.o(.text.HAL_PCD_ISOINIncompleteCallback)
    HAL_PCD_ISOOUTIncompleteCallback         0x08002511   Thumb Code     8  usbd_conf.o(.text.HAL_PCD_ISOOUTIncompleteCallback)
    HAL_PCD_Init                             0x08002519   Thumb Code   356  stm32f4xx_hal_pcd.o(.text.HAL_PCD_Init)
    HAL_PCD_MspInit                          0x080026b5   Thumb Code   126  usbd_conf.o(.text.HAL_PCD_MspInit)
    HAL_PCD_ResetCallback                    0x08002735   Thumb Code    36  usbd_conf.o(.text.HAL_PCD_ResetCallback)
    HAL_PCD_ResumeCallback                   0x08002759   Thumb Code     8  usbd_conf.o(.text.HAL_PCD_ResumeCallback)
    HAL_PCD_SOFCallback                      0x08002761   Thumb Code     8  usbd_conf.o(.text.HAL_PCD_SOFCallback)
    HAL_PCD_SetAddress                       0x08002769   Thumb Code    40  stm32f4xx_hal_pcd.o(.text.HAL_PCD_SetAddress)
    HAL_PCD_SetupStageCallback               0x08002791   Thumb Code    14  usbd_conf.o(.text.HAL_PCD_SetupStageCallback)
    HAL_PCD_Start                            0x080027a1   Thumb Code    62  stm32f4xx_hal_pcd.o(.text.HAL_PCD_Start)
    HAL_PCD_SuspendCallback                  0x080027e1   Thumb Code    52  usbd_conf.o(.text.HAL_PCD_SuspendCallback)
    HAL_RCC_ClockConfig                      0x08002815   Thumb Code   546  stm32f4xx_hal_rcc.o(.text.HAL_RCC_ClockConfig)
    HAL_RCC_GetHCLKFreq                      0x08002a39   Thumb Code    12  stm32f4xx_hal_rcc.o(.text.HAL_RCC_GetHCLKFreq)
    HAL_RCC_GetPCLK1Freq                     0x08002a45   Thumb Code    38  stm32f4xx_hal_rcc.o(.text.HAL_RCC_GetPCLK1Freq)
    HAL_RCC_GetPCLK2Freq                     0x08002a6d   Thumb Code    38  stm32f4xx_hal_rcc.o(.text.HAL_RCC_GetPCLK2Freq)
    HAL_RCC_GetSysClockFreq                  0x08002a95   Thumb Code   106  stm32f4xx_hal_rcc.o(.text.HAL_RCC_GetSysClockFreq)
    HAL_RCC_OscConfig                        0x08002b01   Thumb Code  1298  stm32f4xx_hal_rcc.o(.text.HAL_RCC_OscConfig)
    HAL_SPI_Init                             0x08003015   Thumb Code   610  stm32f4xx_hal_spi.o(.text.HAL_SPI_Init)
    HAL_SPI_MspInit                          0x08003279   Thumb Code   164  spi.o(.text.HAL_SPI_MspInit)
    HAL_SYSTICK_Config                       0x0800331d   Thumb Code    44  stm32f4xx_hal_cortex.o(.text.HAL_SYSTICK_Config)
    HAL_UART_Init                            0x08003349   Thumb Code   302  stm32f4xx_hal_uart.o(.text.HAL_UART_Init)
    HAL_UART_MspInit                         0x08003479   Thumb Code   106  usart.o(.text.HAL_UART_MspInit)
    HardFault_Handler                        0x080034e5   Thumb Code     2  stm32f4xx_it.o(.text.HardFault_Handler)
    MX_ADC1_Init                             0x080034e9   Thumb Code   108  adc.o(.text.MX_ADC1_Init)
    MX_CRC_Init                              0x08003555   Thumb Code    38  crc.o(.text.MX_CRC_Init)
    MX_DMA_Init                              0x0800357d   Thumb Code    56  dma.o(.text.MX_DMA_Init)
    MX_GPIO_Init                             0x080035b5   Thumb Code   208  gpio.o(.text.MX_GPIO_Init)
    MX_I2C3_Init                             0x08003685   Thumb Code    66  i2c.o(.text.MX_I2C3_Init)
    MX_SPI2_Init                             0x080036c9   Thumb Code    82  spi.o(.text.MX_SPI2_Init)
    MX_USART6_UART_Init                      0x0800371d   Thumb Code    60  usart.o(.text.MX_USART6_UART_Init)
    MX_USB_DEVICE_Init                       0x08003759   Thumb Code   114  usb_device.o(.text.MX_USB_DEVICE_Init)
    MemManage_Handler                        0x080037cd   Thumb Code     2  stm32f4xx_it.o(.text.MemManage_Handler)
    NMI_Handler                              0x080037d1   Thumb Code     2  stm32f4xx_it.o(.text.NMI_Handler)
    OTG_FS_IRQHandler                        0x080037d5   Thumb Code    12  stm32f4xx_it.o(.text.OTG_FS_IRQHandler)
    PendSV_Handler                           0x080037e1   Thumb Code     2  stm32f4xx_it.o(.text.PendSV_Handler)
    SVC_Handler                              0x080037e5   Thumb Code     2  stm32f4xx_it.o(.text.SVC_Handler)
    SysTick_Handler                          0x080037e9   Thumb Code     4  stm32f4xx_it.o(.text.SysTick_Handler)
    SystemClock_Config                       0x080037ed   Thumb Code   176  main.o(.text.SystemClock_Config)
    SystemInit                               0x0800389d   Thumb Code    18  system_stm32f4xx.o(.text.SystemInit)
    USBD_CUSTOM_HID_ReceivePacket            0x08003c0d   Thumb Code    32  usbd_customhid.o(.text.USBD_CUSTOM_HID_ReceivePacket)
    USBD_CUSTOM_HID_RegisterInterface        0x08003c2d   Thumb Code    24  usbd_customhid.o(.text.USBD_CUSTOM_HID_RegisterInterface)
    USBD_ClrClassConfig                      0x08003d91   Thumb Code    18  usbd_core.o(.text.USBD_ClrClassConfig)
    USBD_CoreFindEP                          0x08003da5   Thumb Code     4  usbd_core.o(.text.USBD_CoreFindEP)
    USBD_CoreFindIF                          0x08003da9   Thumb Code     4  usbd_core.o(.text.USBD_CoreFindIF)
    USBD_CtlContinueRx                       0x08003dad   Thumb Code    16  usbd_ioreq.o(.text.USBD_CtlContinueRx)
    USBD_CtlContinueSendData                 0x08003dbd   Thumb Code    16  usbd_ioreq.o(.text.USBD_CtlContinueSendData)
    USBD_CtlError                            0x08003dcd   Thumb Code    22  usbd_ctlreq.o(.text.USBD_CtlError)
    USBD_CtlPrepareRx                        0x08003de5   Thumb Code    26  usbd_ioreq.o(.text.USBD_CtlPrepareRx)
    USBD_CtlReceiveStatus                    0x08003e01   Thumb Code    22  usbd_ioreq.o(.text.USBD_CtlReceiveStatus)
    USBD_CtlSendData                         0x08003e19   Thumb Code    26  usbd_ioreq.o(.text.USBD_CtlSendData)
    USBD_CtlSendStatus                       0x08003e35   Thumb Code    22  usbd_ioreq.o(.text.USBD_CtlSendStatus)
    USBD_FS_ConfigStrDescriptor              0x08003e4d   Thumb Code    24  usbd_desc.o(.text.USBD_FS_ConfigStrDescriptor)
    USBD_FS_DeviceDescriptor                 0x08003e79   Thumb Code    14  usbd_desc.o(.text.USBD_FS_DeviceDescriptor)
    USBD_FS_InterfaceStrDescriptor           0x08003e89   Thumb Code    24  usbd_desc.o(.text.USBD_FS_InterfaceStrDescriptor)
    USBD_FS_LangIDStrDescriptor              0x08003eb9   Thumb Code    14  usbd_desc.o(.text.USBD_FS_LangIDStrDescriptor)
    USBD_FS_ManufacturerStrDescriptor        0x08003ec9   Thumb Code    24  usbd_desc.o(.text.USBD_FS_ManufacturerStrDescriptor)
    USBD_FS_ProductStrDescriptor             0x08003ef5   Thumb Code    24  usbd_desc.o(.text.USBD_FS_ProductStrDescriptor)
    USBD_FS_SerialStrDescriptor              0x08003f2d   Thumb Code   364  usbd_desc.o(.text.USBD_FS_SerialStrDescriptor)
    USBD_GetEpDesc                           0x08004099   Thumb Code   128  usbd_core.o(.text.USBD_GetEpDesc)
    USBD_GetString                           0x08004119   Thumb Code   218  usbd_ctlreq.o(.text.USBD_GetString)
    USBD_Init                                0x080041f5   Thumb Code    42  usbd_core.o(.text.USBD_Init)
    USBD_LL_ClearStallEP                     0x08004221   Thumb Code    34  usbd_conf.o(.text.USBD_LL_ClearStallEP)
    USBD_LL_CloseEP                          0x08004245   Thumb Code    34  usbd_conf.o(.text.USBD_LL_CloseEP)
    USBD_LL_DataInStage                      0x08004269   Thumb Code   182  usbd_core.o(.text.USBD_LL_DataInStage)
    USBD_LL_DataOutStage                     0x08004321   Thumb Code   120  usbd_core.o(.text.USBD_LL_DataOutStage)
    USBD_LL_DevConnected                     0x08004399   Thumb Code     4  usbd_core.o(.text.USBD_LL_DevConnected)
    USBD_LL_DevDisconnected                  0x0800439d   Thumb Code    32  usbd_core.o(.text.USBD_LL_DevDisconnected)
    USBD_LL_Init                             0x080043bd   Thumb Code   112  usbd_conf.o(.text.USBD_LL_Init)
    USBD_LL_IsStallEP                        0x0800442d   Thumb Code    34  usbd_conf.o(.text.USBD_LL_IsStallEP)
    USBD_LL_IsoINIncomplete                  0x08004451   Thumb Code    40  usbd_core.o(.text.USBD_LL_IsoINIncomplete)
    USBD_LL_IsoOUTIncomplete                 0x08004479   Thumb Code    40  usbd_core.o(.text.USBD_LL_IsoOUTIncomplete)
    USBD_LL_OpenEP                           0x080044a1   Thumb Code    40  usbd_conf.o(.text.USBD_LL_OpenEP)
    USBD_LL_PrepareReceive                   0x080044c9   Thumb Code    34  usbd_conf.o(.text.USBD_LL_PrepareReceive)
    USBD_LL_Reset                            0x080044ed   Thumb Code   102  usbd_core.o(.text.USBD_LL_Reset)
    USBD_LL_Resume                           0x08004555   Thumb Code    20  usbd_core.o(.text.USBD_LL_Resume)
    USBD_LL_SOF                              0x08004569   Thumb Code    28  usbd_core.o(.text.USBD_LL_SOF)
    USBD_LL_SetSpeed                         0x08004585   Thumb Code     8  usbd_core.o(.text.USBD_LL_SetSpeed)
    USBD_LL_SetUSBAddress                    0x0800458d   Thumb Code    34  usbd_conf.o(.text.USBD_LL_SetUSBAddress)
    USBD_LL_SetupStage                       0x080045b1   Thumb Code    98  usbd_core.o(.text.USBD_LL_SetupStage)
    USBD_LL_StallEP                          0x08004615   Thumb Code    34  usbd_conf.o(.text.USBD_LL_StallEP)
    USBD_LL_Start                            0x08004639   Thumb Code    34  usbd_conf.o(.text.USBD_LL_Start)
    USBD_LL_Suspend                          0x0800465d   Thumb Code    20  usbd_core.o(.text.USBD_LL_Suspend)
    USBD_LL_Transmit                         0x08004671   Thumb Code    34  usbd_conf.o(.text.USBD_LL_Transmit)
    USBD_ParseSetupRequest                   0x08004695   Thumb Code    22  usbd_ctlreq.o(.text.USBD_ParseSetupRequest)
    USBD_RegisterClass                       0x080046ad   Thumb Code    66  usbd_core.o(.text.USBD_RegisterClass)
    USBD_SetClassConfig                      0x080046f1   Thumb Code    16  usbd_core.o(.text.USBD_SetClassConfig)
    USBD_Start                               0x08004701   Thumb Code     4  usbd_core.o(.text.USBD_Start)
    USBD_StdDevReq                           0x08004705   Thumb Code   884  usbd_ctlreq.o(.text.USBD_StdDevReq)
    USBD_StdEPReq                            0x08004a79   Thumb Code   370  usbd_ctlreq.o(.text.USBD_StdEPReq)
    USBD_StdItfReq                           0x08004bed   Thumb Code   148  usbd_ctlreq.o(.text.USBD_StdItfReq)
    USBD_static_free                         0x08004c81   Thumb Code     2  usbd_conf.o(.text.USBD_static_free)
    USBD_static_malloc                       0x08004c85   Thumb Code    10  usbd_conf.o(.text.USBD_static_malloc)
    USB_ActivateEndpoint                     0x08004c91   Thumb Code   130  stm32f4xx_ll_usb.o(.text.USB_ActivateEndpoint)
    USB_ActivateSetup                        0x08004d15   Thumb Code    32  stm32f4xx_ll_usb.o(.text.USB_ActivateSetup)
    USB_CoreInit                             0x08004d35   Thumb Code   478  stm32f4xx_ll_usb.o(.text.USB_CoreInit)
    USB_DeactivateEndpoint                   0x08004f15   Thumb Code   134  stm32f4xx_ll_usb.o(.text.USB_DeactivateEndpoint)
    USB_DevConnect                           0x08004f9d   Thumb Code    30  stm32f4xx_ll_usb.o(.text.USB_DevConnect)
    USB_DevDisconnect                        0x08004fbd   Thumb Code    30  stm32f4xx_ll_usb.o(.text.USB_DevDisconnect)
    USB_DevInit                              0x08004fdd   Thumb Code  1170  stm32f4xx_ll_usb.o(.text.USB_DevInit)
    USB_DisableGlobalInt                     0x08005471   Thumb Code    14  stm32f4xx_ll_usb.o(.text.USB_DisableGlobalInt)
    USB_EP0StartXfer                         0x08005481   Thumb Code   252  stm32f4xx_ll_usb.o(.text.USB_EP0StartXfer)
    USB_EP0_OutStart                         0x0800557d   Thumb Code    90  stm32f4xx_ll_usb.o(.text.USB_EP0_OutStart)
    USB_EPClearStall                         0x080055d9   Thumb Code    82  stm32f4xx_ll_usb.o(.text.USB_EPClearStall)
    USB_EPSetStall                           0x0800562d   Thumb Code    62  stm32f4xx_ll_usb.o(.text.USB_EPSetStall)
    USB_EPStartXfer                          0x0800566d   Thumb Code   494  stm32f4xx_ll_usb.o(.text.USB_EPStartXfer)
    USB_EPStopXfer                           0x0800585d   Thumb Code   270  stm32f4xx_ll_usb.o(.text.USB_EPStopXfer)
    USB_EnableGlobalInt                      0x0800596d   Thumb Code    14  stm32f4xx_ll_usb.o(.text.USB_EnableGlobalInt)
    USB_FlushTxFifo                          0x0800597d   Thumb Code   182  stm32f4xx_ll_usb.o(.text.USB_FlushTxFifo)
    USB_GetDevSpeed                          0x08005a35   Thumb Code    26  stm32f4xx_ll_usb.o(.text.USB_GetDevSpeed)
    USB_GetMode                              0x08005a51   Thumb Code     8  stm32f4xx_ll_usb.o(.text.USB_GetMode)
    USB_ReadDevAllInEpInterrupt              0x08005a59   Thumb Code    14  stm32f4xx_ll_usb.o(.text.USB_ReadDevAllInEpInterrupt)
    USB_ReadDevAllOutEpInterrupt             0x08005a69   Thumb Code    14  stm32f4xx_ll_usb.o(.text.USB_ReadDevAllOutEpInterrupt)
    USB_ReadDevInEPInterrupt                 0x08005a79   Thumb Code    36  stm32f4xx_ll_usb.o(.text.USB_ReadDevInEPInterrupt)
    USB_ReadDevOutEPInterrupt                0x08005a9d   Thumb Code    16  stm32f4xx_ll_usb.o(.text.USB_ReadDevOutEPInterrupt)
    USB_ReadInterrupts                       0x08005aad   Thumb Code     8  stm32f4xx_ll_usb.o(.text.USB_ReadInterrupts)
    USB_ReadPacket                           0x08005ab5   Thumb Code   170  stm32f4xx_ll_usb.o(.text.USB_ReadPacket)
    USB_SetCurrentMode                       0x08005b61   Thumb Code   100  stm32f4xx_ll_usb.o(.text.USB_SetCurrentMode)
    USB_SetDevAddress                        0x08005bc5   Thumb Code    34  stm32f4xx_ll_usb.o(.text.USB_SetDevAddress)
    USB_SetTurnaroundTime                    0x08005be9   Thumb Code   288  stm32f4xx_ll_usb.o(.text.USB_SetTurnaroundTime)
    USB_WritePacket                          0x08005d09   Thumb Code   106  stm32f4xx_ll_usb.o(.text.USB_WritePacket)
    UsageFault_Handler                       0x08005d75   Thumb Code     2  stm32f4xx_it.o(.text.UsageFault_Handler)
    assert_failed                            0x08005d79   Thumb Code     2  main.o(.text.assert_failed)
    main                                     0x08005d7d   Thumb Code    42  main.o(.text.main)
    _fp_init                                 0x08005da7   Thumb Code    26  fpinit.o(x$fpl$fpinit)
    __fplib_config_fpu_vfp                   0x08005dbf   Thumb Code     0  fpinit.o(x$fpl$fpinit)
    __fplib_config_pureend_doubles           0x08005dbf   Thumb Code     0  fpinit.o(x$fpl$fpinit)
    AHBPrescTable                            0x08005dc0   Data          16  system_stm32f4xx.o(.rodata.AHBPrescTable)
    APBPrescTable                            0x08005dd0   Data           8  system_stm32f4xx.o(.rodata.APBPrescTable)
    Region$$Table$$Base                      0x08005fe0   Number         0  anon$$obj.o(Region$$Table)
    Region$$Table$$Limit                     0x08006000   Number         0  anon$$obj.o(Region$$Table)
    uwTickFreq                               0x20000000   Data           1  stm32f4xx_hal.o(.data..L_MergedGlobals)
    uwTickPrio                               0x20000004   Data           4  stm32f4xx_hal.o(.data..L_MergedGlobals)
    FS_Desc                                  0x2000000c   Data          28  usbd_desc.o(.data.FS_Desc)
    SystemCoreClock                          0x20000028   Data           4  system_stm32f4xx.o(.data.SystemCoreClock)
    USBD_CUSTOM_HID                          0x2000002c   Data          56  usbd_customhid.o(.data.USBD_CUSTOM_HID)
    USBD_CustomHID_fops_FS                   0x200000a8   Data          16  usbd_custom_hid_if.o(.data.USBD_CustomHID_fops_FS)
    USBD_FS_DeviceDesc                       0x200000b8   Data          18  usbd_desc.o(.data.USBD_FS_DeviceDesc)
    USBD_LangIDDesc                          0x200000cc   Data           4  usbd_desc.o(.data.USBD_LangIDDesc)
    USBD_StringSerial                        0x200000d0   Data          26  usbd_desc.o(.data.USBD_StringSerial)
    __libspace_start                         0x200000f0   Data          96  libspace.o(.bss)
    __temporary_stack_top$libspace           0x20000150   Data           0  libspace.o(.bss)
    USBD_StrDesc                             0x20000154   Data         512  usbd_desc.o(.bss.USBD_StrDesc)
    hUsbDeviceFS                             0x20000370   Data         732  usb_device.o(.bss.hUsbDeviceFS)
    hadc1                                    0x2000064c   Data          72  adc.o(.bss.hadc1)
    hcrc                                     0x20000694   Data           8  crc.o(.bss.hcrc)
    hdma_spi2_tx                             0x2000069c   Data          96  spi.o(.bss.hdma_spi2_tx)
    hi2c3                                    0x200006fc   Data          84  i2c.o(.bss.hi2c3)
    hpcd_USB_OTG_FS                          0x20000750   Data        1292  usbd_conf.o(.bss.hpcd_USB_OTG_FS)
    hspi2                                    0x20000c5c   Data          88  spi.o(.bss.hspi2)
    huart6                                   0x20000cb4   Data          68  usart.o(.bss.huart6)
    uwTick                                   0x20000cf8   Data           4  stm32f4xx_hal.o(.bss.uwTick)



==============================================================================

Memory Map of the image

  Image Entry point : 0x08000195

  Load Region LR_IROM1 (Base: 0x08000000, Size: 0x000060f0, Max: 0x00040000, ABSOLUTE)

    Execution Region ER_IROM1 (Exec base: 0x08000000, Load base: 0x08000000, Size: 0x00006000, Max: 0x00040000, ABSOLUTE)

    Exec Addr    Load Addr    Size         Type   Attr      Idx    E Section Name        Object

    0x08000000   0x08000000   0x00000194   Data   RO            3    RESET               startup_stm32f401xc.o
    0x08000194   0x08000194   0x00000008   Code   RO         1549  * !!!main             c_w.l(__main.o)
    0x0800019c   0x0800019c   0x00000034   Code   RO         1724    !!!scatter          c_w.l(__scatter.o)
    0x080001d0   0x080001d0   0x0000001a   Code   RO         1726    !!handler_copy      c_w.l(__scatter_copy.o)
    0x080001ea   0x080001ea   0x00000002   PAD
    0x080001ec   0x080001ec   0x0000001c   Code   RO         1728    !!handler_zi        c_w.l(__scatter_zi.o)
    0x08000208   0x08000208   0x00000002   Code   RO         1586    .ARM.Collect$$libinit$$00000000  c_w.l(libinit.o)
    0x0800020a   0x0800020a   0x00000004   Code   RO         1598    .ARM.Collect$$libinit$$00000001  c_w.l(libinit2.o)
    0x0800020e   0x0800020e   0x00000000   Code   RO         1601    .ARM.Collect$$libinit$$00000004  c_w.l(libinit2.o)
    0x0800020e   0x0800020e   0x00000000   Code   RO         1603    .ARM.Collect$$libinit$$00000006  c_w.l(libinit2.o)
    0x0800020e   0x0800020e   0x00000000   Code   RO         1606    .ARM.Collect$$libinit$$0000000C  c_w.l(libinit2.o)
    0x0800020e   0x0800020e   0x00000000   Code   RO         1608    .ARM.Collect$$libinit$$0000000E  c_w.l(libinit2.o)
    0x0800020e   0x0800020e   0x00000000   Code   RO         1610    .ARM.Collect$$libinit$$00000010  c_w.l(libinit2.o)
    0x0800020e   0x0800020e   0x00000000   Code   RO         1613    .ARM.Collect$$libinit$$00000013  c_w.l(libinit2.o)
    0x0800020e   0x0800020e   0x00000000   Code   RO         1615    .ARM.Collect$$libinit$$00000015  c_w.l(libinit2.o)
    0x0800020e   0x0800020e   0x00000000   Code   RO         1617    .ARM.Collect$$libinit$$00000017  c_w.l(libinit2.o)
    0x0800020e   0x0800020e   0x00000000   Code   RO         1619    .ARM.Collect$$libinit$$00000019  c_w.l(libinit2.o)
    0x0800020e   0x0800020e   0x00000000   Code   RO         1621    .ARM.Collect$$libinit$$0000001B  c_w.l(libinit2.o)
    0x0800020e   0x0800020e   0x00000000   Code   RO         1623    .ARM.Collect$$libinit$$0000001D  c_w.l(libinit2.o)
    0x0800020e   0x0800020e   0x00000000   Code   RO         1625    .ARM.Collect$$libinit$$0000001F  c_w.l(libinit2.o)
    0x0800020e   0x0800020e   0x00000000   Code   RO         1627    .ARM.Collect$$libinit$$00000021  c_w.l(libinit2.o)
    0x0800020e   0x0800020e   0x00000000   Code   RO         1629    .ARM.Collect$$libinit$$00000023  c_w.l(libinit2.o)
    0x0800020e   0x0800020e   0x00000000   Code   RO         1631    .ARM.Collect$$libinit$$00000025  c_w.l(libinit2.o)
    0x0800020e   0x0800020e   0x00000000   Code   RO         1633    .ARM.Collect$$libinit$$00000027  c_w.l(libinit2.o)
    0x0800020e   0x0800020e   0x00000000   Code   RO         1637    .ARM.Collect$$libinit$$0000002E  c_w.l(libinit2.o)
    0x0800020e   0x0800020e   0x00000000   Code   RO         1639    .ARM.Collect$$libinit$$00000030  c_w.l(libinit2.o)
    0x0800020e   0x0800020e   0x00000000   Code   RO         1641    .ARM.Collect$$libinit$$00000032  c_w.l(libinit2.o)
    0x0800020e   0x0800020e   0x00000000   Code   RO         1643    .ARM.Collect$$libinit$$00000034  c_w.l(libinit2.o)
    0x0800020e   0x0800020e   0x00000002   Code   RO         1644    .ARM.Collect$$libinit$$00000035  c_w.l(libinit2.o)
    0x08000210   0x08000210   0x00000002   Code   RO         1679    .ARM.Collect$$libshutdown$$00000000  c_w.l(libshutdown.o)
    0x08000212   0x08000212   0x00000000   Code   RO         1707    .ARM.Collect$$libshutdown$$00000002  c_w.l(libshutdown2.o)
    0x08000212   0x08000212   0x00000000   Code   RO         1709    .ARM.Collect$$libshutdown$$00000004  c_w.l(libshutdown2.o)
    0x08000212   0x08000212   0x00000000   Code   RO         1712    .ARM.Collect$$libshutdown$$00000007  c_w.l(libshutdown2.o)
    0x08000212   0x08000212   0x00000000   Code   RO         1715    .ARM.Collect$$libshutdown$$0000000A  c_w.l(libshutdown2.o)
    0x08000212   0x08000212   0x00000000   Code   RO         1717    .ARM.Collect$$libshutdown$$0000000C  c_w.l(libshutdown2.o)
    0x08000212   0x08000212   0x00000000   Code   RO         1720    .ARM.Collect$$libshutdown$$0000000F  c_w.l(libshutdown2.o)
    0x08000212   0x08000212   0x00000002   Code   RO         1721    .ARM.Collect$$libshutdown$$00000010  c_w.l(libshutdown2.o)
    0x08000214   0x08000214   0x00000000   Code   RO         1551    .ARM.Collect$$rtentry$$00000000  c_w.l(__rtentry.o)
    0x08000214   0x08000214   0x00000000   Code   RO         1557    .ARM.Collect$$rtentry$$00000002  c_w.l(__rtentry2.o)
    0x08000214   0x08000214   0x00000006   Code   RO         1569    .ARM.Collect$$rtentry$$00000004  c_w.l(__rtentry4.o)
    0x0800021a   0x0800021a   0x00000000   Code   RO         1559    .ARM.Collect$$rtentry$$00000009  c_w.l(__rtentry2.o)
    0x0800021a   0x0800021a   0x00000004   Code   RO         1560    .ARM.Collect$$rtentry$$0000000A  c_w.l(__rtentry2.o)
    0x0800021e   0x0800021e   0x00000000   Code   RO         1562    .ARM.Collect$$rtentry$$0000000C  c_w.l(__rtentry2.o)
    0x0800021e   0x0800021e   0x00000008   Code   RO         1563    .ARM.Collect$$rtentry$$0000000D  c_w.l(__rtentry2.o)
    0x08000226   0x08000226   0x00000002   Code   RO         1590    .ARM.Collect$$rtexit$$00000000  c_w.l(rtexit.o)
    0x08000228   0x08000228   0x00000000   Code   RO         1650    .ARM.Collect$$rtexit$$00000002  c_w.l(rtexit2.o)
    0x08000228   0x08000228   0x00000004   Code   RO         1651    .ARM.Collect$$rtexit$$00000003  c_w.l(rtexit2.o)
    0x0800022c   0x0800022c   0x00000006   Code   RO         1652    .ARM.Collect$$rtexit$$00000004  c_w.l(rtexit2.o)
    0x08000232   0x08000232   0x00000002   PAD
    0x08000234   0x08000234   0x00000040   Code   RO            4    .text               startup_stm32f401xc.o
    0x08000274   0x08000274   0x000000f0   Code   RO         1545    .text               c_w.l(lludivv7m.o)
    0x08000364   0x08000364   0x00000006   Code   RO         1547    .text               c_w.l(heapauxi.o)
    0x0800036a   0x0800036a   0x0000004a   Code   RO         1573    .text               c_w.l(sys_stackheap_outer.o)
    0x080003b4   0x080003b4   0x00000012   Code   RO         1575    .text               c_w.l(exit.o)
    0x080003c6   0x080003c6   0x00000002   PAD
    0x080003c8   0x080003c8   0x00000008   Code   RO         1587    .text               c_w.l(libspace.o)
    0x080003d0   0x080003d0   0x0000000c   Code   RO         1645    .text               c_w.l(sys_exit.o)
    0x080003dc   0x080003dc   0x00000002   Code   RO         1668    .text               c_w.l(use_no_semi.o)
    0x080003de   0x080003de   0x00000000   Code   RO         1670    .text               c_w.l(indicate_semi.o)
    0x080003de   0x080003de   0x00000002   PAD
    0x080003e0   0x080003e0   0x00000002   Code   RO          127    .text.BusFault_Handler  stm32f4xx_it.o
    0x080003e2   0x080003e2   0x00000002   PAD
    0x080003e4   0x080003e4   0x00000004   Code   RO          196    .text.CUSTOM_HID_DeInit_FS  usbd_custom_hid_if.o
    0x080003e8   0x080003e8   0x00000004   Code   RO          194    .text.CUSTOM_HID_Init_FS  usbd_custom_hid_if.o
    0x080003ec   0x080003ec   0x00000018   Code   RO          198    .text.CUSTOM_HID_OutEvent_FS  usbd_custom_hid_if.o
    0x08000404   0x08000404   0x0000000c   Code   RO          139    .text.DMA1_Stream4_IRQHandler  stm32f4xx_it.o
    0x08000410   0x08000410   0x00000002   Code   RO          133    .text.DebugMon_Handler  stm32f4xx_it.o
    0x08000412   0x08000412   0x00000002   PAD
    0x08000414   0x08000414   0x0000000a   Code   RO           15    .text.Error_Handler  main.o
    0x0800041e   0x0800041e   0x00000002   PAD
    0x08000420   0x08000420   0x000001b0   Code   RO          926    .text.HAL_ADC_ConfigChannel  stm32f4xx_hal_adc.o
    0x080005d0   0x080005d0   0x00000382   Code   RO          884    .text.HAL_ADC_Init  stm32f4xx_hal_adc.o
    0x08000952   0x08000952   0x00000002   PAD
    0x08000954   0x08000954   0x00000036   Code   RO           38    .text.HAL_ADC_MspInit  adc.o
    0x0800098a   0x0800098a   0x00000002   PAD
    0x0800098c   0x0800098c   0x00000046   Code   RO          983    .text.HAL_CRC_Init  stm32f4xx_hal_crc.o
    0x080009d2   0x080009d2   0x00000002   PAD
    0x080009d4   0x080009d4   0x00000032   Code   RO           53    .text.HAL_CRC_MspInit  crc.o
    0x08000a06   0x08000a06   0x00000002   PAD
    0x08000a08   0x08000a08   0x000001c0   Code   RO          655    .text.HAL_DMA_IRQHandler  stm32f4xx_hal_dma.o
    0x08000bc8   0x08000bc8   0x00000426   Code   RO          641    .text.HAL_DMA_Init  stm32f4xx_hal_dma.o
    0x08000fee   0x08000fee   0x00000002   PAD
    0x08000ff0   0x08000ff0   0x00000028   Code   RO          813    .text.HAL_Delay     stm32f4xx_hal.o
    0x08001018   0x08001018   0x0000030c   Code   RO          601    .text.HAL_GPIO_Init  stm32f4xx_hal_gpio.o
    0x08001324   0x08001324   0x0000000c   Code   RO          805    .text.HAL_GetTick   stm32f4xx_hal.o
    0x08001330   0x08001330   0x000002de   Code   RO         1006    .text.HAL_I2C_Init  stm32f4xx_hal_i2c.o
    0x0800160e   0x0800160e   0x00000002   PAD
    0x08001610   0x08001610   0x000000aa   Code   RO           77    .text.HAL_I2C_MspInit  i2c.o
    0x080016ba   0x080016ba   0x00000002   PAD
    0x080016bc   0x080016bc   0x0000001a   Code   RO          803    .text.HAL_IncTick   stm32f4xx_hal.o
    0x080016d6   0x080016d6   0x00000002   PAD
    0x080016d8   0x080016d8   0x00000036   Code   RO          793    .text.HAL_Init      stm32f4xx_hal.o
    0x0800170e   0x0800170e   0x00000002   PAD
    0x08001710   0x08001710   0x00000048   Code   RO          795    .text.HAL_InitTick  stm32f4xx_hal.o
    0x08001758   0x08001758   0x00000038   Code   RO          150    .text.HAL_MspInit   stm32f4xx_hal_msp.o
    0x08001790   0x08001790   0x00000036   Code   RO          750    .text.HAL_NVIC_EnableIRQ  stm32f4xx_hal_cortex.o
    0x080017c6   0x080017c6   0x00000002   PAD
    0x080017c8   0x080017c8   0x00000080   Code   RO          748    .text.HAL_NVIC_SetPriority  stm32f4xx_hal_cortex.o
    0x08001848   0x08001848   0x00000038   Code   RO          746    .text.HAL_NVIC_SetPriorityGrouping  stm32f4xx_hal_cortex.o
    0x08001880   0x08001880   0x00000002   Code   RO          363    .text.HAL_PCDEx_LPM_Callback  stm32f4xx_hal_pcd_ex.o
    0x08001882   0x08001882   0x00000002   PAD
    0x08001884   0x08001884   0x00000008   Code   RO          361    .text.HAL_PCDEx_SetRxFiFo  stm32f4xx_hal_pcd_ex.o
    0x0800188c   0x0800188c   0x000000ea   Code   RO          359    .text.HAL_PCDEx_SetTxFiFo  stm32f4xx_hal_pcd_ex.o
    0x08001976   0x08001976   0x00000002   PAD
    0x08001978   0x08001978   0x00000008   Code   RO          231    .text.HAL_PCD_ConnectCallback  usbd_conf.o
    0x08001980   0x08001980   0x00000014   Code   RO          217    .text.HAL_PCD_DataInStageCallback  usbd_conf.o
    0x08001994   0x08001994   0x00000016   Code   RO          215    .text.HAL_PCD_DataOutStageCallback  usbd_conf.o
    0x080019aa   0x080019aa   0x00000002   PAD
    0x080019ac   0x080019ac   0x00000008   Code   RO          233    .text.HAL_PCD_DisconnectCallback  usbd_conf.o
    0x080019b4   0x080019b4   0x00000050   Code   RO          329    .text.HAL_PCD_EP_Close  stm32f4xx_hal_pcd.o
    0x08001a04   0x08001a04   0x00000068   Code   RO          339    .text.HAL_PCD_EP_ClrStall  stm32f4xx_hal_pcd.o
    0x08001a6c   0x08001a6c   0x00000068   Code   RO          327    .text.HAL_PCD_EP_Open  stm32f4xx_hal_pcd.o
    0x08001ad4   0x08001ad4   0x0000004c   Code   RO          331    .text.HAL_PCD_EP_Receive  stm32f4xx_hal_pcd.o
    0x08001b20   0x08001b20   0x0000007c   Code   RO          337    .text.HAL_PCD_EP_SetStall  stm32f4xx_hal_pcd.o
    0x08001b9c   0x08001b9c   0x00000044   Code   RO          335    .text.HAL_PCD_EP_Transmit  stm32f4xx_hal_pcd.o
    0x08001be0   0x08001be0   0x00000926   Code   RO          293    .text.HAL_PCD_IRQHandler  stm32f4xx_hal_pcd.o
    0x08002506   0x08002506   0x00000002   PAD
    0x08002508   0x08002508   0x00000008   Code   RO          229    .text.HAL_PCD_ISOINIncompleteCallback  usbd_conf.o
    0x08002510   0x08002510   0x00000008   Code   RO          227    .text.HAL_PCD_ISOOUTIncompleteCallback  usbd_conf.o
    0x08002518   0x08002518   0x0000019c   Code   RO          281    .text.HAL_PCD_Init  stm32f4xx_hal_pcd.o
    0x080026b4   0x080026b4   0x0000007e   Code   RO          209    .text.HAL_PCD_MspInit  usbd_conf.o
    0x08002732   0x08002732   0x00000002   PAD
    0x08002734   0x08002734   0x00000024   Code   RO          221    .text.HAL_PCD_ResetCallback  usbd_conf.o
    0x08002758   0x08002758   0x00000008   Code   RO          225    .text.HAL_PCD_ResumeCallback  usbd_conf.o
    0x08002760   0x08002760   0x00000008   Code   RO          219    .text.HAL_PCD_SOFCallback  usbd_conf.o
    0x08002768   0x08002768   0x00000028   Code   RO          325    .text.HAL_PCD_SetAddress  stm32f4xx_hal_pcd.o
    0x08002790   0x08002790   0x0000000e   Code   RO          213    .text.HAL_PCD_SetupStageCallback  usbd_conf.o
    0x0800279e   0x0800279e   0x00000002   PAD
    0x080027a0   0x080027a0   0x0000003e   Code   RO          289    .text.HAL_PCD_Start  stm32f4xx_hal_pcd.o
    0x080027de   0x080027de   0x00000002   PAD
    0x080027e0   0x080027e0   0x00000034   Code   RO          223    .text.HAL_PCD_SuspendCallback  usbd_conf.o
    0x08002814   0x08002814   0x00000222   Code   RO          483    .text.HAL_RCC_ClockConfig  stm32f4xx_hal_rcc.o
    0x08002a36   0x08002a36   0x00000002   PAD
    0x08002a38   0x08002a38   0x0000000c   Code   RO          493    .text.HAL_RCC_GetHCLKFreq  stm32f4xx_hal_rcc.o
    0x08002a44   0x08002a44   0x00000026   Code   RO          495    .text.HAL_RCC_GetPCLK1Freq  stm32f4xx_hal_rcc.o
    0x08002a6a   0x08002a6a   0x00000002   PAD
    0x08002a6c   0x08002a6c   0x00000026   Code   RO          497    .text.HAL_RCC_GetPCLK2Freq  stm32f4xx_hal_rcc.o
    0x08002a92   0x08002a92   0x00000002   PAD
    0x08002a94   0x08002a94   0x0000006a   Code   RO          485    .text.HAL_RCC_GetSysClockFreq  stm32f4xx_hal_rcc.o
    0x08002afe   0x08002afe   0x00000002   PAD
    0x08002b00   0x08002b00   0x00000512   Code   RO          481    .text.HAL_RCC_OscConfig  stm32f4xx_hal_rcc.o
    0x08003012   0x08003012   0x00000002   PAD
    0x08003014   0x08003014   0x00000262   Code   RO         1154    .text.HAL_SPI_Init  stm32f4xx_hal_spi.o
    0x08003276   0x08003276   0x00000002   PAD
    0x08003278   0x08003278   0x000000a4   Code   RO           92    .text.HAL_SPI_MspInit  spi.o
    0x0800331c   0x0800331c   0x0000002c   Code   RO          758    .text.HAL_SYSTICK_Config  stm32f4xx_hal_cortex.o
    0x08003348   0x08003348   0x0000012e   Code   RO         1271    .text.HAL_UART_Init  stm32f4xx_hal_uart.o
    0x08003476   0x08003476   0x00000002   PAD
    0x08003478   0x08003478   0x0000006a   Code   RO          108    .text.HAL_UART_MspInit  usart.o
    0x080034e2   0x080034e2   0x00000002   PAD
    0x080034e4   0x080034e4   0x00000002   Code   RO          123    .text.HardFault_Handler  stm32f4xx_it.o
    0x080034e6   0x080034e6   0x00000002   PAD
    0x080034e8   0x080034e8   0x0000006c   Code   RO           36    .text.MX_ADC1_Init  adc.o
    0x08003554   0x08003554   0x00000026   Code   RO           51    .text.MX_CRC_Init   crc.o
    0x0800357a   0x0800357a   0x00000002   PAD
    0x0800357c   0x0800357c   0x00000038   Code   RO           66    .text.MX_DMA_Init   dma.o
    0x080035b4   0x080035b4   0x000000d0   Code   RO           27    .text.MX_GPIO_Init  gpio.o
    0x08003684   0x08003684   0x00000042   Code   RO           75    .text.MX_I2C3_Init  i2c.o
    0x080036c6   0x080036c6   0x00000002   PAD
    0x080036c8   0x080036c8   0x00000052   Code   RO           90    .text.MX_SPI2_Init  spi.o
    0x0800371a   0x0800371a   0x00000002   PAD
    0x0800371c   0x0800371c   0x0000003c   Code   RO          106    .text.MX_USART6_UART_Init  usart.o
    0x08003758   0x08003758   0x00000072   Code   RO          158    .text.MX_USB_DEVICE_Init  usb_device.o
    0x080037ca   0x080037ca   0x00000002   PAD
    0x080037cc   0x080037cc   0x00000002   Code   RO          125    .text.MemManage_Handler  stm32f4xx_it.o
    0x080037ce   0x080037ce   0x00000002   PAD
    0x080037d0   0x080037d0   0x00000002   Code   RO          121    .text.NMI_Handler   stm32f4xx_it.o
    0x080037d2   0x080037d2   0x00000002   PAD
    0x080037d4   0x080037d4   0x0000000c   Code   RO          141    .text.OTG_FS_IRQHandler  stm32f4xx_it.o
    0x080037e0   0x080037e0   0x00000002   Code   RO          135    .text.PendSV_Handler  stm32f4xx_it.o
    0x080037e2   0x080037e2   0x00000002   PAD
    0x080037e4   0x080037e4   0x00000002   Code   RO          131    .text.SVC_Handler   stm32f4xx_it.o
    0x080037e6   0x080037e6   0x00000002   PAD
    0x080037e8   0x080037e8   0x00000004   Code   RO          137    .text.SysTick_Handler  stm32f4xx_it.o
    0x080037ec   0x080037ec   0x000000b0   Code   RO           13    .text.SystemClock_Config  main.o
    0x0800389c   0x0800389c   0x00000012   Code   RO         1392    .text.SystemInit    system_stm32f4xx.o
    0x080038ae   0x080038ae   0x00000002   PAD
    0x080038b0   0x080038b0   0x0000015e   Code   RO         1275    .text.UART_SetConfig  stm32f4xx_hal_uart.o
    0x08003a0e   0x08003a0e   0x00000002   PAD
    0x08003a10   0x08003a10   0x00000014   Code   RO         1514    .text.USBD_CUSTOM_HID_DataIn  usbd_customhid.o
    0x08003a24   0x08003a24   0x00000024   Code   RO         1516    .text.USBD_CUSTOM_HID_DataOut  usbd_customhid.o
    0x08003a48   0x08003a48   0x00000050   Code   RO         1508    .text.USBD_CUSTOM_HID_DeInit  usbd_customhid.o
    0x08003a98   0x08003a98   0x00000030   Code   RO         1512    .text.USBD_CUSTOM_HID_EP0_RxReady  usbd_customhid.o
    0x08003ac8   0x08003ac8   0x00000010   Code   RO         1524    .text.USBD_CUSTOM_HID_GetDeviceQualifierDesc  usbd_customhid.o
    0x08003ad8   0x08003ad8   0x00000040   Code   RO         1520    .text.USBD_CUSTOM_HID_GetFSCfgDesc  usbd_customhid.o
    0x08003b18   0x08003b18   0x00000040   Code   RO         1518    .text.USBD_CUSTOM_HID_GetHSCfgDesc  usbd_customhid.o
    0x08003b58   0x08003b58   0x00000040   Code   RO         1522    .text.USBD_CUSTOM_HID_GetOtherSpeedCfgDesc  usbd_customhid.o
    0x08003b98   0x08003b98   0x00000074   Code   RO         1506    .text.USBD_CUSTOM_HID_Init  usbd_customhid.o
    0x08003c0c   0x08003c0c   0x00000020   Code   RO         1528    .text.USBD_CUSTOM_HID_ReceivePacket  usbd_customhid.o
    0x08003c2c   0x08003c2c   0x00000018   Code   RO         1530    .text.USBD_CUSTOM_HID_RegisterInterface  usbd_customhid.o
    0x08003c44   0x08003c44   0x0000014a   Code   RO         1510    .text.USBD_CUSTOM_HID_Setup  usbd_customhid.o
    0x08003d8e   0x08003d8e   0x00000002   PAD
    0x08003d90   0x08003d90   0x00000012   Code   RO         1421    .text.USBD_ClrClassConfig  usbd_core.o
    0x08003da2   0x08003da2   0x00000002   PAD
    0x08003da4   0x08003da4   0x00000004   Code   RO         1429    .text.USBD_CoreFindEP  usbd_core.o
    0x08003da8   0x08003da8   0x00000004   Code   RO         1427    .text.USBD_CoreFindIF  usbd_core.o
    0x08003dac   0x08003dac   0x00000010   Code   RO         1490    .text.USBD_CtlContinueRx  usbd_ioreq.o
    0x08003dbc   0x08003dbc   0x00000010   Code   RO         1486    .text.USBD_CtlContinueSendData  usbd_ioreq.o
    0x08003dcc   0x08003dcc   0x00000016   Code   RO         1465    .text.USBD_CtlError  usbd_ctlreq.o
    0x08003de2   0x08003de2   0x00000002   PAD
    0x08003de4   0x08003de4   0x0000001a   Code   RO         1488    .text.USBD_CtlPrepareRx  usbd_ioreq.o
    0x08003dfe   0x08003dfe   0x00000002   PAD
    0x08003e00   0x08003e00   0x00000016   Code   RO         1494    .text.USBD_CtlReceiveStatus  usbd_ioreq.o
    0x08003e16   0x08003e16   0x00000002   PAD
    0x08003e18   0x08003e18   0x0000001a   Code   RO         1484    .text.USBD_CtlSendData  usbd_ioreq.o
    0x08003e32   0x08003e32   0x00000002   PAD
    0x08003e34   0x08003e34   0x00000016   Code   RO         1492    .text.USBD_CtlSendStatus  usbd_ioreq.o
    0x08003e4a   0x08003e4a   0x00000002   PAD
    0x08003e4c   0x08003e4c   0x0000002c   Code   RO          177    .text.USBD_FS_ConfigStrDescriptor  usbd_desc.o
    0x08003e78   0x08003e78   0x0000000e   Code   RO          167    .text.USBD_FS_DeviceDescriptor  usbd_desc.o
    0x08003e86   0x08003e86   0x00000002   PAD
    0x08003e88   0x08003e88   0x00000030   Code   RO          179    .text.USBD_FS_InterfaceStrDescriptor  usbd_desc.o
    0x08003eb8   0x08003eb8   0x0000000e   Code   RO          169    .text.USBD_FS_LangIDStrDescriptor  usbd_desc.o
    0x08003ec6   0x08003ec6   0x00000002   PAD
    0x08003ec8   0x08003ec8   0x0000002c   Code   RO          171    .text.USBD_FS_ManufacturerStrDescriptor  usbd_desc.o
    0x08003ef4   0x08003ef4   0x00000038   Code   RO          173    .text.USBD_FS_ProductStrDescriptor  usbd_desc.o
    0x08003f2c   0x08003f2c   0x0000016c   Code   RO          175    .text.USBD_FS_SerialStrDescriptor  usbd_desc.o
    0x08004098   0x08004098   0x00000080   Code   RO         1451    .text.USBD_GetEpDesc  usbd_core.o
    0x08004118   0x08004118   0x000000da   Code   RO         1473    .text.USBD_GetString  usbd_ctlreq.o
    0x080041f2   0x080041f2   0x00000002   PAD
    0x080041f4   0x080041f4   0x0000002a   Code   RO         1407    .text.USBD_Init     usbd_core.o
    0x0800421e   0x0800421e   0x00000002   PAD
    0x08004220   0x08004220   0x00000022   Code   RO          253    .text.USBD_LL_ClearStallEP  usbd_conf.o
    0x08004242   0x08004242   0x00000002   PAD
    0x08004244   0x08004244   0x00000022   Code   RO          247    .text.USBD_LL_CloseEP  usbd_conf.o
    0x08004266   0x08004266   0x00000002   PAD
    0x08004268   0x08004268   0x000000b6   Code   RO         1431    .text.USBD_LL_DataInStage  usbd_core.o
    0x0800431e   0x0800431e   0x00000002   PAD
    0x08004320   0x08004320   0x00000078   Code   RO         1425    .text.USBD_LL_DataOutStage  usbd_core.o
    0x08004398   0x08004398   0x00000004   Code   RO         1447    .text.USBD_LL_DevConnected  usbd_core.o
    0x0800439c   0x0800439c   0x00000020   Code   RO         1449    .text.USBD_LL_DevDisconnected  usbd_core.o
    0x080043bc   0x080043bc   0x00000070   Code   RO          235    .text.USBD_LL_Init  usbd_conf.o
    0x0800442c   0x0800442c   0x00000022   Code   RO          255    .text.USBD_LL_IsStallEP  usbd_conf.o
    0x0800444e   0x0800444e   0x00000002   PAD
    0x08004450   0x08004450   0x00000028   Code   RO         1443    .text.USBD_LL_IsoINIncomplete  usbd_core.o
    0x08004478   0x08004478   0x00000028   Code   RO         1445    .text.USBD_LL_IsoOUTIncomplete  usbd_core.o
    0x080044a0   0x080044a0   0x00000028   Code   RO          245    .text.USBD_LL_OpenEP  usbd_conf.o
    0x080044c8   0x080044c8   0x00000022   Code   RO          261    .text.USBD_LL_PrepareReceive  usbd_conf.o
    0x080044ea   0x080044ea   0x00000002   PAD
    0x080044ec   0x080044ec   0x00000066   Code   RO         1433    .text.USBD_LL_Reset  usbd_core.o
    0x08004552   0x08004552   0x00000002   PAD
    0x08004554   0x08004554   0x00000014   Code   RO         1439    .text.USBD_LL_Resume  usbd_core.o
    0x08004568   0x08004568   0x0000001c   Code   RO         1441    .text.USBD_LL_SOF   usbd_core.o
    0x08004584   0x08004584   0x00000008   Code   RO         1435    .text.USBD_LL_SetSpeed  usbd_core.o
    0x0800458c   0x0800458c   0x00000022   Code   RO          257    .text.USBD_LL_SetUSBAddress  usbd_conf.o
    0x080045ae   0x080045ae   0x00000002   PAD
    0x080045b0   0x080045b0   0x00000062   Code   RO         1423    .text.USBD_LL_SetupStage  usbd_core.o
    0x08004612   0x08004612   0x00000002   PAD
    0x08004614   0x08004614   0x00000022   Code   RO          251    .text.USBD_LL_StallEP  usbd_conf.o
    0x08004636   0x08004636   0x00000002   PAD
    0x08004638   0x08004638   0x00000022   Code   RO          241    .text.USBD_LL_Start  usbd_conf.o
    0x0800465a   0x0800465a   0x00000002   PAD
    0x0800465c   0x0800465c   0x00000014   Code   RO         1437    .text.USBD_LL_Suspend  usbd_core.o
    0x08004670   0x08004670   0x00000022   Code   RO          259    .text.USBD_LL_Transmit  usbd_conf.o
    0x08004692   0x08004692   0x00000002   PAD
    0x08004694   0x08004694   0x00000016   Code   RO         1471    .text.USBD_ParseSetupRequest  usbd_ctlreq.o
    0x080046aa   0x080046aa   0x00000002   PAD
    0x080046ac   0x080046ac   0x00000042   Code   RO         1411    .text.USBD_RegisterClass  usbd_core.o
    0x080046ee   0x080046ee   0x00000002   PAD
    0x080046f0   0x080046f0   0x00000010   Code   RO         1419    .text.USBD_SetClassConfig  usbd_core.o
    0x08004700   0x08004700   0x00000004   Code   RO         1413    .text.USBD_Start    usbd_core.o
    0x08004704   0x08004704   0x00000374   Code   RO         1463    .text.USBD_StdDevReq  usbd_ctlreq.o
    0x08004a78   0x08004a78   0x00000172   Code   RO         1469    .text.USBD_StdEPReq  usbd_ctlreq.o
    0x08004bea   0x08004bea   0x00000002   PAD
    0x08004bec   0x08004bec   0x00000094   Code   RO         1467    .text.USBD_StdItfReq  usbd_ctlreq.o
    0x08004c80   0x08004c80   0x00000002   Code   RO          267    .text.USBD_static_free  usbd_conf.o
    0x08004c82   0x08004c82   0x00000002   PAD
    0x08004c84   0x08004c84   0x0000000a   Code   RO          265    .text.USBD_static_malloc  usbd_conf.o
    0x08004c8e   0x08004c8e   0x00000002   PAD
    0x08004c90   0x08004c90   0x00000082   Code   RO          397    .text.USB_ActivateEndpoint  stm32f4xx_ll_usb.o
    0x08004d12   0x08004d12   0x00000002   PAD
    0x08004d14   0x08004d14   0x00000020   Code   RO          439    .text.USB_ActivateSetup  stm32f4xx_ll_usb.o
    0x08004d34   0x08004d34   0x000001de   Code   RO          375    .text.USB_CoreInit  stm32f4xx_ll_usb.o
    0x08004f12   0x08004f12   0x00000002   PAD
    0x08004f14   0x08004f14   0x00000086   Code   RO          401    .text.USB_DeactivateEndpoint  stm32f4xx_ll_usb.o
    0x08004f9a   0x08004f9a   0x00000002   PAD
    0x08004f9c   0x08004f9c   0x0000001e   Code   RO          423    .text.USB_DevConnect  stm32f4xx_ll_usb.o
    0x08004fba   0x08004fba   0x00000002   PAD
    0x08004fbc   0x08004fbc   0x0000001e   Code   RO          425    .text.USB_DevDisconnect  stm32f4xx_ll_usb.o
    0x08004fda   0x08004fda   0x00000002   PAD
    0x08004fdc   0x08004fdc   0x00000492   Code   RO          387    .text.USB_DevInit   stm32f4xx_ll_usb.o
    0x0800546e   0x0800546e   0x00000002   PAD
    0x08005470   0x08005470   0x0000000e   Code   RO          381    .text.USB_DisableGlobalInt  stm32f4xx_ll_usb.o
    0x0800547e   0x0800547e   0x00000002   PAD
    0x08005480   0x08005480   0x000000fc   Code   RO          409    .text.USB_EP0StartXfer  stm32f4xx_ll_usb.o
    0x0800557c   0x0800557c   0x0000005a   Code   RO          441    .text.USB_EP0_OutStart  stm32f4xx_ll_usb.o
    0x080055d6   0x080055d6   0x00000002   PAD
    0x080055d8   0x080055d8   0x00000052   Code   RO          417    .text.USB_EPClearStall  stm32f4xx_ll_usb.o
    0x0800562a   0x0800562a   0x00000002   PAD
    0x0800562c   0x0800562c   0x0000003e   Code   RO          415    .text.USB_EPSetStall  stm32f4xx_ll_usb.o
    0x0800566a   0x0800566a   0x00000002   PAD
    0x0800566c   0x0800566c   0x000001ee   Code   RO          405    .text.USB_EPStartXfer  stm32f4xx_ll_usb.o
    0x0800585a   0x0800585a   0x00000002   PAD
    0x0800585c   0x0800585c   0x0000010e   Code   RO          411    .text.USB_EPStopXfer  stm32f4xx_ll_usb.o
    0x0800596a   0x0800596a   0x00000002   PAD
    0x0800596c   0x0800596c   0x0000000e   Code   RO          379    .text.USB_EnableGlobalInt  stm32f4xx_ll_usb.o
    0x0800597a   0x0800597a   0x00000002   PAD
    0x0800597c   0x0800597c   0x000000b6   Code   RO          391    .text.USB_FlushTxFifo  stm32f4xx_ll_usb.o
    0x08005a32   0x08005a32   0x00000002   PAD
    0x08005a34   0x08005a34   0x0000001a   Code   RO          395    .text.USB_GetDevSpeed  stm32f4xx_ll_usb.o
    0x08005a4e   0x08005a4e   0x00000002   PAD
    0x08005a50   0x08005a50   0x00000008   Code   RO          385    .text.USB_GetMode   stm32f4xx_ll_usb.o
    0x08005a58   0x08005a58   0x0000000e   Code   RO          431    .text.USB_ReadDevAllInEpInterrupt  stm32f4xx_ll_usb.o
    0x08005a66   0x08005a66   0x00000002   PAD
    0x08005a68   0x08005a68   0x0000000e   Code   RO          429    .text.USB_ReadDevAllOutEpInterrupt  stm32f4xx_ll_usb.o
    0x08005a76   0x08005a76   0x00000002   PAD
    0x08005a78   0x08005a78   0x00000024   Code   RO          435    .text.USB_ReadDevInEPInterrupt  stm32f4xx_ll_usb.o
    0x08005a9c   0x08005a9c   0x00000010   Code   RO          433    .text.USB_ReadDevOutEPInterrupt  stm32f4xx_ll_usb.o
    0x08005aac   0x08005aac   0x00000008   Code   RO          427    .text.USB_ReadInterrupts  stm32f4xx_ll_usb.o
    0x08005ab4   0x08005ab4   0x000000aa   Code   RO          413    .text.USB_ReadPacket  stm32f4xx_ll_usb.o
    0x08005b5e   0x08005b5e   0x00000002   PAD
    0x08005b60   0x08005b60   0x00000064   Code   RO          383    .text.USB_SetCurrentMode  stm32f4xx_ll_usb.o
    0x08005bc4   0x08005bc4   0x00000022   Code   RO          421    .text.USB_SetDevAddress  stm32f4xx_ll_usb.o
    0x08005be6   0x08005be6   0x00000002   PAD
    0x08005be8   0x08005be8   0x00000120   Code   RO          377    .text.USB_SetTurnaroundTime  stm32f4xx_ll_usb.o
    0x08005d08   0x08005d08   0x0000006a   Code   RO          407    .text.USB_WritePacket  stm32f4xx_ll_usb.o
    0x08005d72   0x08005d72   0x00000002   PAD
    0x08005d74   0x08005d74   0x00000002   Code   RO          129    .text.UsageFault_Handler  stm32f4xx_it.o
    0x08005d76   0x08005d76   0x00000002   PAD
    0x08005d78   0x08005d78   0x00000002   Code   RO           17    .text.assert_failed  main.o
    0x08005d7a   0x08005d7a   0x00000002   PAD
    0x08005d7c   0x08005d7c   0x0000002a   Code   RO           11    .text.main          main.o
    0x08005da6   0x08005da6   0x0000001a   Code   RO         1662    x$fpl$fpinit        fz_wm.l(fpinit.o)
    0x08005dc0   0x08005dc0   0x00000010   Data   RO         1397    .rodata.AHBPrescTable  system_stm32f4xx.o
    0x08005dd0   0x08005dd0   0x00000008   Data   RO         1398    .rodata.APBPrescTable  system_stm32f4xx.o
    0x08005dd8   0x08005dd8   0x00000008   Data   RO          666    .rodata.cst8        stm32f4xx_hal_dma.o
    0x08005de0   0x08005de0   0x00000038   Data   RO          507    .rodata.str1.1      stm32f4xx_hal_rcc.o
    0x08005e18   0x08005e18   0x00000039   Data   RO          617    .rodata.str1.1      stm32f4xx_hal_gpio.o
    0x08005e51   0x08005e51   0x00000038   Data   RO          665    .rodata.str1.1      stm32f4xx_hal_dma.o
    0x08005e89   0x08005e89   0x0000003b   Data   RO          784    .rodata.str1.1      stm32f4xx_hal_cortex.o
    0x08005ec4   0x08005ec4   0x00000038   Data   RO          934    .rodata.str1.1      stm32f4xx_hal_adc.o
    0x08005efc   0x08005efc   0x00000038   Data   RO          997    .rodata.str1.1      stm32f4xx_hal_crc.o
    0x08005f34   0x08005f34   0x00000038   Data   RO         1132    .rodata.str1.1      stm32f4xx_hal_i2c.o
    0x08005f6c   0x08005f6c   0x00000038   Data   RO         1260    .rodata.str1.1      stm32f4xx_hal_spi.o
    0x08005fa4   0x08005fa4   0x00000039   Data   RO         1383    .rodata.str1.1      stm32f4xx_hal_uart.o
    0x08005fdd   0x08005fdd   0x00000003   PAD
    0x08005fe0   0x08005fe0   0x00000020   Data   RO         1723    Region$$Table       anon$$obj.o


    Execution Region RW_IRAM1 (Exec base: 0x20000000, Load base: 0x08006000, Size: 0x00001300, Max: 0x00010000, ABSOLUTE)

    Exec Addr    Load Addr    Size         Type   Attr      Idx    E Section Name        Object

    0x20000000   0x08006000   0x00000008   Data   RW          848    .data..L_MergedGlobals  stm32f4xx_hal.o
    0x20000008   0x08006008   0x00000002   Data   RW          200    .data.CUSTOM_HID_ReportDesc_FS  usbd_custom_hid_if.o
    0x2000000a   0x0800600a   0x00000002   PAD
    0x2000000c   0x0800600c   0x0000001c   Data   RW          181    .data.FS_Desc       usbd_desc.o
    0x20000028   0x08006028   0x00000004   Data   RW         1396    .data.SystemCoreClock  system_stm32f4xx.o
    0x2000002c   0x0800602c   0x00000038   Data   RW         1532    .data.USBD_CUSTOM_HID  usbd_customhid.o
    0x20000064   0x08006064   0x00000029   Data   RW         1534    .data.USBD_CUSTOM_HID_CfgDesc  usbd_customhid.o
    0x2000008d   0x0800608d   0x00000003   PAD
    0x20000090   0x08006090   0x00000009   Data   RW         1533    .data.USBD_CUSTOM_HID_Desc  usbd_customhid.o
    0x20000099   0x08006099   0x00000003   PAD
    0x2000009c   0x0800609c   0x0000000a   Data   RW         1535    .data.USBD_CUSTOM_HID_DeviceQualifierDesc  usbd_customhid.o
    0x200000a6   0x080060a6   0x00000002   PAD
    0x200000a8   0x080060a8   0x00000010   Data   RW          201    .data.USBD_CustomHID_fops_FS  usbd_custom_hid_if.o
    0x200000b8   0x080060b8   0x00000012   Data   RW          182    .data.USBD_FS_DeviceDesc  usbd_desc.o
    0x200000ca   0x080060ca   0x00000002   PAD
    0x200000cc   0x080060cc   0x00000004   Data   RW          183    .data.USBD_LangIDDesc  usbd_desc.o
    0x200000d0   0x080060d0   0x0000001a   Data   RW          184    .data.USBD_StringSerial  usbd_desc.o
    0x200000ea   0x080060ea   0x00000006   PAD
    0x200000f0        -       0x00000060   Zero   RW         1588    .bss                c_w.l(libspace.o)
    0x20000150        -       0x00000001   Zero   RW         1475    .bss.USBD_SetConfig.cfgidx  usbd_ctlreq.o
    0x20000151   0x080060ea   0x00000003   PAD
    0x20000154        -       0x00000200   Zero   RW          185    .bss.USBD_StrDesc   usbd_desc.o
    0x20000354        -       0x0000001c   Zero   RW          272    .bss.USBD_static_malloc.mem  usbd_conf.o
    0x20000370        -       0x000002dc   Zero   RW          160    .bss.hUsbDeviceFS   usb_device.o
    0x2000064c        -       0x00000048   Zero   RW           42    .bss.hadc1          adc.o
    0x20000694        -       0x00000008   Zero   RW           57    .bss.hcrc           crc.o
    0x2000069c        -       0x00000060   Zero   RW           97    .bss.hdma_spi2_tx   spi.o
    0x200006fc        -       0x00000054   Zero   RW           81    .bss.hi2c3          i2c.o
    0x20000750        -       0x0000050c   Zero   RW          271    .bss.hpcd_USB_OTG_FS  usbd_conf.o
    0x20000c5c        -       0x00000058   Zero   RW           96    .bss.hspi2          spi.o
    0x20000cb4        -       0x00000044   Zero   RW          112    .bss.huart6         usart.o
    0x20000cf8        -       0x00000004   Zero   RW          847    .bss.uwTick         stm32f4xx_hal.o
    0x20000cfc   0x080060ea   0x00000004   PAD
    0x20000d00        -       0x00000200   Zero   RW            2    HEAP                startup_stm32f401xc.o
    0x20000f00        -       0x00000400   Zero   RW            1    STACK               startup_stm32f401xc.o


==============================================================================

Image component sizes


      Code (inc. data)   RO Data    RW Data    ZI Data      Debug   Object Name

       162          0          0          0         72       4534   adc.o
        88          0          0          0          8       2714   crc.o
        56          0          0          0          0       3028   dma.o
       208          0          0          0          0       2202   gpio.o
       236          0          0          0         84       5366   i2c.o
       230          0          0          0          0       2924   main.o
       246          0          0          0        184       5217   spi.o
        64         26        404          0       1536        856   startup_stm32f401xc.o
       204          0          0          8          4       6962   stm32f4xx_hal.o
      1330          0         56          0          0      11957   stm32f4xx_hal_adc.o
       282          0         59          0          0      10334   stm32f4xx_hal_cortex.o
        70          0         56          0          0       3875   stm32f4xx_hal_crc.o
      1510          6         64          0          0      10984   stm32f4xx_hal_dma.o
       780         64         57          0          0       5983   stm32f4xx_hal_gpio.o
       734          0         56          0          0      53744   stm32f4xx_hal_i2c.o
        56          0          0          0          0       1533   stm32f4xx_hal_msp.o
      3412         56          0          0          0      16911   stm32f4xx_hal_pcd.o
       244          0          0          0          0       4627   stm32f4xx_hal_pcd_ex.o
      2038          0         56          0          0       7726   stm32f4xx_hal_rcc.o
       610          0         56          0          0      25830   stm32f4xx_hal_spi.o
       652          0         57          0          0      32086   stm32f4xx_hal_uart.o
        44          0          0          0          0       5100   stm32f4xx_it.o
      4284          0          0          0          0      32478   stm32f4xx_ll_usb.o
        18          0         24          4          0       2724   system_stm32f4xx.o
       166          0          0          0         68       5077   usart.o
       114          0          0          0        732       3205   usb_device.o
       754          0          0          0       1320      17756   usbd_conf.o
       976          0          0          0          0      10877   usbd_core.o
      1664         34          0          0          1      10263   usbd_ctlreq.o
        32          0          0         18          0       1611   usbd_custom_hid_if.o
       894         24          0        116          0       9280   usbd_customhid.o
       584         96          0         76        512       4254   usbd_desc.o
       128          0          0          0          0       4718   usbd_ioreq.o

    ----------------------------------------------------------------------
     23046        306        980        236       4532     326736   Object Totals
         0          0         32          0          0          0   (incl. Generated)
       176          0          3         14         11          0   (incl. Padding)

    ----------------------------------------------------------------------

      Code (inc. data)   RO Data    RW Data    ZI Data      Debug   Library Member Name

         8          0          0          0          0         68   __main.o
         0          0          0          0          0          0   __rtentry.o
        12          0          0          0          0          0   __rtentry2.o
         6          0          0          0          0          0   __rtentry4.o
        52          8          0          0          0          0   __scatter.o
        26          0          0          0          0          0   __scatter_copy.o
        28          0          0          0          0          0   __scatter_zi.o
        18          0          0          0          0         80   exit.o
         6          0          0          0          0        152   heapauxi.o
         0          0          0          0          0          0   indicate_semi.o
         2          0          0          0          0          0   libinit.o
         6          0          0          0          0          0   libinit2.o
         2          0          0          0          0          0   libshutdown.o
         2          0          0          0          0          0   libshutdown2.o
         8          4          0          0         96         68   libspace.o
       240          0          0          0          0        100   lludivv7m.o
         2          0          0          0          0          0   rtexit.o
        10          0          0          0          0          0   rtexit2.o
        12          4          0          0          0         68   sys_exit.o
        74          0          0          0          0         80   sys_stackheap_outer.o
         2          0          0          0          0         68   use_no_semi.o
        26          0          0          0          0        116   fpinit.o

    ----------------------------------------------------------------------
       550         16          0          0         96        800   Library Totals
         8          0          0          0          0          0   (incl. Padding)

    ----------------------------------------------------------------------

      Code (inc. data)   RO Data    RW Data    ZI Data      Debug   Library Name

       516         16          0          0         96        684   c_w.l
        26          0          0          0          0        116   fz_wm.l

    ----------------------------------------------------------------------
       550         16          0          0         96        800   Library Totals

    ----------------------------------------------------------------------

==============================================================================


      Code (inc. data)   RO Data    RW Data    ZI Data      Debug   

     23596        322        980        236       4628     326708   Grand Totals
     23596        322        980        236       4628     326708   ELF Image Totals
     23596        322        980        236          0          0   ROM Totals

==============================================================================

    Total RO  Size (Code + RO Data)                24576 (  24.00kB)
    Total RW  Size (RW Data + ZI Data)              4864 (   4.75kB)
    Total ROM Size (Code + RO Data + RW Data)      24812 (  24.23kB)

==============================================================================

