Component: ARM Compiler 5.06 update 7 (build 960) Tool: armlink [4d3601]

==============================================================================

Section Cross References

    startup_stm32f401xc.o(STACK) refers (Special) to heapauxi.o(.text) for __use_two_region_memory
    startup_stm32f401xc.o(HEAP) refers (Special) to heapauxi.o(.text) for __use_two_region_memory
    startup_stm32f401xc.o(RESET) refers (Special) to heapauxi.o(.text) for __use_two_region_memory
    startup_stm32f401xc.o(RESET) refers to startup_stm32f401xc.o(STACK) for __initial_sp
    startup_stm32f401xc.o(RESET) refers to startup_stm32f401xc.o(.text) for Reset_Handler
    startup_stm32f401xc.o(RESET) refers to stm32f4xx_it.o(i.NMI_Handler) for NMI_Handler
    startup_stm32f401xc.o(RESET) refers to stm32f4xx_it.o(i.HardFault_Handler) for HardFault_Handler
    startup_stm32f401xc.o(RESET) refers to stm32f4xx_it.o(i.MemManage_Handler) for MemManage_Handler
    startup_stm32f401xc.o(RESET) refers to stm32f4xx_it.o(i.BusFault_Handler) for BusFault_Handler
    startup_stm32f401xc.o(RESET) refers to stm32f4xx_it.o(i.UsageFault_Handler) for UsageFault_Handler
    startup_stm32f401xc.o(RESET) refers to port.o(.emb_text) for SVC_Handler
    startup_stm32f401xc.o(RESET) refers to stm32f4xx_it.o(i.DebugMon_Handler) for DebugMon_Handler
    startup_stm32f401xc.o(RESET) refers to cmsis_os2.o(i.SysTick_Handler) for SysTick_Handler
    startup_stm32f401xc.o(RESET) refers to stm32f4xx_it.o(i.DMA1_Stream4_IRQHandler) for DMA1_Stream4_IRQHandler
    startup_stm32f401xc.o(RESET) refers to stm32f4xx_it.o(i.TIM1_UP_TIM10_IRQHandler) for TIM1_UP_TIM10_IRQHandler
    startup_stm32f401xc.o(RESET) refers to stm32f4xx_it.o(i.OTG_FS_IRQHandler) for OTG_FS_IRQHandler
    startup_stm32f401xc.o(.text) refers (Special) to heapauxi.o(.text) for __use_two_region_memory
    startup_stm32f401xc.o(.text) refers to system_stm32f4xx.o(i.SystemInit) for SystemInit
    startup_stm32f401xc.o(.text) refers to __main.o(!!!main) for __main
    startup_stm32f401xc.o(.text) refers to startup_stm32f401xc.o(HEAP) for Heap_Mem
    startup_stm32f401xc.o(.text) refers to startup_stm32f401xc.o(STACK) for Stack_Mem
    main.o(i.HAL_TIM_PeriodElapsedCallback) refers to stm32f4xx_hal.o(i.HAL_IncTick) for HAL_IncTick
    main.o(i.SystemClock_Config) refers to rt_memclr_w.o(.text) for __aeabi_memclr4
    main.o(i.SystemClock_Config) refers to stm32f4xx_hal_rcc.o(i.HAL_RCC_OscConfig) for HAL_RCC_OscConfig
    main.o(i.SystemClock_Config) refers to stm32f4xx_hal_rcc.o(i.HAL_RCC_ClockConfig) for HAL_RCC_ClockConfig
    main.o(i.main) refers to stm32f4xx_hal.o(i.HAL_Init) for HAL_Init
    main.o(i.main) refers to main.o(i.SystemClock_Config) for SystemClock_Config
    main.o(i.main) refers to gpio.o(i.MX_GPIO_Init) for MX_GPIO_Init
    main.o(i.main) refers to dma.o(i.MX_DMA_Init) for MX_DMA_Init
    main.o(i.main) refers to adc.o(i.MX_ADC1_Init) for MX_ADC1_Init
    main.o(i.main) refers to crc.o(i.MX_CRC_Init) for MX_CRC_Init
    main.o(i.main) refers to i2c.o(i.MX_I2C3_Init) for MX_I2C3_Init
    main.o(i.main) refers to spi.o(i.MX_SPI2_Init) for MX_SPI2_Init
    main.o(i.main) refers to usart.o(i.MX_USART6_UART_Init) for MX_USART6_UART_Init
    main.o(i.main) refers to usb_otg.o(i.MX_USB_OTG_FS_PCD_Init) for MX_USB_OTG_FS_PCD_Init
    main.o(i.main) refers to cmsis_os2.o(i.osKernelInitialize) for osKernelInitialize
    main.o(i.main) refers to freertos.o(i.MX_FREERTOS_Init) for MX_FREERTOS_Init
    main.o(i.main) refers to cmsis_os2.o(i.osKernelStart) for osKernelStart
    gpio.o(i.MX_GPIO_Init) refers to rt_memclr_w.o(.text) for __aeabi_memclr4
    gpio.o(i.MX_GPIO_Init) refers to stm32f4xx_hal_gpio.o(i.HAL_GPIO_WritePin) for HAL_GPIO_WritePin
    gpio.o(i.MX_GPIO_Init) refers to stm32f4xx_hal_gpio.o(i.HAL_GPIO_Init) for HAL_GPIO_Init
    freertos.o(i.MX_FREERTOS_Init) refers to cmsis_os2.o(i.osThreadNew) for osThreadNew
    freertos.o(i.MX_FREERTOS_Init) refers to freertos.o(.constdata) for .constdata
    freertos.o(i.MX_FREERTOS_Init) refers to freertos.o(i.StartDefaultTask) for StartDefaultTask
    freertos.o(i.MX_FREERTOS_Init) refers to freertos.o(.data) for .data
    freertos.o(i.MX_FREERTOS_Init) refers to freertos.o(i.Start_LED_Task) for Start_LED_Task
    freertos.o(i.MX_FREERTOS_Init) refers to freertos.o(i.Start_KeyScan_Task) for Start_KeyScan_Task
    freertos.o(i.StartDefaultTask) refers to usb_device.o(i.MX_USB_DEVICE_Init) for MX_USB_DEVICE_Init
    freertos.o(i.StartDefaultTask) refers to tasks.o(i.xTaskGetTickCount) for xTaskGetTickCount
    freertos.o(i.StartDefaultTask) refers to tasks.o(i.vTaskDelayUntil) for vTaskDelayUntil
    freertos.o(i.StartDefaultTask) refers to usbd_hid_custom.o(i.USBD_CUSTOM_HID_SendReport) for USBD_CUSTOM_HID_SendReport
    freertos.o(i.StartDefaultTask) refers to rt_memcpy_v6.o(.text) for __aeabi_memcpy
    freertos.o(i.StartDefaultTask) refers to freertos.o(.bss) for .bss
[...]
    _memset                                  0x080007d3   Thumb Code     0  rt_memclr.o(.text)
    __user_setup_stackheap                   0x08000813   Thumb Code    74  sys_stackheap_outer.o(.text)
    exit                                     0x0800085d   Thumb Code    18  exit.o(.text)
    __user_libspace                          0x08000871   Thumb Code     8  libspace.o(.text)
    __user_perproc_libspace                  0x08000871   Thumb Code     0  libspace.o(.text)
    __user_perthread_libspace                0x08000871   Thumb Code     0  libspace.o(.text)
    _sys_exit                                0x08000879   Thumb Code     8  sys_exit.o(.text)
    __I$use$semihosting                      0x08000885   Thumb Code     0  use_no_semi.o(.text)
    __use_no_semihosting_swi                 0x08000885   Thumb Code     2  use_no_semi.o(.text)
    __semihosting_library_function           0x08000887   Thumb Code     0  indicate_semi.o(.text)
    BusFault_Handler                         0x08000a01   Thumb Code     2  stm32f4xx_it.o(i.BusFault_Handler)
    CDC_Transmit                             0x08000abd   Thumb Code    52  usbd_cdc_acm_if.o(i.CDC_Transmit)
    DMA1_Stream4_IRQHandler                  0x08000b49   Thumb Code     6  stm32f4xx_it.o(i.DMA1_Stream4_IRQHandler)
    DebugMon_Handler                         0x08000bd1   Thumb Code     2  stm32f4xx_it.o(i.DebugMon_Handler)
    Error_Handler                            0x08000bd3   Thumb Code     4  main.o(i.Error_Handler)
    HAL_ADC_ConfigChannel                    0x08000bd9   Thumb Code   396  stm32f4xx_hal_adc.o(i.HAL_ADC_ConfigChannel)
    HAL_ADC_Init                             0x08000dad   Thumb Code   458  stm32f4xx_hal_adc.o(i.HAL_ADC_Init)
    HAL_ADC_MspInit                          0x08000fb9   Thumb Code    30  adc.o(i.HAL_ADC_MspInit)
    HAL_CRC_Init                             0x08000fe1   Thumb Code    50  stm32f4xx_hal_crc.o(i.HAL_CRC_Init)
    HAL_CRC_MspInit                          0x08001051   Thumb Code    30  crc.o(i.HAL_CRC_MspInit)
    HAL_DMA_IRQHandler                       0x08001079   Thumb Code   412  stm32f4xx_hal_dma.o(i.HAL_DMA_IRQHandler)
    HAL_DMA_Init                             0x08001219   Thumb Code   666  stm32f4xx_hal_dma.o(i.HAL_DMA_Init)
    HAL_Delay                                0x080014f9   Thumb Code    32  stm32f4xx_hal.o(i.HAL_Delay)
    HAL_GPIO_Init                            0x0800151d   Thumb Code   596  stm32f4xx_hal_gpio.o(i.HAL_GPIO_Init)
    HAL_GPIO_ReadPin                         0x080017d1   Thumb Code    28  stm32f4xx_hal_gpio.o(i.HAL_GPIO_ReadPin)
    HAL_GPIO_TogglePin                       0x08001829   Thumb Code    34  stm32f4xx_hal_gpio.o(i.HAL_GPIO_TogglePin)
    HAL_GPIO_WritePin                        0x08001889   Thumb Code    46  stm32f4xx_hal_gpio.o(i.HAL_GPIO_WritePin)
    HAL_GetTick                              0x080018f5   Thumb Code     6  stm32f4xx_hal.o(i.HAL_GetTick)
    HAL_I2C_Init                             0x08001901   Thumb Code   560  stm32f4xx_hal_i2c.o(i.HAL_I2C_Init)
    HAL_I2C_MspInit                          0x08001b89   Thumb Code   130  i2c.o(i.HAL_I2C_MspInit)
    HAL_IncTick                              0x08001c1d   Thumb Code    12  stm32f4xx_hal.o(i.HAL_IncTick)
    HAL_Init                                 0x08001c2d   Thumb Code    48  stm32f4xx_hal.o(i.HAL_Init)
    HAL_InitTick                             0x08001c61   Thumb Code   118  stm32f4xx_hal_timebase_tim.o(i.HAL_InitTick)
    HAL_MspInit                              0x08001ced   Thumb Code    52  stm32f4xx_hal_msp.o(i.HAL_MspInit)
    HAL_NVIC_EnableIRQ                       0x08001d25   Thumb Code    40  stm32f4xx_hal_cortex.o(i.HAL_NVIC_EnableIRQ)
    HAL_NVIC_SetPriority                     0x08001d89   Thumb Code    94  stm32f4xx_hal_cortex.o(i.HAL_NVIC_SetPriority)
    HAL_NVIC_SetPriorityGrouping             0x08001e29   Thumb Code    58  stm32f4xx_hal_cortex.o(i.HAL_NVIC_SetPriorityGrouping)
    HAL_PCDEx_LPM_Callback                   0x08001ea9   Thumb Code     2  stm32f4xx_hal_pcd_ex.o(i.HAL_PCDEx_LPM_Callback)
    HAL_PCDEx_SetRxFiFo                      0x08001eab   Thumb Code     8  stm32f4xx_hal_pcd_ex.o(i.HAL_PCDEx_SetRxFiFo)
    HAL_PCDEx_SetRxFiFoInBytes               0x08001eb3   Thumb Code     6  usbd_conf.o(i.HAL_PCDEx_SetRxFiFoInBytes)
    HAL_PCDEx_SetTxFiFo                      0x08001eb9   Thumb Code    68  stm32f4xx_hal_pcd_ex.o(i.HAL_PCDEx_SetTxFiFo)
    HAL_PCDEx_SetTxFiFoInBytes               0x08001efd   Thumb Code     6  usbd_conf.o(i.HAL_PCDEx_SetTxFiFoInBytes)
    HAL_PCD_ConnectCallback                  0x08001f03   Thumb Code     8  usbd_conf.o(i.HAL_PCD_ConnectCallback)
    HAL_PCD_DataInStageCallback              0x08001f0b   Thumb Code    18  usbd_conf.o(i.HAL_PCD_DataInStageCallback)
    HAL_PCD_DataOutStageCallback             0x08001f1d   Thumb Code    20  usbd_conf.o(i.HAL_PCD_DataOutStageCallback)
    HAL_PCD_DisconnectCallback               0x08001f31   Thumb Code     8  usbd_conf.o(i.HAL_PCD_DisconnectCallback)
    HAL_PCD_EP_Abort                         0x08001f39   Thumb Code    30  stm32f4xx_hal_pcd.o(i.HAL_PCD_EP_Abort)
    HAL_PCD_EP_Close                         0x08001f57   Thumb Code    76  stm32f4xx_hal_pcd.o(i.HAL_PCD_EP_Close)
    HAL_PCD_EP_ClrStall                      0x08001fa3   Thumb Code    92  stm32f4xx_hal_pcd.o(i.HAL_PCD_EP_ClrStall)
    HAL_PCD_EP_GetRxCount                    0x08001fff   Thumb Code    18  stm32f4xx_hal_pcd.o(i.HAL_PCD_EP_GetRxCount)
    HAL_PCD_EP_Open                          0x08002011   Thumb Code    96  stm32f4xx_hal_pcd.o(i.HAL_PCD_EP_Open)
    HAL_PCD_EP_Receive                       0x08002071   Thumb Code    72  stm32f4xx_hal_pcd.o(i.HAL_PCD_EP_Receive)
    HAL_PCD_EP_SetStall                      0x080020b9   Thumb Code   116  stm32f4xx_hal_pcd.o(i.HAL_PCD_EP_SetStall)
    HAL_PCD_EP_Transmit                      0x0800212d   Thumb Code    64  stm32f4xx_hal_pcd.o(i.HAL_PCD_EP_Transmit)
    HAL_PCD_IRQHandler                       0x0800216d   Thumb Code  1376  stm32f4xx_hal_pcd.o(i.HAL_PCD_IRQHandler)
    HAL_PCD_ISOINIncompleteCallback          0x080026cd   Thumb Code     8  usbd_conf.o(i.HAL_PCD_ISOINIncompleteCallback)
    HAL_PCD_ISOOUTIncompleteCallback         0x080026d5   Thumb Code     8  usbd_conf.o(i.HAL_PCD_ISOOUTIncompleteCallback)
    HAL_PCD_Init                             0x080026dd   Thumb Code   242  stm32f4xx_hal_pcd.o(i.HAL_PCD_Init)
    HAL_PCD_MspInit                          0x08002809   Thumb Code   122  usb_otg.o(i.HAL_PCD_MspInit)
    HAL_PCD_ResetCallback                    0x0800288d   Thumb Code    44  usbd_conf.o(i.HAL_PCD_ResetCallback)
    HAL_PCD_ResumeCallback                   0x080028b9   Thumb Code     8  usbd_conf.o(i.HAL_PCD_ResumeCallback)
    HAL_PCD_SOFCallback                      0x080028c1   Thumb Code     8  usbd_conf.o(i.HAL_PCD_SOFCallback)
    HAL_PCD_SetAddress                       0x080028c9   Thumb Code    40  stm32f4xx_hal_pcd.o(i.HAL_PCD_SetAddress)
    HAL_PCD_SetupStageCallback               0x080028f1   Thumb Code    14  usbd_conf.o(i.HAL_PCD_SetupStageCallback)
    HAL_PCD_Start                            0x080028ff   Thumb Code    66  stm32f4xx_hal_pcd.o(i.HAL_PCD_Start)
    HAL_PCD_SuspendCallback                  0x08002941   Thumb Code    44  usbd_conf.o(i.HAL_PCD_SuspendCallback)
    HAL_RCC_ClockConfig                      0x08002971   Thumb Code   512  stm32f4xx_hal_rcc.o(i.HAL_RCC_ClockConfig)
    HAL_RCC_GetClockConfig                   0x08002bbd   Thumb Code    54  stm32f4xx_hal_rcc.o(i.HAL_RCC_GetClockConfig)
    HAL_RCC_GetHCLKFreq                      0x08002bfd   Thumb Code     6  stm32f4xx_hal_rcc.o(i.HAL_RCC_GetHCLKFreq)
    HAL_RCC_GetPCLK1Freq                     0x08002c09   Thumb Code    20  stm32f4xx_hal_rcc.o(i.HAL_RCC_GetPCLK1Freq)
    HAL_RCC_GetPCLK2Freq                     0x08002c29   Thumb Code    20  stm32f4xx_hal_rcc.o(i.HAL_RCC_GetPCLK2Freq)
    HAL_RCC_GetSysClockFreq                  0x08002c49   Thumb Code    88  stm32f4xx_hal_rcc.o(i.HAL_RCC_GetSysClockFreq)
    HAL_RCC_OscConfig                        0x08002cad   Thumb Code  1192  stm32f4xx_hal_rcc.o(i.HAL_RCC_OscConfig)
    HAL_SPI_Init                             0x08003155   Thumb Code   524  stm32f4xx_hal_spi.o(i.HAL_SPI_Init)
    HAL_SPI_MspInit                          0x080033a9   Thumb Code   138  spi.o(i.HAL_SPI_MspInit)
    HAL_TIMEx_BreakCallback                  0x08003449   Thumb Code     2  stm32f4xx_hal_tim_ex.o(i.HAL_TIMEx_BreakCallback)
    HAL_TIMEx_CommutCallback                 0x0800344b   Thumb Code     2  stm32f4xx_hal_tim_ex.o(i.HAL_TIMEx_CommutCallback)
    HAL_TIM_Base_Init                        0x0800344d   Thumb Code   224  stm32f4xx_hal_tim.o(i.HAL_TIM_Base_Init)
    HAL_TIM_Base_MspInit                     0x08003581   Thumb Code     2  stm32f4xx_hal_tim.o(i.HAL_TIM_Base_MspInit)
    HAL_TIM_Base_Start_IT                    0x08003585   Thumb Code   150  stm32f4xx_hal_tim.o(i.HAL_TIM_Base_Start_IT)
    HAL_TIM_IC_CaptureCallback               0x08003671   Thumb Code     2  stm32f4xx_hal_tim.o(i.HAL_TIM_IC_CaptureCallback)
    HAL_TIM_IRQHandler                       0x08003673   Thumb Code   358  stm32f4xx_hal_tim.o(i.HAL_TIM_IRQHandler)
    HAL_TIM_OC_DelayElapsedCallback          0x080037d9   Thumb Code     2  stm32f4xx_hal_tim.o(i.HAL_TIM_OC_DelayElapsedCallback)
    HAL_TIM_PWM_PulseFinishedCallback        0x080037db   Thumb Code     2  stm32f4xx_hal_tim.o(i.HAL_TIM_PWM_PulseFinishedCallback)
    HAL_TIM_PeriodElapsedCallback            0x080037dd   Thumb Code    14  main.o(i.HAL_TIM_PeriodElapsedCallback)
    HAL_TIM_TriggerCallback                  0x080037f1   Thumb Code     2  stm32f4xx_hal_tim.o(i.HAL_TIM_TriggerCallback)
    HAL_UART_Init                            0x080037f5   Thumb Code   224  stm32f4xx_hal_uart.o(i.HAL_UART_Init)
    HAL_UART_MspInit                         0x0800391d   Thumb Code    92  usart.o(i.HAL_UART_MspInit)
    HardFault_Handler                        0x08003985   Thumb Code     2  stm32f4xx_it.o(i.HardFault_Handler)
    KeyReportConstructFunc                   0x080039c1   Thumb Code   244  keyscan.o(i.KeyReportConstructFunc)
    MX_ADC1_Init                             0x08003ac5   Thumb Code    88  adc.o(i.MX_ADC1_Init)
    MX_CRC_Init                              0x08003b29   Thumb Code    28  crc.o(i.MX_CRC_Init)
    MX_DMA_Init                              0x08003b4d   Thumb Code    40  dma.o(i.MX_DMA_Init)
    MX_FREERTOS_Init                         0x08003b79   Thumb Code    46  freertos.o(i.MX_FREERTOS_Init)
    MX_GPIO_Init                             0x08003bbd   Thumb Code   358  gpio.o(i.MX_GPIO_Init)
    MX_I2C3_Init                             0x08003d39   Thumb Code    50  i2c.o(i.MX_I2C3_Init)
    MX_SPI2_Init                             0x08003d79   Thumb Code    64  spi.o(i.MX_SPI2_Init)
    MX_USART6_UART_Init                      0x08003dc1   Thumb Code    48  usart.o(i.MX_USART6_UART_Init)
    MX_USB_DEVICE_Init                       0x08003df9   Thumb Code    84  usb_device.o(i.MX_USB_DEVICE_Init)
    MX_USB_OTG_FS_PCD_Init                   0x08003e61   Thumb Code    52  usb_otg.o(i.MX_USB_OTG_FS_PCD_Init)
    MemManage_Handler                        0x08003e99   Thumb Code     2  stm32f4xx_it.o(i.MemManage_Handler)
    NMI_Handler                              0x08003e9b   Thumb Code     2  stm32f4xx_it.o(i.NMI_Handler)
    OTG_FS_IRQHandler                        0x08003e9d   Thumb Code     6  stm32f4xx_it.o(i.OTG_FS_IRQHandler)
    SingleScan                               0x08004021   Thumb Code   244  keyscan.o(i.SingleScan)
    StartDefaultTask                         0x0800412d   Thumb Code   100  freertos.o(i.StartDefaultTask)
    Start_KeyScan_Task                       0x0800419d   Thumb Code    42  freertos.o(i.Start_KeyScan_Task)
    Start_LED_Task                           0x080041d1   Thumb Code    40  freertos.o(i.Start_LED_Task)
    SysTick_Handler                          0x08004205   Thumb Code    26  cmsis_os2.o(i.SysTick_Handler)
    SystemClock_Config                       0x08004221   Thumb Code   144  main.o(i.SystemClock_Config)
    SystemInit                               0x080042b9   Thumb Code    12  system_stm32f4xx.o(i.SystemInit)
    TIM1_UP_TIM10_IRQHandler                 0x080042c9   Thumb Code     6  stm32f4xx_it.o(i.TIM1_UP_TIM10_IRQHandler)
    TIM_Base_SetConfig                       0x080042d5   Thumb Code   122  stm32f4xx_hal_tim.o(i.TIM_Base_SetConfig)
    USBD_CDC_ACM_RegisterInterface           0x0800450d   Thumb Code    14  usbd_cdc_acm.o(i.USBD_CDC_ACM_RegisterInterface)
    USBD_CDC_ReceivePacket                   0x08004849   Thumb Code    48  usbd_cdc_acm.o(i.USBD_CDC_ReceivePacket)
    USBD_CDC_SetRxBuffer                     0x08004881   Thumb Code    22  usbd_cdc_acm.o(i.USBD_CDC_SetRxBuffer)
    USBD_CDC_SetTxBuffer                     0x0800489d   Thumb Code    26  usbd_cdc_acm.o(i.USBD_CDC_SetTxBuffer)
    USBD_CDC_TransmitPacket                  0x080049b5   Thumb Code    76  usbd_cdc_acm.o(i.USBD_CDC_TransmitPacket)
    USBD_COMPOSITE_Mount_Class               0x08004bd9   Thumb Code   290  usbd_composite.o(i.USBD_COMPOSITE_Mount_Class)
    USBD_CUSTOM_HID_ReceivePacket            0x08004ef1   Thumb Code    26  usbd_hid_custom.o(i.USBD_CUSTOM_HID_ReceivePacket)
    USBD_CUSTOM_HID_RegisterInterface        0x08004f11   Thumb Code    14  usbd_hid_custom.o(i.USBD_CUSTOM_HID_RegisterInterface)
    USBD_CUSTOM_HID_SendReport               0x08004f21   Thumb Code    50  usbd_hid_custom.o(i.USBD_CUSTOM_HID_SendReport)
    USBD_ClrClassConfig                      0x08005045   Thumb Code    16  usbd_core.o(i.USBD_ClrClassConfig)
    USBD_ConfigStrDescriptor                 0x08005055   Thumb Code    16  usbd_desc.o(i.USBD_ConfigStrDescriptor)
    USBD_CtlContinueRx                       0x08005079   Thumb Code    16  usbd_ioreq.o(i.USBD_CtlContinueRx)
    USBD_CtlContinueSendData                 0x08005089   Thumb Code    16  usbd_ioreq.o(i.USBD_CtlContinueSendData)
    USBD_CtlError                            0x08005099   Thumb Code    22  usbd_ctlreq.o(i.USBD_CtlError)
    USBD_CtlPrepareRx                        0x080050af   Thumb Code    30  usbd_ioreq.o(i.USBD_CtlPrepareRx)
    USBD_CtlReceiveStatus                    0x080050cd   Thumb Code    22  usbd_ioreq.o(i.USBD_CtlReceiveStatus)
    USBD_CtlSendData                         0x080050e3   Thumb Code    26  usbd_ioreq.o(i.USBD_CtlSendData)
    USBD_CtlSendStatus                       0x080050fd   Thumb Code    22  usbd_ioreq.o(i.USBD_CtlSendStatus)
    USBD_DeviceDescriptor                    0x08005115   Thumb Code     8  usbd_desc.o(i.USBD_DeviceDescriptor)
    USBD_GetString                           0x08005219   Thumb Code    72  usbd_ctlreq.o(i.USBD_GetString)
    USBD_Get_USB_Status                      0x08005261   Thumb Code    24  usbd_conf.o(i.USBD_Get_USB_Status)
    USBD_Init                                0x08005279   Thumb Code    34  usbd_core.o(i.USBD_Init)
    USBD_InterfaceStrDescriptor              0x0800529d   Thumb Code    16  usbd_desc.o(i.USBD_InterfaceStrDescriptor)
    USBD_LL_ClearStallEP                     0x080052c5   Thumb Code    18  usbd_conf.o(i.USBD_LL_ClearStallEP)
    USBD_LL_CloseEP                          0x080052d7   Thumb Code    18  usbd_conf.o(i.USBD_LL_CloseEP)
    USBD_LL_DataInStage                      0x080052e9   Thumb Code   168  usbd_core.o(i.USBD_LL_DataInStage)
    USBD_LL_DataOutStage                     0x08005391   Thumb Code   108  usbd_core.o(i.USBD_LL_DataOutStage)
    USBD_LL_DevConnected                     0x080053fd   Thumb Code     4  usbd_core.o(i.USBD_LL_DevConnected)
    USBD_LL_DevDisconnected                  0x08005401   Thumb Code    24  usbd_core.o(i.USBD_LL_DevDisconnected)
    USBD_LL_GetRxDataSize                    0x08005419   Thumb Code     8  usbd_conf.o(i.USBD_LL_GetRxDataSize)
    USBD_LL_Init                             0x08005421   Thumb Code   106  usbd_conf.o(i.USBD_LL_Init)
    USBD_LL_IsStallEP                        0x080054a1   Thumb Code    32  usbd_conf.o(i.USBD_LL_IsStallEP)
    USBD_LL_IsoINIncomplete                  0x080054c1   Thumb Code    32  usbd_core.o(i.USBD_LL_IsoINIncomplete)
    USBD_LL_IsoOUTIncomplete                 0x080054e1   Thumb Code    32  usbd_core.o(i.USBD_LL_IsoOUTIncomplete)
    USBD_LL_OpenEP                           0x08005501   Thumb Code    24  usbd_conf.o(i.USBD_LL_OpenEP)
    USBD_LL_PrepareReceive                   0x08005519   Thumb Code    18  usbd_conf.o(i.USBD_LL_PrepareReceive)
    USBD_LL_Reset                            0x0800552b   Thumb Code    84  usbd_core.o(i.USBD_LL_Reset)
    USBD_LL_Resume                           0x0800557f   Thumb Code    20  usbd_core.o(i.USBD_LL_Resume)
    USBD_LL_SOF                              0x08005593   Thumb Code    32  usbd_core.o(i.USBD_LL_SOF)
    USBD_LL_SetSpeed                         0x080055b3   Thumb Code     6  usbd_core.o(i.USBD_LL_SetSpeed)
    USBD_LL_SetUSBAddress                    0x080055b9   Thumb Code    18  usbd_conf.o(i.USBD_LL_SetUSBAddress)
    USBD_LL_SetupStage                       0x080055cb   Thumb Code    96  usbd_core.o(i.USBD_LL_SetupStage)
    USBD_LL_StallEP                          0x0800562b   Thumb Code    18  usbd_conf.o(i.USBD_LL_StallEP)
    USBD_LL_Start                            0x0800563d   Thumb Code    18  usbd_conf.o(i.USBD_LL_Start)
    USBD_LL_Suspend                          0x0800564f   Thumb Code    18  usbd_core.o(i.USBD_LL_Suspend)
    USBD_LL_Transmit                         0x08005661   Thumb Code    18  usbd_conf.o(i.USBD_LL_Transmit)
    USBD_LangIDStrDescriptor                 0x08005675   Thumb Code     8  usbd_desc.o(i.USBD_LangIDStrDescriptor)
    USBD_ManufacturerStrDescriptor           0x08005681   Thumb Code    16  usbd_desc.o(i.USBD_ManufacturerStrDescriptor)
    USBD_ParseSetupRequest                   0x080056a9   Thumb Code    44  usbd_ctlreq.o(i.USBD_ParseSetupRequest)
    USBD_ProductStrDescriptor                0x080056d5   Thumb Code    16  usbd_desc.o(i.USBD_ProductStrDescriptor)
    USBD_RegisterClass                       0x08005701   Thumb Code    44  usbd_core.o(i.USBD_RegisterClass)
    USBD_SerialStrDescriptor                 0x0800572d   Thumb Code    48  usbd_desc.o(i.USBD_SerialStrDescriptor)
    USBD_SetClassConfig                      0x08005765   Thumb Code    20  usbd_core.o(i.USBD_SetClassConfig)
    USBD_Start                               0x08005835   Thumb Code     4  usbd_core.o(i.USBD_Start)
    USBD_StdDevReq                           0x08005839   Thumb Code   276  usbd_ctlreq.o(i.USBD_StdDevReq)
    USBD_StdEPReq                            0x0800594d   Thumb Code   320  usbd_ctlreq.o(i.USBD_StdEPReq)
    USBD_StdItfReq                           0x08005a8d   Thumb Code    82  usbd_ctlreq.o(i.USBD_StdItfReq)
    USBD_Update_CDC_ACM_DESC                 0x08005ae1   Thumb Code   130  usbd_cdc_acm.o(i.USBD_Update_CDC_ACM_DESC)
    USBD_Update_HID_Custom_DESC              0x08005b69   Thumb Code    26  usbd_hid_custom.o(i.USBD_Update_HID_Custom_DESC)
    USB_ActivateEndpoint                     0x08005b89   Thumb Code   122  stm32f4xx_ll_usb.o(i.USB_ActivateEndpoint)
    USB_ActivateSetup                        0x08005c09   Thumb Code    28  stm32f4xx_ll_usb.o(i.USB_ActivateSetup)
    USB_CoreInit                             0x08005c25   Thumb Code   112  stm32f4xx_ll_usb.o(i.USB_CoreInit)
    USB_DeactivateEndpoint                   0x08005cd9   Thumb Code   194  stm32f4xx_ll_usb.o(i.USB_DeactivateEndpoint)
    USB_DevConnect                           0x08005da5   Thumb Code    28  stm32f4xx_ll_usb.o(i.USB_DevConnect)
    USB_DevDisconnect                        0x08005dc1   Thumb Code    28  stm32f4xx_ll_usb.o(i.USB_DevDisconnect)
    USB_DevInit                              0x08005ddd   Thumb Code   362  stm32f4xx_ll_usb.o(i.USB_DevInit)
    USB_DisableGlobalInt                     0x08005f51   Thumb Code    12  stm32f4xx_ll_usb.o(i.USB_DisableGlobalInt)
    USB_EP0StartXfer                         0x08005f5d   Thumb Code   280  stm32f4xx_ll_usb.o(i.USB_EP0StartXfer)
    USB_EP0_OutStart                         0x08006079   Thumb Code    84  stm32f4xx_ll_usb.o(i.USB_EP0_OutStart)
    USB_EPClearStall                         0x080060d1   Thumb Code    88  stm32f4xx_ll_usb.o(i.USB_EPClearStall)
    USB_EPSetStall                           0x08006129   Thumb Code    88  stm32f4xx_ll_usb.o(i.USB_EPSetStall)
    USB_EPStartXfer                          0x08006181   Thumb Code   480  stm32f4xx_ll_usb.o(i.USB_EPStartXfer)
    USB_EPStopXfer                           0x08006365   Thumb Code   158  stm32f4xx_ll_usb.o(i.USB_EPStopXfer)
    USB_EnableGlobalInt                      0x08006403   Thumb Code    12  stm32f4xx_ll_usb.o(i.USB_EnableGlobalInt)
    USB_FlushRxFifo                          0x08006411   Thumb Code    54  stm32f4xx_ll_usb.o(i.USB_FlushRxFifo)
    USB_FlushTxFifo                          0x0800644d   Thumb Code    58  stm32f4xx_ll_usb.o(i.USB_FlushTxFifo)
    USB_GetDevSpeed                          0x0800648d   Thumb Code    26  stm32f4xx_ll_usb.o(i.USB_GetDevSpeed)
    USB_GetMode                              0x080064a7   Thumb Code     8  stm32f4xx_ll_usb.o(i.USB_GetMode)
    USB_ReadDevAllInEpInterrupt              0x080064af   Thumb Code    14  stm32f4xx_ll_usb.o(i.USB_ReadDevAllInEpInterrupt)
    USB_ReadDevAllOutEpInterrupt             0x080064bd   Thumb Code    14  stm32f4xx_ll_usb.o(i.USB_ReadDevAllOutEpInterrupt)
    USB_ReadDevInEPInterrupt                 0x080064cb   Thumb Code    36  stm32f4xx_ll_usb.o(i.USB_ReadDevInEPInterrupt)
    USB_ReadDevOutEPInterrupt                0x080064ef   Thumb Code    16  stm32f4xx_ll_usb.o(i.USB_ReadDevOutEPInterrupt)
    USB_ReadInterrupts                       0x080064ff   Thumb Code     8  stm32f4xx_ll_usb.o(i.USB_ReadInterrupts)
    USB_ReadPacket                           0x08006507   Thumb Code    62  stm32f4xx_ll_usb.o(i.USB_ReadPacket)
    USB_SetCurrentMode                       0x08006545   Thumb Code    92  stm32f4xx_ll_usb.o(i.USB_SetCurrentMode)
    USB_SetDevAddress                        0x080065a1   Thumb Code    34  stm32f4xx_ll_usb.o(i.USB_SetDevAddress)
    USB_SetTurnaroundTime                    0x080065c5   Thumb Code   158  stm32f4xx_ll_usb.o(i.USB_SetTurnaroundTime)
    USB_WritePacket                          0x080066ad   Thumb Code    40  stm32f4xx_ll_usb.o(i.USB_WritePacket)
    UsageFault_Handler                       0x080066d5   Thumb Code     2  stm32f4xx_it.o(i.UsageFault_Handler)
    assert_failed                            0x080066f7   Thumb Code     2  main.o(i.assert_failed)
    main                                     0x080066f9   Thumb Code    54  main.o(i.main)
    osDelay                                  0x0800672f   Thumb Code    26  cmsis_os2.o(i.osDelay)
    osKernelInitialize                       0x08006749   Thumb Code    32  cmsis_os2.o(i.osKernelInitialize)
    osKernelStart                            0x0800676d   Thumb Code    48  cmsis_os2.o(i.osKernelStart)
    osThreadNew                              0x080067a5   Thumb Code   138  cmsis_os2.o(i.osThreadNew)
    pvPortMalloc                             0x08006fc5   Thumb Code   216  heap_4.o(i.pvPortMalloc)
    pxPortInitialiseStack                    0x080070a1   Thumb Code    40  port.o(i.pxPortInitialiseStack)
    uxListRemove                             0x080070cd   Thumb Code    38  list.o(i.uxListRemove)
    vApplicationGetIdleTaskMemory            0x080070f5   Thumb Code    16  cmsis_os2.o(i.vApplicationGetIdleTaskMemory)
    vApplicationGetTimerTaskMemory           0x08007109   Thumb Code    18  cmsis_os2.o(i.vApplicationGetTimerTaskMemory)
    vListInitialise                          0x08007121   Thumb Code    22  list.o(i.vListInitialise)
    vListInitialiseItem                      0x08007137   Thumb Code     6  list.o(i.vListInitialiseItem)
    vListInsert                              0x0800713d   Thumb Code    48  list.o(i.vListInsert)
    vListInsertEnd                           0x0800716d   Thumb Code    24  list.o(i.vListInsertEnd)
    vPortEnterCritical                       0x08007185   Thumb Code    54  port.o(i.vPortEnterCritical)
    vPortExitCritical                        0x080071c5   Thumb Code    34  port.o(i.vPortExitCritical)
    vPortFree                                0x080071ed   Thumb Code    94  heap_4.o(i.vPortFree)
    vPortSetupTimerInterrupt                 0x08007251   Thumb Code    32  port.o(i.vPortSetupTimerInterrupt)
    vPortValidateInterruptPriority           0x08007275   Thumb Code    74  port.o(i.vPortValidateInterruptPriority)
    vQueueAddToRegistry                      0x080072c9   Thumb Code    34  queue.o(i.vQueueAddToRegistry)
    vQueueWaitForMessageRestricted           0x080072f1   Thumb Code    68  queue.o(i.vQueueWaitForMessageRestricted)
    vTaskDelay                               0x08007335   Thumb Code    66  tasks.o(i.vTaskDelay)
    vTaskDelayUntil                          0x08007381   Thumb Code   132  tasks.o(i.vTaskDelayUntil)
    vTaskInternalSetTimeOutState             0x0800740d   Thumb Code    12  tasks.o(i.vTaskInternalSetTimeOutState)
    vTaskMissedYield                         0x0800741d   Thumb Code     8  tasks.o(i.vTaskMissedYield)
    vTaskPlaceOnEventList                    0x08007429   Thumb Code    44  tasks.o(i.vTaskPlaceOnEventList)
    vTaskPlaceOnEventListRestricted          0x08007459   Thumb Code    52  tasks.o(i.vTaskPlaceOnEventListRestricted)
    vTaskStartScheduler                      0x08007491   Thumb Code   118  tasks.o(i.vTaskStartScheduler)
    vTaskSuspendAll                          0x08007519   Thumb Code    10  tasks.o(i.vTaskSuspendAll)
    vTaskSwitchContext                       0x08007529   Thumb Code    90  tasks.o(i.vTaskSwitchContext)
    xPortStartScheduler                      0x0800758d   Thumb Code   222  port.o(i.xPortStartScheduler)
    xPortSysTickHandler                      0x08007681   Thumb Code    38  port.o(i.xPortSysTickHandler)
    xQueueGenericCreateStatic                0x080076ad   Thumb Code   102  queue.o(i.xQueueGenericCreateStatic)
    xQueueGenericReset                       0x08007715   Thumb Code   132  queue.o(i.xQueueGenericReset)
    xQueueGenericSend                        0x0800779d   Thumb Code   346  queue.o(i.xQueueGenericSend)
    xQueueGenericSendFromISR                 0x080078fd   Thumb Code   190  queue.o(i.xQueueGenericSendFromISR)
    xQueueReceive                            0x080079bd   Thumb Code   308  queue.o(i.xQueueReceive)
    xTaskCheckForTimeOut                     0x08007af5   Thumb Code   112  tasks.o(i.xTaskCheckForTimeOut)
    xTaskCreate                              0x08007b69   Thumb Code    90  tasks.o(i.xTaskCreate)
    xTaskCreateStatic                        0x08007bc3   Thumb Code    86  tasks.o(i.xTaskCreateStatic)
    xTaskGetSchedulerState                   0x08007c19   Thumb Code    22  tasks.o(i.xTaskGetSchedulerState)
    xTaskGetTickCount                        0x08007c35   Thumb Code     6  tasks.o(i.xTaskGetTickCount)
    xTaskIncrementTick                       0x08007c41   Thumb Code   192  tasks.o(i.xTaskIncrementTick)
    xTaskPriorityDisinherit                  0x08007d09   Thumb Code   118  tasks.o(i.xTaskPriorityDisinherit)
    xTaskRemoveFromEventList                 0x08007d89   Thumb Code    98  tasks.o(i.xTaskRemoveFromEventList)
    xTaskResumeAll                           0x08007df9   Thumb Code   182  tasks.o(i.xTaskResumeAll)
    xTimerCreateTimerTask                    0x08007ebd   Thumb Code    78  timers.o(i.xTimerCreateTimerTask)
    xTimerGenericCommand                     0x08007f1d   Thumb Code    98  timers.o(i.xTimerGenericCommand)
    _fp_init                                 0x08007f85   Thumb Code    10  fpinit.o(x$fpl$fpinit)
    __fplib_config_fpu_vfp                   0x08007f8d   Thumb Code     0  fpinit.o(x$fpl$fpinit)
    __fplib_config_pureend_doubles           0x08007f8d   Thumb Code     0  fpinit.o(x$fpl$fpinit)
    LED_Task_attributes                      0x08007f90   Data          36  freertos.o(.constdata)
    KeyScan_Task_attributes                  0x08007fb4   Data          36  freertos.o(.constdata)
    defaultTask_attributes                   0x08007fd8   Data          36  freertos.o(.constdata)
    AHBPrescTable                            0x08008004   Data          16  system_stm32f4xx.o(.constdata)
    APBPrescTable                            0x08008014   Data           8  system_stm32f4xx.o(.constdata)
    Region$$Table$$Base                      0x08008044   Number         0  anon$$obj.o(Region$$Table)
    Region$$Table$$Limit                     0x08008064   Number         0  anon$$obj.o(Region$$Table)
    LED_TaskHandle                           0x20000010   Data           4  freertos.o(.data)
    KeyScan_TaskHandle                       0x20000014   Data           4  freertos.o(.data)
    defaultTaskHandle                        0x20000018   Data           4  freertos.o(.data)
    hcrc                                     0x2000001c   Data           8  crc.o(.data)
    uwTickFreq                               0x20000024   Data           1  stm32f4xx_hal.o(.data)
    uwTickPrio                               0x20000028   Data           4  stm32f4xx_hal.o(.data)
    uwTick                                   0x2000002c   Data           4  stm32f4xx_hal.o(.data)
    SystemCoreClock                          0x20000030   Data           4  system_stm32f4xx.o(.data)
    pxCurrentTCB                             0x20000034   Data           4  tasks.o(.data)
    keyChange                                0x200000b4   Data           1  keyscan.o(.data)
    LED2_Blink_Int                           0x200000ba   Data           2  layout.o(.data)
    KeyboardColListPort                      0x200000bc   Data          56  layout.o(.data)
    KeyboardColListPin                       0x200000f4   Data          28  layout.o(.data)
    KeyboardRowListPort                      0x20000110   Data          20  layout.o(.data)
    KeyboardRowListPin                       0x20000124   Data          10  layout.o(.data)
    Normal_Value                             0x2000012e   Data          70  layout.o(.data)
    FN_Press_Value                           0x20000174   Data          70  layout.o(.data)
    USBD_COMPOSITE                           0x200001bc   Data          60  usbd_composite.o(.data)
    USBD_Track_String_Index                  0x200001f8   Data           1  usbd_composite.o(.data)
    CUSTOM_HID_IN_EP                         0x20000208   Data           1  usbd_hid_custom.o(.data)
    CUSTOM_HID_OUT_EP                        0x20000209   Data           1  usbd_hid_custom.o(.data)
    CUSTOM_HID_ITF_NBR                       0x2000020a   Data           1  usbd_hid_custom.o(.data)
    CUSTOM_HID_STR_DESC_IDX                  0x2000020b   Data           1  usbd_hid_custom.o(.data)
    USBD_HID_CUSTOM                          0x200002a8   Data          60  usbd_hid_custom.o(.data)
    USBD_CustomHID_fops                      0x20000348   Data          16  usbd_hid_custom_if.o(.data)
    USBD_Desc                                0x2000035c   Data          28  usbd_desc.o(.data)
    USBD_LangIDDesc                          0x20000378   Data           4  usbd_desc.o(.data)
    USBD_DeviceDesc                          0x2000037c   Data          18  usbd_desc.o(.data)
    USBD_StringSerial                        0x20000390   Data          26  usbd_desc.o(.data)
    hpcd_USB_OTG_PTR                         0x200003ac   Data           4  usbd_conf.o(.data)
    CDC_IN_EP                                0x200003b0   Data           1  usbd_cdc_acm.o(.data)
    CDC_OUT_EP                               0x200003b1   Data           1  usbd_cdc_acm.o(.data)
    CDC_CMD_EP                               0x200003b2   Data           1  usbd_cdc_acm.o(.data)
    CDC_CMD_ITF_NBR                          0x200003b3   Data           1  usbd_cdc_acm.o(.data)
    CDC_COM_ITF_NBR                          0x200003b4   Data           1  usbd_cdc_acm.o(.data)
    CDC_STR_DESC_IDX                         0x200003b5   Data           1  usbd_cdc_acm.o(.data)
    USBD_CDC_ACM                             0x2000045c   Data          60  usbd_cdc_acm.o(.data)
    USBD_CDC_ACM_fops                        0x20000498   Data          20  usbd_cdc_acm_if.o(.data)
    Line_Coding                              0x200004ac   Data           8  usbd_cdc_acm_if.o(.data)
    hadc1                                    0x200004d8   Data          72  adc.o(.bss)
    hi2c3                                    0x20000520   Data          84  i2c.o(.bss)
    hspi2                                    0x20000574   Data          88  spi.o(.bss)
    hdma_spi2_tx                             0x200005cc   Data          96  spi.o(.bss)
    huart6                                   0x2000062c   Data          68  usart.o(.bss)
    hpcd_USB_OTG_FS                          0x20000670   Data        1292  usb_otg.o(.bss)
    htim1                                    0x20000b7c   Data          72  stm32f4xx_hal_timebase_tim.o(.bss)
    xQueueRegistry                           0x20000bc4   Data          64  queue.o(.bss)
    USBD_COMPOSITE_FSCfgDesc                 0x20005564   Data         107  usbd_composite.o(.bss)
    USBD_COMPOSITE_HSCfgDesc                 0x200055d0   Data         107  usbd_composite.o(.bss)
    hUsbDevice                               0x20005654   Data         796  usb_device.o(.bss)
    USBD_StrDesc                             0x20005970   Data         512  usbd_desc.o(.bss)
    CDC_ACM_Class_Data                       0x20005b70   Data         540  usbd_cdc_acm.o(.bss)
    RX_Buffer                                0x20005d8c   Data         128  usbd_cdc_acm_if.o(.bss)
    __libspace_start                         0x20005e0c   Data          96  libspace.o(.bss)
    __temporary_stack_top$libspace           0x20005e6c   Data           0  libspace.o(.bss)



==============================================================================

Memory Map of the image

  Image Entry point : 0x08000195

  Load Region LR_IROM1 (Base: 0x08000000, Size: 0x00008518, Max: 0x00040000, ABSOLUTE, COMPRESSED[0x000082e0])

    Execution Region ER_IROM1 (Exec base: 0x08000000, Load base: 0x08000000, Size: 0x00008064, Max: 0x00040000, ABSOLUTE)

    Exec Addr    Load Addr    Size         Type   Attr      Idx    E Section Name        Object

    0x08000000   0x08000000   0x00000194   Data   RO            3    RESET               startup_stm32f401xc.o
    0x08000194   0x08000194   0x00000008   Code   RO         7973  * !!!main             c_w.l(__main.o)
    0x0800019c   0x0800019c   0x00000034   Code   RO         8157    !!!scatter          c_w.l(__scatter.o)
    0x080001d0   0x080001d0   0x0000005a   Code   RO         8155    !!dczerorl2         c_w.l(__dczerorl2.o)
    0x0800022a   0x0800022a   0x00000002   PAD
    0x0800022c   0x0800022c   0x0000001c   Code   RO         8159    !!handler_zi        c_w.l(__scatter_zi.o)
    0x08000248   0x08000248   0x00000000   Code   RO         7960    .ARM.Collect$$_printf_percent$$00000000  c_w.l(_printf_percent.o)
    0x08000248   0x08000248   0x00000006   Code   RO         7959    .ARM.Collect$$_printf_percent$$00000009  c_w.l(_printf_d.o)
    0x0800024e   0x0800024e   0x00000004   Code   RO         7988    .ARM.Collect$$_printf_percent$$00000017  c_w.l(_printf_percent_end.o)
    0x08000252   0x08000252   0x00000002   Code   RO         8023    .ARM.Collect$$libinit$$00000000  c_w.l(libinit.o)
    0x08000254   0x08000254   0x00000004   Code   RO         8035    .ARM.Collect$$libinit$$00000001  c_w.l(libinit2.o)
    0x08000258   0x08000258   0x00000000   Code   RO         8038    .ARM.Collect$$libinit$$00000004  c_w.l(libinit2.o)
    0x08000258   0x08000258   0x00000000   Code   RO         8041    .ARM.Collect$$libinit$$0000000A  c_w.l(libinit2.o)
    0x08000258   0x08000258   0x00000000   Code   RO         8043    .ARM.Collect$$libinit$$0000000C  c_w.l(libinit2.o)
    0x08000258   0x08000258   0x00000000   Code   RO         8045    .ARM.Collect$$libinit$$0000000E  c_w.l(libinit2.o)
    0x08000258   0x08000258   0x00000000   Code   RO         8048    .ARM.Collect$$libinit$$00000011  c_w.l(libinit2.o)
    0x08000258   0x08000258   0x00000000   Code   RO         8050    .ARM.Collect$$libinit$$00000013  c_w.l(libinit2.o)
    0x08000258   0x08000258   0x00000000   Code   RO         8052    .ARM.Collect$$libinit$$00000015  c_w.l(libinit2.o)
    0x08000258   0x08000258   0x00000000   Code   RO         8054    .ARM.Collect$$libinit$$00000017  c_w.l(libinit2.o)
    0x08000258   0x08000258   0x00000000   Code   RO         8056    .ARM.Collect$$libinit$$00000019  c_w.l(libinit2.o)
    0x08000258   0x08000258   0x00000000   Code   RO         8058    .ARM.Collect$$libinit$$0000001B  c_w.l(libinit2.o)
    0x08000258   0x08000258   0x00000000   Code   RO         8060    .ARM.Collect$$libinit$$0000001D  c_w.l(libinit2.o)
    0x08000258   0x08000258   0x00000000   Code   RO         8062    .ARM.Collect$$libinit$$0000001F  c_w.l(libinit2.o)
    0x08000258   0x08000258   0x00000000   Code   RO         8064    .ARM.Collect$$libinit$$00000021  c_w.l(libinit2.o)
    0x08000258   0x08000258   0x00000000   Code   RO         8066    .ARM.Collect$$libinit$$00000023  c_w.l(libinit2.o)
    0x08000258   0x08000258   0x00000000   Code   RO         8068    .ARM.Collect$$libinit$$00000025  c_w.l(libinit2.o)
    0x08000258   0x08000258   0x00000000   Code   RO         8072    .ARM.Collect$$libinit$$0000002C  c_w.l(libinit2.o)
    0x08000258   0x08000258   0x00000000   Code   RO         8074    .ARM.Collect$$libinit$$0000002E  c_w.l(libinit2.o)
    0x08000258   0x08000258   0x00000000   Code   RO         8076    .ARM.Collect$$libinit$$00000030  c_w.l(libinit2.o)
    0x08000258   0x08000258   0x00000000   Code   RO         8078    .ARM.Collect$$libinit$$00000032  c_w.l(libinit2.o)
    0x08000258   0x08000258   0x00000002   Code   RO         8079    .ARM.Collect$$libinit$$00000033  c_w.l(libinit2.o)
    0x0800025a   0x0800025a   0x00000002   Code   RO         8110    .ARM.Collect$$libshutdown$$00000000  c_w.l(libshutdown.o)
    0x0800025c   0x0800025c   0x00000000   Code   RO         8136    .ARM.Collect$$libshutdown$$00000002  c_w.l(libshutdown2.o)
    0x0800025c   0x0800025c   0x00000000   Code   RO         8138    .ARM.Collect$$libshutdown$$00000004  c_w.l(libshutdown2.o)
    0x0800025c   0x0800025c   0x00000000   Code   RO         8140    .ARM.Collect$$libshutdown$$00000006  c_w.l(libshutdown2.o)
    0x0800025c   0x0800025c   0x00000000   Code   RO         8143    .ARM.Collect$$libshutdown$$00000009  c_w.l(libshutdown2.o)
    0x0800025c   0x0800025c   0x00000000   Code   RO         8146    .ARM.Collect$$libshutdown$$0000000C  c_w.l(libshutdown2.o)
    0x0800025c   0x0800025c   0x00000000   Code   RO         8148    .ARM.Collect$$libshutdown$$0000000E  c_w.l(libshutdown2.o)
    0x0800025c   0x0800025c   0x00000000   Code   RO         8151    .ARM.Collect$$libshutdown$$00000011  c_w.l(libshutdown2.o)
    0x0800025c   0x0800025c   0x00000002   Code   RO         8152    .ARM.Collect$$libshutdown$$00000012  c_w.l(libshutdown2.o)
    0x0800025e   0x0800025e   0x00000000   Code   RO         7975    .ARM.Collect$$rtentry$$00000000  c_w.l(__rtentry.o)
    0x0800025e   0x0800025e   0x00000000   Code   RO         7992    .ARM.Collect$$rtentry$$00000002  c_w.l(__rtentry2.o)
    0x0800025e   0x0800025e   0x00000006   Code   RO         8004    .ARM.Collect$$rtentry$$00000004  c_w.l(__rtentry4.o)
    0x08000264   0x08000264   0x00000000   Code   RO         7994    .ARM.Collect$$rtentry$$00000009  c_w.l(__rtentry2.o)
    0x08000264   0x08000264   0x00000004   Code   RO         7995    .ARM.Collect$$rtentry$$0000000A  c_w.l(__rtentry2.o)
    0x08000268   0x08000268   0x00000000   Code   RO         7997    .ARM.Collect$$rtentry$$0000000C  c_w.l(__rtentry2.o)
    0x08000268   0x08000268   0x00000008   Code   RO         7998    .ARM.Collect$$rtentry$$0000000D  c_w.l(__rtentry2.o)
    0x08000270   0x08000270   0x00000002   Code   RO         8027    .ARM.Collect$$rtexit$$00000000  c_w.l(rtexit.o)
    0x08000272   0x08000272   0x00000000   Code   RO         8083    .ARM.Collect$$rtexit$$00000002  c_w.l(rtexit2.o)
    0x08000272   0x08000272   0x00000004   Code   RO         8084    .ARM.Collect$$rtexit$$00000003  c_w.l(rtexit2.o)
    0x08000276   0x08000276   0x00000006   Code   RO         8085    .ARM.Collect$$rtexit$$00000004  c_w.l(rtexit2.o)
    0x0800027c   0x0800027c   0x000000be   Code   RO         6749    .emb_text           port.o
    0x0800033a   0x0800033a   0x00000002   PAD
    0x0800033c   0x0800033c   0x00000040   Code   RO            4    .text               startup_stm32f401xc.o
    0x0800037c   0x0800037c   0x000000ee   Code   RO         7929    .text               c_w.l(lludivv7m.o)
    0x0800046a   0x0800046a   0x00000002   PAD
    0x0800046c   0x0800046c   0x00000034   Code   RO         7933    .text               c_w.l(noretval__2snprintf.o)
    0x080004a0   0x080004a0   0x00000068   Code   RO         7935    .text               c_w.l(__printf.o)
    0x08000508   0x08000508   0x00000078   Code   RO         7937    .text               c_w.l(_printf_dec.o)
    0x08000580   0x08000580   0x0000008a   Code   RO         7961    .text               c_w.l(rt_memcpy_v6.o)
    0x0800060a   0x0800060a   0x00000064   Code   RO         7963    .text               c_w.l(rt_memcpy_w.o)
    0x0800066e   0x0800066e   0x00000010   Code   RO         7967    .text               c_w.l(aeabi_memset.o)
    0x0800067e   0x0800067e   0x0000004e   Code   RO         7969    .text               c_w.l(rt_memclr_w.o)
    0x080006cc   0x080006cc   0x00000006   Code   RO         7971    .text               c_w.l(heapauxi.o)
    0x080006d2   0x080006d2   0x000000b2   Code   RO         7980    .text               c_w.l(_printf_intcommon.o)
    0x08000784   0x08000784   0x00000030   Code   RO         7982    .text               c_w.l(_printf_char_common.o)
    0x080007b4   0x080007b4   0x0000000a   Code   RO         7984    .text               c_w.l(_sputc.o)
    0x080007be   0x080007be   0x00000010   Code   RO         7986    .text               c_w.l(_snputc.o)
    0x080007ce   0x080007ce   0x00000044   Code   RO         7989    .text               c_w.l(rt_memclr.o)
    0x08000812   0x08000812   0x0000004a   Code   RO         8010    .text               c_w.l(sys_stackheap_outer.o)
    0x0800085c   0x0800085c   0x00000012   Code   RO         8012    .text               c_w.l(exit.o)
    0x0800086e   0x0800086e   0x00000002   PAD
    0x08000870   0x08000870   0x00000008   Code   RO         8024    .text               c_w.l(libspace.o)
    0x08000878   0x08000878   0x0000000c   Code   RO         8080    .text               c_w.l(sys_exit.o)
    0x08000884   0x08000884   0x00000002   Code   RO         8099    .text               c_w.l(use_no_semi.o)
    0x08000886   0x08000886   0x00000000   Code   RO         8101    .text               c_w.l(indicate_semi.o)
    0x08000886   0x08000886   0x00000002   PAD
    0x08000888   0x08000888   0x00000178   Code   RO          803    i.ADC_Init          stm32f4xx_hal_adc.o
    0x08000a00   0x08000a00   0x00000002   Code   RO          661    i.BusFault_Handler  stm32f4xx_it.o
    0x08000a02   0x08000a02   0x00000002   PAD
    0x08000a04   0x08000a04   0x0000006c   Code   RO         7869    i.CDC_Control       usbd_cdc_acm_if.o
    0x08000a70   0x08000a70   0x00000004   Code   RO         7870    i.CDC_DeInit        usbd_cdc_acm_if.o
    0x08000a74   0x08000a74   0x0000001c   Code   RO         7871    i.CDC_Init          usbd_cdc_acm_if.o
    0x08000a90   0x08000a90   0x0000002c   Code   RO         7872    i.CDC_Receive       usbd_cdc_acm_if.o
    0x08000abc   0x08000abc   0x0000003c   Code   RO         7873    i.CDC_Transmit      usbd_cdc_acm_if.o
    0x08000af8   0x08000af8   0x00000004   Code   RO         7874    i.CDC_TransmitCplt  usbd_cdc_acm_if.o
    0x08000afc   0x08000afc   0x00000004   Code   RO         7130    i.CUSTOM_HID_DeInit  usbd_hid_custom_if.o
    0x08000b00   0x08000b00   0x00000004   Code   RO         7131    i.CUSTOM_HID_Init   usbd_hid_custom_if.o
    0x08000b04   0x08000b04   0x00000044   Code   RO         7132    i.CUSTOM_HID_OutEvent  usbd_hid_custom_if.o
    0x08000b48   0x08000b48   0x0000000c   Code   RO          662    i.DMA1_Stream4_IRQHandler  stm32f4xx_it.o
    0x08000b54   0x08000b54   0x00000028   Code   RO         1576    i.DMA_CalcBaseAndBitshift  stm32f4xx_hal_dma.o
    0x08000b7c   0x08000b7c   0x00000054   Code   RO         1577    i.DMA_CheckFifoParam  stm32f4xx_hal_dma.o
    0x08000bd0   0x08000bd0   0x00000002   Code   RO          663    i.DebugMon_Handler  stm32f4xx_it.o
    0x08000bd2   0x08000bd2   0x00000004   Code   RO           13    i.Error_Handler     main.o
    0x08000bd6   0x08000bd6   0x00000002   PAD
    0x08000bd8   0x08000bd8   0x000001d4   Code   RO          805    i.HAL_ADC_ConfigChannel  stm32f4xx_hal_adc.o
    0x08000dac   0x08000dac   0x0000020c   Code   RO          814    i.HAL_ADC_Init      stm32f4xx_hal_adc.o
    0x08000fb8   0x08000fb8   0x00000028   Code   RO          386    i.HAL_ADC_MspInit   adc.o
    0x08000fe0   0x08000fe0   0x00000070   Code   RO         2277    i.HAL_CRC_Init      stm32f4xx_hal_crc.o
    0x08001050   0x08001050   0x00000028   Code   RO          428    i.HAL_CRC_MspInit   crc.o
    0x08001078   0x08001078   0x000001a0   Code   RO         1584    i.HAL_DMA_IRQHandler  stm32f4xx_hal_dma.o
    0x08001218   0x08001218   0x000002e0   Code   RO         1585    i.HAL_DMA_Init      stm32f4xx_hal_dma.o
    0x080014f8   0x080014f8   0x00000024   Code   RO         2022    i.HAL_Delay         stm32f4xx_hal.o
    0x0800151c   0x0800151c   0x000002b4   Code   RO         1472    i.HAL_GPIO_Init     stm32f4xx_hal_gpio.o
    0x080017d0   0x080017d0   0x00000058   Code   RO         1474    i.HAL_GPIO_ReadPin  stm32f4xx_hal_gpio.o
    0x08001828   0x08001828   0x00000060   Code   RO         1475    i.HAL_GPIO_TogglePin  stm32f4xx_hal_gpio.o
    0x08001888   0x08001888   0x0000006c   Code   RO         1476    i.HAL_GPIO_WritePin  stm32f4xx_hal_gpio.o
    0x080018f4   0x080018f4   0x0000000c   Code   RO         2028    i.HAL_GetTick       stm32f4xx_hal.o
    0x08001900   0x08001900   0x00000288   Code   RO         2344    i.HAL_I2C_Init      stm32f4xx_hal_i2c.o
    0x08001b88   0x08001b88   0x00000094   Code   RO          494    i.HAL_I2C_MspInit   i2c.o
    0x08001c1c   0x08001c1c   0x00000010   Code   RO         2034    i.HAL_IncTick       stm32f4xx_hal.o
    0x08001c2c   0x08001c2c   0x00000034   Code   RO         2035    i.HAL_Init          stm32f4xx_hal.o
    0x08001c60   0x08001c60   0x0000008c   Code   RO          761    i.HAL_InitTick      stm32f4xx_hal_timebase_tim.o
    0x08001cec   0x08001cec   0x00000038   Code   RO          737    i.HAL_MspInit       stm32f4xx_hal_msp.o
    0x08001d24   0x08001d24   0x00000064   Code   RO         1885    i.HAL_NVIC_EnableIRQ  stm32f4xx_hal_cortex.o
    0x08001d88   0x08001d88   0x000000a0   Code   RO         1891    i.HAL_NVIC_SetPriority  stm32f4xx_hal_cortex.o
    0x08001e28   0x08001e28   0x00000080   Code   RO         1892    i.HAL_NVIC_SetPriorityGrouping  stm32f4xx_hal_cortex.o
    0x08001ea8   0x08001ea8   0x00000002   Code   RO         4687    i.HAL_PCDEx_LPM_Callback  stm32f4xx_hal_pcd_ex.o
    0x08001eaa   0x08001eaa   0x00000008   Code   RO         4688    i.HAL_PCDEx_SetRxFiFo  stm32f4xx_hal_pcd_ex.o
    0x08001eb2   0x08001eb2   0x00000006   Code   RO         7552    i.HAL_PCDEx_SetRxFiFoInBytes  usbd_conf.o
    0x08001eb8   0x08001eb8   0x00000044   Code   RO         4689    i.HAL_PCDEx_SetTxFiFo  stm32f4xx_hal_pcd_ex.o
    0x08001efc   0x08001efc   0x00000006   Code   RO         7553    i.HAL_PCDEx_SetTxFiFoInBytes  usbd_conf.o
    0x08001f02   0x08001f02   0x00000008   Code   RO         7554    i.HAL_PCD_ConnectCallback  usbd_conf.o
    0x08001f0a   0x08001f0a   0x00000012   Code   RO         7555    i.HAL_PCD_DataInStageCallback  usbd_conf.o
    0x08001f1c   0x08001f1c   0x00000014   Code   RO         7556    i.HAL_PCD_DataOutStageCallback  usbd_conf.o
    0x08001f30   0x08001f30   0x00000008   Code   RO         7557    i.HAL_PCD_DisconnectCallback  usbd_conf.o
    0x08001f38   0x08001f38   0x0000001e   Code   RO         4457    i.HAL_PCD_EP_Abort  stm32f4xx_hal_pcd.o
    0x08001f56   0x08001f56   0x0000004c   Code   RO         4458    i.HAL_PCD_EP_Close  stm32f4xx_hal_pcd.o
    0x08001fa2   0x08001fa2   0x0000005c   Code   RO         4459    i.HAL_PCD_EP_ClrStall  stm32f4xx_hal_pcd.o
    0x08001ffe   0x08001ffe   0x00000012   Code   RO         4461    i.HAL_PCD_EP_GetRxCount  stm32f4xx_hal_pcd.o
    0x08002010   0x08002010   0x00000060   Code   RO         4462    i.HAL_PCD_EP_Open   stm32f4xx_hal_pcd.o
    0x08002070   0x08002070   0x00000048   Code   RO         4463    i.HAL_PCD_EP_Receive  stm32f4xx_hal_pcd.o
    0x080020b8   0x080020b8   0x00000074   Code   RO         4464    i.HAL_PCD_EP_SetStall  stm32f4xx_hal_pcd.o
    0x0800212c   0x0800212c   0x00000040   Code   RO         4465    i.HAL_PCD_EP_Transmit  stm32f4xx_hal_pcd.o
    0x0800216c   0x0800216c   0x00000560   Code   RO         4467    i.HAL_PCD_IRQHandler  stm32f4xx_hal_pcd.o
    0x080026cc   0x080026cc   0x00000008   Code   RO         7558    i.HAL_PCD_ISOINIncompleteCallback  usbd_conf.o
    0x080026d4   0x080026d4   0x00000008   Code   RO         7559    i.HAL_PCD_ISOOUTIncompleteCallback  usbd_conf.o
    0x080026dc   0x080026dc   0x0000012c   Code   RO         4470    i.HAL_PCD_Init      stm32f4xx_hal_pcd.o
    0x08002808   0x08002808   0x00000084   Code   RO          620    i.HAL_PCD_MspInit   usb_otg.o
    0x0800288c   0x0800288c   0x0000002c   Code   RO         7562    i.HAL_PCD_ResetCallback  usbd_conf.o
    0x080028b8   0x080028b8   0x00000008   Code   RO         7563    i.HAL_PCD_ResumeCallback  usbd_conf.o
    0x080028c0   0x080028c0   0x00000008   Code   RO         7564    i.HAL_PCD_SOFCallback  usbd_conf.o
    0x080028c8   0x080028c8   0x00000028   Code   RO         4476    i.HAL_PCD_SetAddress  stm32f4xx_hal_pcd.o
    0x080028f0   0x080028f0   0x0000000e   Code   RO         7565    i.HAL_PCD_SetupStageCallback  usbd_conf.o
    0x080028fe   0x080028fe   0x00000042   Code   RO         4479    i.HAL_PCD_Start     stm32f4xx_hal_pcd.o
    0x08002940   0x08002940   0x00000030   Code   RO         7566    i.HAL_PCD_SuspendCallback  usbd_conf.o
    0x08002970   0x08002970   0x0000024c   Code   RO         1079    i.HAL_RCC_ClockConfig  stm32f4xx_hal_rcc.o
    0x08002bbc   0x08002bbc   0x00000040   Code   RO         1083    i.HAL_RCC_GetClockConfig  stm32f4xx_hal_rcc.o
    0x08002bfc   0x08002bfc   0x0000000c   Code   RO         1084    i.HAL_RCC_GetHCLKFreq  stm32f4xx_hal_rcc.o
    0x08002c08   0x08002c08   0x00000020   Code   RO         1086    i.HAL_RCC_GetPCLK1Freq  stm32f4xx_hal_rcc.o
    0x08002c28   0x08002c28   0x00000020   Code   RO         1087    i.HAL_RCC_GetPCLK2Freq  stm32f4xx_hal_rcc.o
    0x08002c48   0x08002c48   0x00000064   Code   RO         1088    i.HAL_RCC_GetSysClockFreq  stm32f4xx_hal_rcc.o
    0x08002cac   0x08002cac   0x000004a8   Code   RO         1091    i.HAL_RCC_OscConfig  stm32f4xx_hal_rcc.o
    0x08003154   0x08003154   0x00000254   Code   RO         2806    i.HAL_SPI_Init      stm32f4xx_hal_spi.o
    0x080033a8   0x080033a8   0x000000a0   Code   RO          536    i.HAL_SPI_MspInit   spi.o
    0x08003448   0x08003448   0x00000002   Code   RO         3824    i.HAL_TIMEx_BreakCallback  stm32f4xx_hal_tim_ex.o
    0x0800344a   0x0800344a   0x00000002   Code   RO         3825    i.HAL_TIMEx_CommutCallback  stm32f4xx_hal_tim_ex.o
    0x0800344c   0x0800344c   0x00000134   Code   RO         3119    i.HAL_TIM_Base_Init  stm32f4xx_hal_tim.o
    0x08003580   0x08003580   0x00000002   Code   RO         3121    i.HAL_TIM_Base_MspInit  stm32f4xx_hal_tim.o
    0x08003582   0x08003582   0x00000002   PAD
    0x08003584   0x08003584   0x000000ec   Code   RO         3124    i.HAL_TIM_Base_Start_IT  stm32f4xx_hal_tim.o
    0x08003670   0x08003670   0x00000002   Code   RO         3153    i.HAL_TIM_IC_CaptureCallback  stm32f4xx_hal_tim.o
    0x08003672   0x08003672   0x00000166   Code   RO         3167    i.HAL_TIM_IRQHandler  stm32f4xx_hal_tim.o
    0x080037d8   0x080037d8   0x00000002   Code   RO         3170    i.HAL_TIM_OC_DelayElapsedCallback  stm32f4xx_hal_tim.o
    0x080037da   0x080037da   0x00000002   Code   RO         3197    i.HAL_TIM_PWM_PulseFinishedCallback  stm32f4xx_hal_tim.o
    0x080037dc   0x080037dc   0x00000014   Code   RO           14    i.HAL_TIM_PeriodElapsedCallback  main.o
    0x080037f0   0x080037f0   0x00000002   Code   RO         3210    i.HAL_TIM_TriggerCallback  stm32f4xx_hal_tim.o
    0x080037f2   0x080037f2   0x00000002   PAD
    0x080037f4   0x080037f4   0x00000128   Code   RO         4120    i.HAL_UART_Init     stm32f4xx_hal_uart.o
    0x0800391c   0x0800391c   0x00000068   Code   RO          578    i.HAL_UART_MspInit  usart.o
    0x08003984   0x08003984   0x00000002   Code   RO          664    i.HardFault_Handler  stm32f4xx_it.o
    0x08003986   0x08003986   0x00000002   PAD
    0x08003988   0x08003988   0x00000038   Code   RO         7479    i.IntToUnicode      usbd_desc.o
    0x080039c0   0x080039c0   0x00000104   Code   RO         6829    i.KeyReportConstructFunc  keyscan.o
    0x08003ac4   0x08003ac4   0x00000064   Code   RO          387    i.MX_ADC1_Init      adc.o
    0x08003b28   0x08003b28   0x00000024   Code   RO          429    i.MX_CRC_Init       crc.o
    0x08003b4c   0x08003b4c   0x0000002c   Code   RO          469    i.MX_DMA_Init       dma.o
    0x08003b78   0x08003b78   0x00000044   Code   RO          275    i.MX_FREERTOS_Init  freertos.o
    0x08003bbc   0x08003bbc   0x0000017c   Code   RO          251    i.MX_GPIO_Init      gpio.o
    0x08003d38   0x08003d38   0x00000040   Code   RO          495    i.MX_I2C3_Init      i2c.o
    0x08003d78   0x08003d78   0x00000048   Code   RO          537    i.MX_SPI2_Init      spi.o
    0x08003dc0   0x08003dc0   0x00000038   Code   RO          579    i.MX_USART6_UART_Init  usart.o
    0x08003df8   0x08003df8   0x00000068   Code   RO         7444    i.MX_USB_DEVICE_Init  usb_device.o
    0x08003e60   0x08003e60   0x00000038   Code   RO          621    i.MX_USB_OTG_FS_PCD_Init  usb_otg.o
    0x08003e98   0x08003e98   0x00000002   Code   RO          665    i.MemManage_Handler  stm32f4xx_it.o
    0x08003e9a   0x08003e9a   0x00000002   Code   RO          666    i.NMI_Handler       stm32f4xx_it.o
    0x08003e9c   0x08003e9c   0x0000000c   Code   RO          667    i.OTG_FS_IRQHandler  stm32f4xx_it.o
    0x08003ea8   0x08003ea8   0x000000cc   Code   RO         4483    i.PCD_EP_OutXfrComplete_int  stm32f4xx_hal_pcd.o
    0x08003f74   0x08003f74   0x000000a2   Code   RO         4484    i.PCD_WriteEmptyTxFifo  stm32f4xx_hal_pcd.o
    0x08004016   0x08004016   0x0000000a   Code   RO         7311    i.SWAPBYTE          usbd_ctlreq.o
    0x08004020   0x08004020   0x0000010c   Code   RO         6830    i.SingleScan        keyscan.o
    0x0800412c   0x0800412c   0x00000070   Code   RO          276    i.StartDefaultTask  freertos.o
    0x0800419c   0x0800419c   0x00000034   Code   RO          277    i.Start_KeyScan_Task  freertos.o
    0x080041d0   0x080041d0   0x00000034   Code   RO          278    i.Start_LED_Task    freertos.o
    0x08004204   0x08004204   0x0000001a   Code   RO         6181    i.SysTick_Handler   cmsis_os2.o
    0x0800421e   0x0800421e   0x00000002   PAD
    0x08004220   0x08004220   0x00000098   Code   RO           15    i.SystemClock_Config  main.o
    0x080042b8   0x080042b8   0x00000010   Code   RO         5034    i.SystemInit        system_stm32f4xx.o
    0x080042c8   0x080042c8   0x0000000c   Code   RO          668    i.TIM1_UP_TIM10_IRQHandler  stm32f4xx_it.o
    0x080042d4   0x080042d4   0x00000098   Code   RO         3212    i.TIM_Base_SetConfig  stm32f4xx_hal_tim.o
    0x0800436c   0x0800436c   0x000001a0   Code   RO         4146    i.UART_SetConfig    stm32f4xx_hal_uart.o
    0x0800450c   0x0800450c   0x0000000e   Code   RO         7757    i.USBD_CDC_ACM_RegisterInterface  usbd_cdc_acm.o
    0x0800451a   0x0800451a   0x00000002   PAD
    0x0800451c   0x0800451c   0x0000008c   Code   RO         7758    i.USBD_CDC_DataIn   usbd_cdc_acm.o
    0x080045a8   0x080045a8   0x00000054   Code   RO         7759    i.USBD_CDC_DataOut  usbd_cdc_acm.o
    0x080045fc   0x080045fc   0x00000098   Code   RO         7760    i.USBD_CDC_DeInit   usbd_cdc_acm.o
    0x08004694   0x08004694   0x00000054   Code   RO         7761    i.USBD_CDC_EP0_RxReady  usbd_cdc_acm.o
    0x080046e8   0x080046e8   0x0000000c   Code   RO         7762    i.USBD_CDC_GetDeviceQualifierDescriptor  usbd_cdc_acm.o
    0x080046f4   0x080046f4   0x0000000c   Code   RO         7763    i.USBD_CDC_GetFSCfgDesc  usbd_cdc_acm.o
    0x08004700   0x08004700   0x0000000c   Code   RO         7764    i.USBD_CDC_GetHSCfgDesc  usbd_cdc_acm.o
    0x0800470c   0x0800470c   0x0000000c   Code   RO         7765    i.USBD_CDC_GetOtherSpeedCfgDesc  usbd_cdc_acm.o
    0x08004718   0x08004718   0x00000130   Code   RO         7766    i.USBD_CDC_Init     usbd_cdc_acm.o
    0x08004848   0x08004848   0x00000038   Code   RO         7767    i.USBD_CDC_ReceivePacket  usbd_cdc_acm.o
    0x08004880   0x08004880   0x0000001c   Code   RO         7768    i.USBD_CDC_SetRxBuffer  usbd_cdc_acm.o
    0x0800489c   0x0800489c   0x00000020   Code   RO         7769    i.USBD_CDC_SetTxBuffer  usbd_cdc_acm.o
    0x080048bc   0x080048bc   0x000000f8   Code   RO         7770    i.USBD_CDC_Setup    usbd_cdc_acm.o
    0x080049b4   0x080049b4   0x00000054   Code   RO         7771    i.USBD_CDC_TransmitPacket  usbd_cdc_acm.o
    0x08004a08   0x08004a08   0x00000058   Code   RO         6903    i.USBD_COMPOSITE_DataIn  usbd_composite.o
    0x08004a60   0x08004a60   0x00000040   Code   RO         6904    i.USBD_COMPOSITE_DataOut  usbd_composite.o
    0x08004aa0   0x08004aa0   0x00000024   Code   RO         6905    i.USBD_COMPOSITE_DeInit  usbd_composite.o
    0x08004ac4   0x08004ac4   0x00000020   Code   RO         6906    i.USBD_COMPOSITE_EP0_RxReady  usbd_composite.o
    0x08004ae4   0x08004ae4   0x00000004   Code   RO         6907    i.USBD_COMPOSITE_EP0_TxReady  usbd_composite.o
    0x08004ae8   0x08004ae8   0x0000000c   Code   RO         6908    i.USBD_COMPOSITE_GetDeviceQualifierDesc  usbd_composite.o
    0x08004af4   0x08004af4   0x0000000c   Code   RO         6909    i.USBD_COMPOSITE_GetFSCfgDesc  usbd_composite.o
    0x08004b00   0x08004b00   0x0000000c   Code   RO         6910    i.USBD_COMPOSITE_GetHSCfgDesc  usbd_composite.o
    0x08004b0c   0x08004b0c   0x0000000c   Code   RO         6911    i.USBD_COMPOSITE_GetOtherSpeedCfgDesc  usbd_composite.o
    0x08004b18   0x08004b18   0x00000094   Code   RO         6912    i.USBD_COMPOSITE_GetUsrStringDesc  usbd_composite.o
    0x08004bac   0x08004bac   0x00000024   Code   RO         6913    i.USBD_COMPOSITE_Init  usbd_composite.o
    0x08004bd0   0x08004bd0   0x00000004   Code   RO         6914    i.USBD_COMPOSITE_IsoINIncomplete  usbd_composite.o
    0x08004bd4   0x08004bd4   0x00000004   Code   RO         6915    i.USBD_COMPOSITE_IsoOutIncomplete  usbd_composite.o
    0x08004bd8   0x08004bd8   0x00000134   Code   RO         6916    i.USBD_COMPOSITE_Mount_Class  usbd_composite.o
    0x08004d0c   0x08004d0c   0x00000004   Code   RO         6917    i.USBD_COMPOSITE_SOF  usbd_composite.o
    0x08004d10   0x08004d10   0x0000004c   Code   RO         6918    i.USBD_COMPOSITE_Setup  usbd_composite.o
    0x08004d5c   0x08004d5c   0x0000000c   Code   RO         7030    i.USBD_CUSTOM_HID_DataIn  usbd_hid_custom.o
    0x08004d68   0x08004d68   0x0000001e   Code   RO         7031    i.USBD_CUSTOM_HID_DataOut  usbd_hid_custom.o
    0x08004d86   0x08004d86   0x00000002   PAD
    0x08004d88   0x08004d88   0x00000074   Code   RO         7032    i.USBD_CUSTOM_HID_DeInit  usbd_hid_custom.o
    0x08004dfc   0x08004dfc   0x0000002a   Code   RO         7033    i.USBD_CUSTOM_HID_EP0_RxReady  usbd_hid_custom.o
    0x08004e26   0x08004e26   0x00000002   PAD
    0x08004e28   0x08004e28   0x0000000c   Code   RO         7034    i.USBD_CUSTOM_HID_GetDeviceQualifierDesc  usbd_hid_custom.o
    0x08004e34   0x08004e34   0x0000000c   Code   RO         7035    i.USBD_CUSTOM_HID_GetFSCfgDesc  usbd_hid_custom.o
    0x08004e40   0x08004e40   0x0000000c   Code   RO         7036    i.USBD_CUSTOM_HID_GetHSCfgDesc  usbd_hid_custom.o
    0x08004e4c   0x08004e4c   0x0000000c   Code   RO         7037    i.USBD_CUSTOM_HID_GetOtherSpeedCfgDesc  usbd_hid_custom.o
    0x08004e58   0x08004e58   0x00000098   Code   RO         7038    i.USBD_CUSTOM_HID_Init  usbd_hid_custom.o
    0x08004ef0   0x08004ef0   0x00000020   Code   RO         7039    i.USBD_CUSTOM_HID_ReceivePacket  usbd_hid_custom.o
    0x08004f10   0x08004f10   0x0000000e   Code   RO         7040    i.USBD_CUSTOM_HID_RegisterInterface  usbd_hid_custom.o
    0x08004f1e   0x08004f1e   0x00000002   PAD
    0x08004f20   0x08004f20   0x00000038   Code   RO         7041    i.USBD_CUSTOM_HID_SendReport  usbd_hid_custom.o
    0x08004f58   0x08004f58   0x000000ec   Code   RO         7042    i.USBD_CUSTOM_HID_Setup  usbd_hid_custom.o
    0x08005044   0x08005044   0x00000010   Code   RO         7173    i.USBD_ClrClassConfig  usbd_core.o
    0x08005054   0x08005054   0x00000024   Code   RO         7480    i.USBD_ConfigStrDescriptor  usbd_desc.o
    0x08005078   0x08005078   0x00000010   Code   RO         7384    i.USBD_CtlContinueRx  usbd_ioreq.o
    0x08005088   0x08005088   0x00000010   Code   RO         7385    i.USBD_CtlContinueSendData  usbd_ioreq.o
    0x08005098   0x08005098   0x00000016   Code   RO         7312    i.USBD_CtlError     usbd_ctlreq.o
    0x080050ae   0x080050ae   0x0000001e   Code   RO         7386    i.USBD_CtlPrepareRx  usbd_ioreq.o
    0x080050cc   0x080050cc   0x00000016   Code   RO         7387    i.USBD_CtlReceiveStatus  usbd_ioreq.o
    0x080050e2   0x080050e2   0x0000001a   Code   RO         7388    i.USBD_CtlSendData  usbd_ioreq.o
    0x080050fc   0x080050fc   0x00000016   Code   RO         7389    i.USBD_CtlSendStatus  usbd_ioreq.o
    0x08005112   0x08005112   0x00000002   PAD
    0x08005114   0x08005114   0x0000000c   Code   RO         7481    i.USBD_DeviceDescriptor  usbd_desc.o
    0x08005120   0x08005120   0x000000f8   Code   RO         7313    i.USBD_GetDescriptor  usbd_ctlreq.o
    0x08005218   0x08005218   0x00000048   Code   RO         7314    i.USBD_GetString    usbd_ctlreq.o
    0x08005260   0x08005260   0x00000018   Code   RO         7567    i.USBD_Get_USB_Status  usbd_conf.o
    0x08005278   0x08005278   0x00000022   Code   RO         7175    i.USBD_Init         usbd_core.o
    0x0800529a   0x0800529a   0x00000002   PAD
    0x0800529c   0x0800529c   0x00000028   Code   RO         7482    i.USBD_InterfaceStrDescriptor  usbd_desc.o
    0x080052c4   0x080052c4   0x00000012   Code   RO         7568    i.USBD_LL_ClearStallEP  usbd_conf.o
    0x080052d6   0x080052d6   0x00000012   Code   RO         7569    i.USBD_LL_CloseEP   usbd_conf.o
    0x080052e8   0x080052e8   0x000000a8   Code   RO         7176    i.USBD_LL_DataInStage  usbd_core.o
    0x08005390   0x08005390   0x0000006c   Code   RO         7177    i.USBD_LL_DataOutStage  usbd_core.o
    0x080053fc   0x080053fc   0x00000004   Code   RO         7178    i.USBD_LL_DevConnected  usbd_core.o
    0x08005400   0x08005400   0x00000018   Code   RO         7179    i.USBD_LL_DevDisconnected  usbd_core.o
    0x08005418   0x08005418   0x00000008   Code   RO         7573    i.USBD_LL_GetRxDataSize  usbd_conf.o
    0x08005420   0x08005420   0x00000080   Code   RO         7574    i.USBD_LL_Init      usbd_conf.o
    0x080054a0   0x080054a0   0x00000020   Code   RO         7575    i.USBD_LL_IsStallEP  usbd_conf.o
    0x080054c0   0x080054c0   0x00000020   Code   RO         7180    i.USBD_LL_IsoINIncomplete  usbd_core.o
    0x080054e0   0x080054e0   0x00000020   Code   RO         7181    i.USBD_LL_IsoOUTIncomplete  usbd_core.o
    0x08005500   0x08005500   0x00000018   Code   RO         7576    i.USBD_LL_OpenEP    usbd_conf.o
    0x08005518   0x08005518   0x00000012   Code   RO         7577    i.USBD_LL_PrepareReceive  usbd_conf.o
    0x0800552a   0x0800552a   0x00000054   Code   RO         7182    i.USBD_LL_Reset     usbd_core.o
    0x0800557e   0x0800557e   0x00000014   Code   RO         7183    i.USBD_LL_Resume    usbd_core.o
    0x08005592   0x08005592   0x00000020   Code   RO         7184    i.USBD_LL_SOF       usbd_core.o
    0x080055b2   0x080055b2   0x00000006   Code   RO         7185    i.USBD_LL_SetSpeed  usbd_core.o
    0x080055b8   0x080055b8   0x00000012   Code   RO         7578    i.USBD_LL_SetUSBAddress  usbd_conf.o
    0x080055ca   0x080055ca   0x00000060   Code   RO         7186    i.USBD_LL_SetupStage  usbd_core.o
    0x0800562a   0x0800562a   0x00000012   Code   RO         7579    i.USBD_LL_StallEP   usbd_conf.o
    0x0800563c   0x0800563c   0x00000012   Code   RO         7580    i.USBD_LL_Start     usbd_conf.o
    0x0800564e   0x0800564e   0x00000012   Code   RO         7187    i.USBD_LL_Suspend   usbd_core.o
    0x08005660   0x08005660   0x00000012   Code   RO         7582    i.USBD_LL_Transmit  usbd_conf.o
    0x08005672   0x08005672   0x00000002   PAD
    0x08005674   0x08005674   0x0000000c   Code   RO         7483    i.USBD_LangIDStrDescriptor  usbd_desc.o
    0x08005680   0x08005680   0x00000028   Code   RO         7484    i.USBD_ManufacturerStrDescriptor  usbd_desc.o
    0x080056a8   0x080056a8   0x0000002c   Code   RO         7315    i.USBD_ParseSetupRequest  usbd_ctlreq.o
    0x080056d4   0x080056d4   0x0000002c   Code   RO         7485    i.USBD_ProductStrDescriptor  usbd_desc.o
    0x08005700   0x08005700   0x0000002c   Code   RO         7188    i.USBD_RegisterClass  usbd_core.o
    0x0800572c   0x0800572c   0x00000038   Code   RO         7486    i.USBD_SerialStrDescriptor  usbd_desc.o
    0x08005764   0x08005764   0x00000014   Code   RO         7190    i.USBD_SetClassConfig  usbd_core.o
    0x08005778   0x08005778   0x000000bc   Code   RO         7316    i.USBD_SetConfig    usbd_ctlreq.o
    0x08005834   0x08005834   0x00000004   Code   RO         7191    i.USBD_Start        usbd_core.o
    0x08005838   0x08005838   0x00000114   Code   RO         7317    i.USBD_StdDevReq    usbd_ctlreq.o
    0x0800594c   0x0800594c   0x00000140   Code   RO         7318    i.USBD_StdEPReq     usbd_ctlreq.o
    0x08005a8c   0x08005a8c   0x00000052   Code   RO         7319    i.USBD_StdItfReq    usbd_ctlreq.o
    0x08005ade   0x08005ade   0x00000002   PAD
    0x08005ae0   0x08005ae0   0x00000088   Code   RO         7772    i.USBD_Update_CDC_ACM_DESC  usbd_cdc_acm.o
    0x08005b68   0x08005b68   0x00000020   Code   RO         7043    i.USBD_Update_HID_Custom_DESC  usbd_hid_custom.o
    0x08005b88   0x08005b88   0x00000080   Code   RO         4729    i.USB_ActivateEndpoint  stm32f4xx_ll_usb.o
    0x08005c08   0x08005c08   0x0000001c   Code   RO         4731    i.USB_ActivateSetup  stm32f4xx_ll_usb.o
    0x08005c24   0x08005c24   0x00000074   Code   RO         4733    i.USB_CoreInit      stm32f4xx_ll_usb.o
    0x08005c98   0x08005c98   0x00000040   Code   RO         4734    i.USB_CoreReset     stm32f4xx_ll_usb.o
    0x08005cd8   0x08005cd8   0x000000cc   Code   RO         4737    i.USB_DeactivateEndpoint  stm32f4xx_ll_usb.o
    0x08005da4   0x08005da4   0x0000001c   Code   RO         4738    i.USB_DevConnect    stm32f4xx_ll_usb.o
    0x08005dc0   0x08005dc0   0x0000001c   Code   RO         4739    i.USB_DevDisconnect  stm32f4xx_ll_usb.o
    0x08005ddc   0x08005ddc   0x00000174   Code   RO         4740    i.USB_DevInit       stm32f4xx_ll_usb.o
    0x08005f50   0x08005f50   0x0000000c   Code   RO         4741    i.USB_DisableGlobalInt  stm32f4xx_ll_usb.o
    0x08005f5c   0x08005f5c   0x0000011c   Code   RO         4744    i.USB_EP0StartXfer  stm32f4xx_ll_usb.o
    0x08006078   0x08006078   0x00000058   Code   RO         4745    i.USB_EP0_OutStart  stm32f4xx_ll_usb.o
    0x080060d0   0x080060d0   0x00000058   Code   RO         4746    i.USB_EPClearStall  stm32f4xx_ll_usb.o
    0x08006128   0x08006128   0x00000058   Code   RO         4747    i.USB_EPSetStall    stm32f4xx_ll_usb.o
    0x08006180   0x08006180   0x000001e4   Code   RO         4748    i.USB_EPStartXfer   stm32f4xx_ll_usb.o
    0x08006364   0x08006364   0x0000009e   Code   RO         4749    i.USB_EPStopXfer    stm32f4xx_ll_usb.o
    0x08006402   0x08006402   0x0000000c   Code   RO         4750    i.USB_EnableGlobalInt  stm32f4xx_ll_usb.o
    0x0800640e   0x0800640e   0x00000002   PAD
    0x08006410   0x08006410   0x0000003c   Code   RO         4751    i.USB_FlushRxFifo   stm32f4xx_ll_usb.o
    0x0800644c   0x0800644c   0x00000040   Code   RO         4752    i.USB_FlushTxFifo   stm32f4xx_ll_usb.o
    0x0800648c   0x0800648c   0x0000001a   Code   RO         4754    i.USB_GetDevSpeed   stm32f4xx_ll_usb.o
    0x080064a6   0x080064a6   0x00000008   Code   RO         4756    i.USB_GetMode       stm32f4xx_ll_usb.o
    0x080064ae   0x080064ae   0x0000000e   Code   RO         4763    i.USB_ReadDevAllInEpInterrupt  stm32f4xx_ll_usb.o
    0x080064bc   0x080064bc   0x0000000e   Code   RO         4764    i.USB_ReadDevAllOutEpInterrupt  stm32f4xx_ll_usb.o
    0x080064ca   0x080064ca   0x00000024   Code   RO         4765    i.USB_ReadDevInEPInterrupt  stm32f4xx_ll_usb.o
    0x080064ee   0x080064ee   0x00000010   Code   RO         4766    i.USB_ReadDevOutEPInterrupt  stm32f4xx_ll_usb.o
    0x080064fe   0x080064fe   0x00000008   Code   RO         4767    i.USB_ReadInterrupts  stm32f4xx_ll_usb.o
    0x08006506   0x08006506   0x0000003e   Code   RO         4768    i.USB_ReadPacket    stm32f4xx_ll_usb.o
    0x08006544   0x08006544   0x0000005c   Code   RO         4770    i.USB_SetCurrentMode  stm32f4xx_ll_usb.o
    0x080065a0   0x080065a0   0x00000022   Code   RO         4771    i.USB_SetDevAddress  stm32f4xx_ll_usb.o
    0x080065c2   0x080065c2   0x00000002   PAD
    0x080065c4   0x080065c4   0x000000e8   Code   RO         4773    i.USB_SetTurnaroundTime  stm32f4xx_ll_usb.o
    0x080066ac   0x080066ac   0x00000028   Code   RO         4776    i.USB_WritePacket   stm32f4xx_ll_usb.o
    0x080066d4   0x080066d4   0x00000002   Code   RO          669    i.UsageFault_Handler  stm32f4xx_it.o
    0x080066d6   0x080066d6   0x00000020   Code   RO         1898    i.__NVIC_SetPriority  stm32f4xx_hal_cortex.o
    0x080066f6   0x080066f6   0x00000002   Code   RO           16    i.assert_failed     main.o
    0x080066f8   0x080066f8   0x00000036   Code   RO           17    i.main              main.o
    0x0800672e   0x0800672e   0x0000001a   Code   RO         6183    i.osDelay           cmsis_os2.o
    0x08006748   0x08006748   0x00000024   Code   RO         6197    i.osKernelInitialize  cmsis_os2.o
    0x0800676c   0x0800676c   0x00000038   Code   RO         6200    i.osKernelStart     cmsis_os2.o
    0x080067a4   0x080067a4   0x0000008a   Code   RO         6242    i.osThreadNew       cmsis_os2.o
    0x0800682e   0x0800682e   0x00000002   PAD
    0x08006830   0x08006830   0x0000005c   Code   RO         5642    i.prvAddCurrentTaskToDelayedList  tasks.o
    0x0800688c   0x0800688c   0x000000d0   Code   RO         5643    i.prvAddNewTaskToReadyList  tasks.o
    0x0800695c   0x0800695c   0x00000058   Code   RO         6007    i.prvCheckForValidListAndQueue  timers.o
    0x080069b4   0x080069b4   0x00000026   Code   RO         5239    i.prvCopyDataFromQueue  queue.o
    0x080069da   0x080069da   0x0000006c   Code   RO         5240    i.prvCopyDataToQueue  queue.o
    0x08006a46   0x08006a46   0x00000034   Code   RO         5644    i.prvDeleteTCB      tasks.o
    0x08006a7a   0x08006a7a   0x00000002   PAD
    0x08006a7c   0x08006a7c   0x0000004c   Code   RO         6694    i.prvHeapInit       heap_4.o
    0x08006ac8   0x08006ac8   0x00000060   Code   RO         5645    i.prvIdleTask       tasks.o
    0x08006b28   0x08006b28   0x00000022   Code   RO         5242    i.prvInitialiseNewQueue  queue.o
    0x08006b4a   0x08006b4a   0x00000002   PAD
    0x08006b4c   0x08006b4c   0x000000b0   Code   RO         5646    i.prvInitialiseNewTask  tasks.o
    0x08006bfc   0x08006bfc   0x0000004c   Code   RO         6695    i.prvInsertBlockIntoFreeList  heap_4.o
    0x08006c48   0x08006c48   0x00000038   Code   RO         6009    i.prvInsertTimerInActiveList  timers.o
    0x08006c80   0x08006c80   0x0000001c   Code   RO         5243    i.prvIsQueueEmpty   queue.o
    0x08006c9c   0x08006c9c   0x000000fc   Code   RO         6010    i.prvProcessReceivedCommands  timers.o
    0x08006d98   0x08006d98   0x000000c0   Code   RO         6011    i.prvProcessTimerOrBlockTask  timers.o
    0x08006e58   0x08006e58   0x00000020   Code   RO         5648    i.prvResetNextTaskUnblockTime  tasks.o
    0x08006e78   0x08006e78   0x00000028   Code   RO         6012    i.prvSampleTimeNow  timers.o
    0x08006ea0   0x08006ea0   0x0000006c   Code   RO         6013    i.prvSwitchTimerLists  timers.o
    0x08006f0c   0x08006f0c   0x00000028   Code   RO         6750    i.prvTaskExitError  port.o
    0x08006f34   0x08006f34   0x00000024   Code   RO         6014    i.prvTimerTask      timers.o
    0x08006f58   0x08006f58   0x0000006a   Code   RO         5244    i.prvUnlockQueue    queue.o
    0x08006fc2   0x08006fc2   0x00000002   PAD
    0x08006fc4   0x08006fc4   0x000000dc   Code   RO         6696    i.pvPortMalloc      heap_4.o
    0x080070a0   0x080070a0   0x0000002c   Code   RO         6751    i.pxPortInitialiseStack  port.o
    0x080070cc   0x080070cc   0x00000026   Code   RO         5199    i.uxListRemove      list.o
    0x080070f2   0x080070f2   0x00000002   PAD
    0x080070f4   0x080070f4   0x00000014   Code   RO         6254    i.vApplicationGetIdleTaskMemory  cmsis_os2.o
    0x08007108   0x08007108   0x00000018   Code   RO         6255    i.vApplicationGetTimerTaskMemory  cmsis_os2.o
    0x08007120   0x08007120   0x00000016   Code   RO         5200    i.vListInitialise   list.o
    0x08007136   0x08007136   0x00000006   Code   RO         5201    i.vListInitialiseItem  list.o
    0x0800713c   0x0800713c   0x00000030   Code   RO         5202    i.vListInsert       list.o
    0x0800716c   0x0800716c   0x00000018   Code   RO         5203    i.vListInsertEnd    list.o
    0x08007184   0x08007184   0x00000040   Code   RO         6753    i.vPortEnterCritical  port.o
    0x080071c4   0x080071c4   0x00000028   Code   RO         6754    i.vPortExitCritical  port.o
    0x080071ec   0x080071ec   0x00000064   Code   RO         6697    i.vPortFree         heap_4.o
    0x08007250   0x08007250   0x00000024   Code   RO         6755    i.vPortSetupTimerInterrupt  port.o
    0x08007274   0x08007274   0x00000054   Code   RO         6756    i.vPortValidateInterruptPriority  port.o
    0x080072c8   0x080072c8   0x00000028   Code   RO         5250    i.vQueueAddToRegistry  queue.o
    0x080072f0   0x080072f0   0x00000044   Code   RO         5254    i.vQueueWaitForMessageRestricted  queue.o
    0x08007334   0x08007334   0x0000004c   Code   RO         5661    i.vTaskDelay        tasks.o
    0x08007380   0x08007380   0x0000008c   Code   RO         5662    i.vTaskDelayUntil   tasks.o
    0x0800740c   0x0800740c   0x00000010   Code   RO         5666    i.vTaskInternalSetTimeOutState  tasks.o
    0x0800741c   0x0800741c   0x0000000c   Code   RO         5667    i.vTaskMissedYield  tasks.o
    0x08007428   0x08007428   0x00000030   Code   RO         5669    i.vTaskPlaceOnEventList  tasks.o
    0x08007458   0x08007458   0x00000038   Code   RO         5670    i.vTaskPlaceOnEventListRestricted  tasks.o
    0x08007490   0x08007490   0x00000088   Code   RO         5678    i.vTaskStartScheduler  tasks.o
    0x08007518   0x08007518   0x00000010   Code   RO         5680    i.vTaskSuspendAll   tasks.o
    0x08007528   0x08007528   0x00000064   Code   RO         5681    i.vTaskSwitchContext  tasks.o
    0x0800758c   0x0800758c   0x000000f4   Code   RO         6757    i.xPortStartScheduler  port.o
    0x08007680   0x08007680   0x0000002c   Code   RO         6758    i.xPortSysTickHandler  port.o
    0x080076ac   0x080076ac   0x00000066   Code   RO         5260    i.xQueueGenericCreateStatic  queue.o
    0x08007712   0x08007712   0x00000002   PAD
    0x08007714   0x08007714   0x00000088   Code   RO         5261    i.xQueueGenericReset  queue.o
    0x0800779c   0x0800779c   0x00000160   Code   RO         5262    i.xQueueGenericSend  queue.o
    0x080078fc   0x080078fc   0x000000be   Code   RO         5263    i.xQueueGenericSendFromISR  queue.o
    0x080079ba   0x080079ba   0x00000002   PAD
    0x080079bc   0x080079bc   0x00000138   Code   RO         5272    i.xQueueReceive     queue.o
    0x08007af4   0x08007af4   0x00000074   Code   RO         5683    i.xTaskCheckForTimeOut  tasks.o
    0x08007b68   0x08007b68   0x0000005a   Code   RO         5684    i.xTaskCreate       tasks.o
    0x08007bc2   0x08007bc2   0x00000056   Code   RO         5685    i.xTaskCreateStatic  tasks.o
    0x08007c18   0x08007c18   0x0000001c   Code   RO         5689    i.xTaskGetSchedulerState  tasks.o
    0x08007c34   0x08007c34   0x0000000c   Code   RO         5690    i.xTaskGetTickCount  tasks.o
    0x08007c40   0x08007c40   0x000000c8   Code   RO         5692    i.xTaskIncrementTick  tasks.o
    0x08007d08   0x08007d08   0x00000080   Code   RO         5695    i.xTaskPriorityDisinherit  tasks.o
    0x08007d88   0x08007d88   0x00000070   Code   RO         5697    i.xTaskRemoveFromEventList  tasks.o
    0x08007df8   0x08007df8   0x000000c4   Code   RO         5698    i.xTaskResumeAll    tasks.o
    0x08007ebc   0x08007ebc   0x00000060   Code   RO         6023    i.xTimerCreateTimerTask  timers.o
    0x08007f1c   0x08007f1c   0x00000068   Code   RO         6024    i.xTimerGenericCommand  timers.o
    0x08007f84   0x08007f84   0x0000000a   Code   RO         8095    x$fpl$fpinit        fz_wm.l(fpinit.o)
    0x08007f8e   0x08007f8e   0x00000002   PAD
    0x08007f90   0x08007f90   0x0000006c   Data   RO          280    .constdata          freertos.o
    0x08007ffc   0x08007ffc   0x00000008   Data   RO         1591    .constdata          stm32f4xx_hal_dma.o
    0x08008004   0x08008004   0x00000010   Data   RO         5035    .constdata          system_stm32f4xx.o
    0x08008014   0x08008014   0x00000008   Data   RO         5036    .constdata          system_stm32f4xx.o
    0x0800801c   0x0800801c   0x00000028   Data   RO          281    .conststring        freertos.o
    0x08008044   0x08008044   0x00000020   Data   RO         8153    Region$$Table       anon$$obj.o


    Execution Region RW_IRAM1 (Exec base: 0x20000000, Load base: 0x08008064, Size: 0x00006470, Max: 0x00010000, ABSOLUTE, COMPRESSED[0x0000027c])

    Exec Addr    Load Addr    Size         Type   Attr      Idx    E Section Name        Object

    0x20000000   COMPRESSED   0x0000001c   Data   RW          282    .data               freertos.o
    0x2000001c   COMPRESSED   0x00000008   Data   RW          430    .data               crc.o
    0x20000024   COMPRESSED   0x0000000c   Data   RW         2042    .data               stm32f4xx_hal.o
    0x20000030   COMPRESSED   0x00000004   Data   RW         5037    .data               system_stm32f4xx.o
    0x20000034   COMPRESSED   0x0000003c   Data   RW         5701    .data               tasks.o
    0x20000070   COMPRESSED   0x00000014   Data   RW         6032    .data               timers.o
    0x20000084   COMPRESSED   0x00000004   Data   RW         6257    .data               cmsis_os2.o
    0x20000088   COMPRESSED   0x00000020   Data   RW         6703    .data               heap_4.o
    0x200000a8   COMPRESSED   0x0000000c   Data   RW         6759    .data               port.o
    0x200000b4   COMPRESSED   0x00000006   Data   RW         6832    .data               keyscan.o
    0x200000ba   COMPRESSED   0x00000002   Data   RW         6873    .data               layout.o
    0x200000bc   COMPRESSED   0x00000038   Data   RW         6874    .data               layout.o
    0x200000f4   COMPRESSED   0x0000001c   Data   RW         6875    .data               layout.o
    0x20000110   COMPRESSED   0x00000014   Data   RW         6876    .data               layout.o
    0x20000124   COMPRESSED   0x0000000a   Data   RW         6877    .data               layout.o
    0x2000012e   COMPRESSED   0x00000046   Data   RW         6878    .data               layout.o
    0x20000174   COMPRESSED   0x00000046   Data   RW         6879    .data               layout.o
    0x200001ba   COMPRESSED   0x00000002   PAD
    0x200001bc   COMPRESSED   0x0000003c   Data   RW         6920    .data               usbd_composite.o
    0x200001f8   COMPRESSED   0x0000000e   Data   RW         6921    .data               usbd_composite.o
    0x20000206   COMPRESSED   0x00000002   PAD
    0x20000208   COMPRESSED   0x0000009e   Data   RW         7045    .data               usbd_hid_custom.o
    0x200002a6   COMPRESSED   0x00000002   PAD
    0x200002a8   COMPRESSED   0x0000003c   Data   RW         7046    .data               usbd_hid_custom.o
    0x200002e4   COMPRESSED   0x00000063   Data   RW         7134    .data               usbd_hid_custom_if.o
    0x20000347   COMPRESSED   0x00000001   PAD
    0x20000348   COMPRESSED   0x00000010   Data   RW         7135    .data               usbd_hid_custom_if.o
    0x20000358   COMPRESSED   0x00000001   Data   RW         7136    .data               usbd_hid_custom_if.o
    0x20000359   COMPRESSED   0x00000001   Data   RW         7320    .data               usbd_ctlreq.o
    0x2000035a   COMPRESSED   0x00000002   PAD
    0x2000035c   COMPRESSED   0x0000001c   Data   RW         7488    .data               usbd_desc.o
    0x20000378   COMPRESSED   0x00000032   Data   RW         7489    .data               usbd_desc.o
    0x200003aa   COMPRESSED   0x00000002   PAD
    0x200003ac   COMPRESSED   0x00000004   Data   RW         7583    .data               usbd_conf.o
    0x200003b0   COMPRESSED   0x000000ab   Data   RW         7774    .data               usbd_cdc_acm.o
    0x2000045b   COMPRESSED   0x00000001   PAD
    0x2000045c   COMPRESSED   0x0000003c   Data   RW         7775    .data               usbd_cdc_acm.o
    0x20000498   COMPRESSED   0x00000014   Data   RW         7877    .data               usbd_cdc_acm_if.o
    0x200004ac   COMPRESSED   0x00000008   Data   RW         7878    .data               usbd_cdc_acm_if.o
    0x200004b4        -       0x00000022   Zero   RW          279    .bss                freertos.o
    0x200004d6   COMPRESSED   0x00000002   PAD
    0x200004d8        -       0x00000048   Zero   RW          388    .bss                adc.o
    0x20000520        -       0x00000054   Zero   RW          496    .bss                i2c.o
    0x20000574        -       0x000000b8   Zero   RW          538    .bss                spi.o
    0x2000062c        -       0x00000044   Zero   RW          580    .bss                usart.o
    0x20000670        -       0x0000050c   Zero   RW          622    .bss                usb_otg.o
    0x20000b7c        -       0x00000048   Zero   RW          764    .bss                stm32f4xx_hal_timebase_tim.o
    0x20000bc4        -       0x00000040   Zero   RW         5276    .bss                queue.o
    0x20000c04        -       0x000004c4   Zero   RW         5700    .bss                tasks.o
    0x200010c8        -       0x00000118   Zero   RW         6031    .bss                timers.o
    0x200011e0        -       0x000006b8   Zero   RW         6256    .bss                cmsis_os2.o
    0x20001898        -       0x00003c00   Zero   RW         6702    .bss                heap_4.o
    0x20005498        -       0x0000008c   Zero   RW         6831    .bss                keyscan.o
    0x20005524        -       0x00000117   Zero   RW         6919    .bss                usbd_composite.o
    0x2000563b   COMPRESSED   0x00000001   PAD
    0x2000563c        -       0x00000018   Zero   RW         7044    .bss                usbd_hid_custom.o
    0x20005654        -       0x0000031c   Zero   RW         7445    .bss                usb_device.o
    0x20005970        -       0x00000200   Zero   RW         7487    .bss                usbd_desc.o
    0x20005b70        -       0x0000021c   Zero   RW         7773    .bss                usbd_cdc_acm.o
    0x20005d8c        -       0x00000080   Zero   RW         7875    .bss                usbd_cdc_acm_if.o
    0x20005e0c        -       0x00000060   Zero   RW         8025    .bss                c_w.l(libspace.o)
    0x20005e6c   COMPRESSED   0x00000004   PAD
    0x20005e70        -       0x00000200   Zero   RW            2    HEAP                startup_stm32f401xc.o
    0x20006070        -       0x00000400   Zero   RW            1    STACK               startup_stm32f401xc.o


==============================================================================

Image component sizes


      Code (inc. data)   RO Data    RW Data    ZI Data      Debug   Object Name

       140         22          0          0         72       1637   adc.o
       326         22          0          4       1720      65347   cmsis_os2.o
        76         18          0          8          0       1591   crc.o
        44          4          0          0          0        806   dma.o
         0          0          0          0          0      19548   event_groups.o
       284         56        148         28         34      13774   freertos.o
       380         22          0          0          0       1143   gpio.o
       472         24          0         32      15360       4967   heap_4.o
       212         32          0          0         84       1793   i2c.o
       528         40          0          6        140       2962   keyscan.o
         0          0          0        256          0        923   layout.o
       138          0          0          0          0       3646   list.o
       232         14          0          0          0     469148   main.o
       786         82          0         12          0      11701   port.o
      1514         20          0          0         64      17648   queue.o
       232         30          0          0        184       1834   spi.o
        64         26        404          0       1536        860   startup_stm32f401xc.o
       116         18          0         12          0       8690   stm32f4xx_hal.o
      1368        206          0          0          0       3131   stm32f4xx_hal_adc.o
       420        196          0          0          0      33394   stm32f4xx_hal_cortex.o
       112         62          0          0          0       1087   stm32f4xx_hal_crc.o
      1276         80          8          0          0       4264   stm32f4xx_hal_dma.o
       984        280          0          0          0       3796   stm32f4xx_hal_gpio.o
       648         88          0          0          0       3227   stm32f4xx_hal_i2c.o
        56          4          0          0          0        898   stm32f4xx_hal_msp.o
      2712         70          0          0          0      13944   stm32f4xx_hal_pcd.o
        78          0          0          0          0       2465   stm32f4xx_hal_pcd_ex.o
      2020        204          0          0          0       6701   stm32f4xx_hal_rcc.o
       596         72          0          0          0       1319   stm32f4xx_hal_spi.o
      1064        200          0          0          0       7466   stm32f4xx_hal_tim.o
         4          0          0          0          0       1645   stm32f4xx_hal_tim_ex.o
       140         22          0          0         72       1471   stm32f4xx_hal_timebase_tim.o
       712        144          0          0          0       2180   stm32f4xx_hal_uart.o
        48         18          0          0          0       4362   stm32f4xx_it.o
      2888        134          0          0          0      24491   stm32f4xx_ll_usb.o
         0          0          0          0          0        400   stream_buffer.o
        16          4         24          4          0       1175   system_stm32f4xx.o
      2224        176          0         60       1220      28486   tasks.o
       972         80          0         20        280      32403   timers.o
       160         20          0          0         68       1774   usart.o
       104         20          0          0        796        986   usb_device.o
       188         14          0          0       1292       1833   usb_otg.o
      1410         96          0        231        540      17100   usbd_cdc_acm.o
       248         28          0         28        128       5382   usbd_cdc_acm_if.o
       852        172          0         74        279      13188   usbd_composite.o
       546         26          0          4          0      18969   usbd_conf.o
       742          0          0          0          0      13385   usbd_core.o
      1262         30          0          1          0      15384   usbd_ctlreq.o
       296        112          0         78        512       7275   usbd_desc.o
       770         62          0        218         24      14139   usbd_hid_custom.o
        76         14          0        116          0       2866   usbd_hid_custom_if.o
       132          0          0          0          0       4832   usbd_ioreq.o

    ----------------------------------------------------------------------
     30716       3064        616       1204      24408     923436   Object Totals
         0          0         32          0          0          0   (incl. Generated)
        48          0          0         12          3          0   (incl. Padding)

    ----------------------------------------------------------------------

      Code (inc. data)   RO Data    RW Data    ZI Data      Debug   Library Member Name

        90          0          0          0          0          0   __dczerorl2.o
         8          0          0          0          0         68   __main.o
       104          0          0          0          0         84   __printf.o
         0          0          0          0          0          0   __rtentry.o
        12          0          0          0          0          0   __rtentry2.o
         6          0          0          0          0          0   __rtentry4.o
        52          8          0          0          0          0   __scatter.o
        28          0          0          0          0          0   __scatter_zi.o
        48          6          0          0          0         96   _printf_char_common.o
         6          0          0          0          0          0   _printf_d.o
       120         16          0          0          0         92   _printf_dec.o
       178          0          0          0          0         88   _printf_intcommon.o
         0          0          0          0          0          0   _printf_percent.o
         4          0          0          0          0          0   _printf_percent_end.o
        16          0          0          0          0         68   _snputc.o
        10          0          0          0          0         68   _sputc.o
        16          0          0          0          0         68   aeabi_memset.o
        18          0          0          0          0         80   exit.o
         6          0          0          0          0        152   heapauxi.o
         0          0          0          0          0          0   indicate_semi.o
         2          0          0          0          0          0   libinit.o
         6          0          0          0          0          0   libinit2.o
         2          0          0          0          0          0   libshutdown.o
         2          0          0          0          0          0   libshutdown2.o
         8          4          0          0         96         68   libspace.o
       238          0          0          0          0        100   lludivv7m.o
        52          4          0          0          0         84   noretval__2snprintf.o
        68          0          0          0          0         68   rt_memclr.o
        78          0          0          0          0         80   rt_memclr_w.o
       138          0          0          0          0         68   rt_memcpy_v6.o
       100          0          0          0          0         80   rt_memcpy_w.o
         2          0          0          0          0          0   rtexit.o
        10          0          0          0          0          0   rtexit2.o
        12          4          0          0          0         68   sys_exit.o
        74          0          0          0          0         80   sys_stackheap_outer.o
         2          0          0          0          0         68   use_no_semi.o
        10          0          0          0          0        116   fpinit.o

    ----------------------------------------------------------------------
      1536         42          0          0        100       1744   Library Totals
        10          0          0          0          4          0   (incl. Padding)

    ----------------------------------------------------------------------

      Code (inc. data)   RO Data    RW Data    ZI Data      Debug   Library Name

      1516         42          0          0         96       1628   c_w.l
        10          0          0          0          0        116   fz_wm.l

    ----------------------------------------------------------------------
      1536         42          0          0        100       1744   Library Totals

    ----------------------------------------------------------------------

==============================================================================


      Code (inc. data)   RO Data    RW Data    ZI Data      Debug   

     32252       3106        616       1204      24508     893448   Grand Totals
     32252       3106        616        636      24508     893448   ELF Image Totals (compressed)
     32252       3106        616        636          0          0   ROM Totals

==============================================================================

    Total RO  Size (Code + RO Data)                32868 (  32.10kB)
    Total RW  Size (RW Data + ZI Data)             25712 (  25.11kB)
    Total ROM Size (Code + RO Data + RW Data)      33504 (  32.72kB)

==============================================================================

