<html>
<body>
<pre>
<h1>µVision Build Log</h1>
<h2>Tool Versions:</h2>
IDE-Version: ¦ÌVision V5.38.0.0
Copyright (C) 2022 ARM Ltd and ARM Germany GmbH. All rights reserved.
License Information: Zeshu Liu, None, LIC=0YK1Y-2FIQW-JBNEE-I1H23-A6NJL-06QC3
 
Tool Versions:
Toolchain:       MDK-ARM Community  Version: 5.38.0.0
Toolchain Path:  E:\Software\keil\ARM\ARMCC\Bin
C Compiler:      Armcc.exe V5.06 update 7 (build 960)
Assembler:       Armasm.exe V5.06 update 7 (build 960)
Linker/Locator:  ArmLink.exe V5.06 update 7 (build 960)
Library Manager: ArmAr.exe V5.06 update 7 (build 960)
Hex Converter:   FromElf.exe V5.06 update 7 (build 960)
CPU DLL:         SARMCM3.DLL V5.38.0.0
Dialog DLL:      DCM.DLL V1.17.5.0
Target DLL:      STLink\ST-LINKIII-KEIL_SWO.dll V3.1.0.0
Dialog DLL:      TCM.DLL V1.56.4.0
 
<h2>Project:</h2>
F:\Develope\Joker60_V3.5\Joker60_V3_5_Code\Composite\MDK-ARM\Composite.uvprojx
Project File Date:  08/28/2023

<h2>Output:</h2>
*** Using Compiler 'V5.06 update 7 (build 960)', folder: 'E:\Software\keil\ARM\ARMCC\Bin'
Build target 'Composite'
assembling startup_stm32f401xc.s...
compiling i2c.c...
compiling crc.c...
compiling usart.c...
compiling spi.c...
compiling usb_otg.c...
compiling main.c...
compiling adc.c...
compiling dma.c...
compiling stm32f4xx_it.c...
compiling freertos.c...
compiling gpio.c...
compiling stm32f4xx_hal_msp.c...
compiling stm32f4xx_ll_adc.c...
compiling stm32f4xx_hal_timebase_tim.c...
compiling stm32f4xx_hal_adc_ex.c...
compiling stm32f4xx_hal_adc.c...
compiling stm32f4xx_hal_rcc.c...
compiling stm32f4xx_hal_rcc_ex.c...
compiling stm32f4xx_hal_flash_ex.c...
compiling stm32f4xx_hal_flash.c...
compiling stm32f4xx_hal_flash_ramfunc.c...
compiling stm32f4xx_hal_pwr.c...
compiling stm32f4xx_hal_gpio.c...
compiling stm32f4xx_hal_dma_ex.c...
compiling stm32f4xx_hal_dma.c...
compiling stm32f4xx_hal_pwr_ex.c...
compiling stm32f4xx_hal_cortex.c...
compiling stm32f4xx_hal.c...
compiling stm32f4xx_hal_crc.c...
compiling stm32f4xx_hal_exti.c...
compiling stm32f4xx_hal_i2c_ex.c...
compiling croutine.c...
compiling event_groups.c...
compiling stm32f4xx_hal_spi.c...
compiling stm32f4xx_hal_pcd.c...
compiling list.c...
compiling stm32f4xx_hal_pcd_ex.c...
compiling stm32f4xx_hal_i2c.c...
compiling stm32f4xx_hal_uart.c...
compiling stm32f4xx_hal_tim_ex.c...
compiling queue.c...
compiling system_stm32f4xx.c...
compiling stm32f4xx_ll_usb.c...
compiling stream_buffer.c...
compiling stm32f4xx_hal_tim.c...
compiling timers.c...
compiling tasks.c...
compiling heap_4.c...
compiling port.c...
compiling cmsis_os2.c...
compiling KeyScan.c...
compiling Layout.c...
compiling usbd_composite.c...
compiling usbd_hid_custom.c...
compiling usbd_hid_custom_if.c...
compiling usbd_core.c...
compiling usbd_ioreq.c...
compiling usbd_ctlreq.c...
compiling usbd_desc.c...
compiling usb_device.c...
compiling usbd_conf.c...
compiling usbd_cdc_acm_if.c...
compiling usbd_cdc_acm.c...
linking...
Program Size: Code=32252 RO-data=616 RW-data=1204 ZI-data=24508  
FromELF: creating hex file...
"Composite\Composite.axf" - 0 Error(s), 0 Warning(s).

<h2>Software Packages used:</h2>

Package Vendor: ARM
                http://www.keil.com/pack/ARM.CMSIS.5.9.0.pack
                ARM.CMSIS.5.9.0
                CMSIS (Common Microcontroller Software Interface Standard)
   * Component: CORE Version: 5.6.0

Package Vendor: Keil
                https://www.keil.com/pack/Keil.STM32F4xx_DFP.2.17.1.pack
                Keil.STM32F4xx_DFP.2.17.1
                STMicroelectronics STM32F4 Series Device Support, Drivers and Examples

<h2>Collection of Component include folders:</h2>
  ./RTE/_Composite
  E:/Software/Keil_Packs/ARM/CMSIS/5.9.0/CMSIS/Core/Include
  E:/Software/Keil_Packs/Keil/STM32F4xx_DFP/2.17.1/Drivers/CMSIS/Device/ST/STM32F4xx/Include

<h2>Collection of Component Files used:</h2>

   * Component: ARM::CMSIS:CORE:5.6.0
      Include file:  CMSIS/Core/Include/tz_context.h
Build Time Elapsed:  00:00:19
</pre>
</body>
</html>
